Archive member included to satisfy reference by file (symbol)

d:/programming/atmel/7.0/toolchain/avr8/avr8-gnu-toolchain/bin/../lib/gcc/avr/5.4.0/avr5\libgcc.a(_exit.o)
                              D:/programming/Atmel/7.0/Packs/atmel/ATmega_DFP/1.7.374/gcc/dev/atmega32/avr5/crtatmega32.o (exit)
d:/programming/atmel/7.0/toolchain/avr8/avr8-gnu-toolchain/bin/../lib/gcc/avr/5.4.0/avr5\libgcc.a(_clear_bss.o)
                              Atmega32_Drivers/HAL/LCD_Driver/LCD_program.o (__do_clear_bss)

Allocating common symbols
Common symbol       size              file

config              0x2               Atmega32_Drivers/HAL/LCD_Driver/LCD_program.o

Discarded input sections

 .data          0x00000000        0x0 D:/programming/Atmel/7.0/Packs/atmel/ATmega_DFP/1.7.374/gcc/dev/atmega32/avr5/crtatmega32.o
 .bss           0x00000000        0x0 D:/programming/Atmel/7.0/Packs/atmel/ATmega_DFP/1.7.374/gcc/dev/atmega32/avr5/crtatmega32.o
 .text          0x00000000        0x0 Atmega32_Drivers/HAL/LCD_Driver/LCD_program.o
 .data          0x00000000        0x0 Atmega32_Drivers/HAL/LCD_Driver/LCD_program.o
 .bss           0x00000000        0x0 Atmega32_Drivers/HAL/LCD_Driver/LCD_program.o
 .text.LCD_Busy_Wait
                0x00000000       0xc0 Atmega32_Drivers/HAL/LCD_Driver/LCD_program.o
 .text.LCD_Send_String
                0x00000000       0x1a Atmega32_Drivers/HAL/LCD_Driver/LCD_program.o
 .text          0x00000000        0x0 Atmega32_Drivers/MCAL/GPIO/Atmega32_GPIO.o
 .data          0x00000000        0x0 Atmega32_Drivers/MCAL/GPIO/Atmega32_GPIO.o
 .bss           0x00000000        0x0 Atmega32_Drivers/MCAL/GPIO/Atmega32_GPIO.o
 .text.MCAL_GPIO_DeInit
                0x00000000        0xa Atmega32_Drivers/MCAL/GPIO/Atmega32_GPIO.o
 .text.MCAL_GPIO_ReadPin
                0x00000000       0x32 Atmega32_Drivers/MCAL/GPIO/Atmega32_GPIO.o
 .text.MCAL_GPIO_ReadPort
                0x00000000        0x6 Atmega32_Drivers/MCAL/GPIO/Atmega32_GPIO.o
 .text.MCAL_GPIO_WritePort
                0x00000000        0x6 Atmega32_Drivers/MCAL/GPIO/Atmega32_GPIO.o
 .text.MCAL_GPIO_TogglePin
                0x00000000       0x18 Atmega32_Drivers/MCAL/GPIO/Atmega32_GPIO.o
 .text          0x00000000        0x0 Atmega32_Drivers/MCAL/UART/Atmega32_UART.o
 .data          0x00000000        0x0 Atmega32_Drivers/MCAL/UART/Atmega32_UART.o
 .bss           0x00000000        0x0 Atmega32_Drivers/MCAL/UART/Atmega32_UART.o
 .text          0x00000000        0x0 main.o
 .data          0x00000000        0x0 main.o
 .bss           0x00000000        0x0 main.o
 .text          0x00000000        0x0 d:/programming/atmel/7.0/toolchain/avr8/avr8-gnu-toolchain/bin/../lib/gcc/avr/5.4.0/avr5\libgcc.a(_exit.o)
 .data          0x00000000        0x0 d:/programming/atmel/7.0/toolchain/avr8/avr8-gnu-toolchain/bin/../lib/gcc/avr/5.4.0/avr5\libgcc.a(_exit.o)
 .bss           0x00000000        0x0 d:/programming/atmel/7.0/toolchain/avr8/avr8-gnu-toolchain/bin/../lib/gcc/avr/5.4.0/avr5\libgcc.a(_exit.o)
 .text.libgcc.mul
                0x00000000        0x0 d:/programming/atmel/7.0/toolchain/avr8/avr8-gnu-toolchain/bin/../lib/gcc/avr/5.4.0/avr5\libgcc.a(_exit.o)
 .text.libgcc.div
                0x00000000        0x0 d:/programming/atmel/7.0/toolchain/avr8/avr8-gnu-toolchain/bin/../lib/gcc/avr/5.4.0/avr5\libgcc.a(_exit.o)
 .text.libgcc   0x00000000        0x0 d:/programming/atmel/7.0/toolchain/avr8/avr8-gnu-toolchain/bin/../lib/gcc/avr/5.4.0/avr5\libgcc.a(_exit.o)
 .text.libgcc.prologue
                0x00000000        0x0 d:/programming/atmel/7.0/toolchain/avr8/avr8-gnu-toolchain/bin/../lib/gcc/avr/5.4.0/avr5\libgcc.a(_exit.o)
 .text.libgcc.builtins
                0x00000000        0x0 d:/programming/atmel/7.0/toolchain/avr8/avr8-gnu-toolchain/bin/../lib/gcc/avr/5.4.0/avr5\libgcc.a(_exit.o)
 .text.libgcc.fmul
                0x00000000        0x0 d:/programming/atmel/7.0/toolchain/avr8/avr8-gnu-toolchain/bin/../lib/gcc/avr/5.4.0/avr5\libgcc.a(_exit.o)
 .text.libgcc.fixed
                0x00000000        0x0 d:/programming/atmel/7.0/toolchain/avr8/avr8-gnu-toolchain/bin/../lib/gcc/avr/5.4.0/avr5\libgcc.a(_exit.o)
 .text          0x00000000        0x0 d:/programming/atmel/7.0/toolchain/avr8/avr8-gnu-toolchain/bin/../lib/gcc/avr/5.4.0/avr5\libgcc.a(_clear_bss.o)
 .data          0x00000000        0x0 d:/programming/atmel/7.0/toolchain/avr8/avr8-gnu-toolchain/bin/../lib/gcc/avr/5.4.0/avr5\libgcc.a(_clear_bss.o)
 .bss           0x00000000        0x0 d:/programming/atmel/7.0/toolchain/avr8/avr8-gnu-toolchain/bin/../lib/gcc/avr/5.4.0/avr5\libgcc.a(_clear_bss.o)
 .text.libgcc.mul
                0x00000000        0x0 d:/programming/atmel/7.0/toolchain/avr8/avr8-gnu-toolchain/bin/../lib/gcc/avr/5.4.0/avr5\libgcc.a(_clear_bss.o)
 .text.libgcc.div
                0x00000000        0x0 d:/programming/atmel/7.0/toolchain/avr8/avr8-gnu-toolchain/bin/../lib/gcc/avr/5.4.0/avr5\libgcc.a(_clear_bss.o)
 .text.libgcc   0x00000000        0x0 d:/programming/atmel/7.0/toolchain/avr8/avr8-gnu-toolchain/bin/../lib/gcc/avr/5.4.0/avr5\libgcc.a(_clear_bss.o)
 .text.libgcc.prologue
                0x00000000        0x0 d:/programming/atmel/7.0/toolchain/avr8/avr8-gnu-toolchain/bin/../lib/gcc/avr/5.4.0/avr5\libgcc.a(_clear_bss.o)
 .text.libgcc.builtins
                0x00000000        0x0 d:/programming/atmel/7.0/toolchain/avr8/avr8-gnu-toolchain/bin/../lib/gcc/avr/5.4.0/avr5\libgcc.a(_clear_bss.o)
 .text.libgcc.fmul
                0x00000000        0x0 d:/programming/atmel/7.0/toolchain/avr8/avr8-gnu-toolchain/bin/../lib/gcc/avr/5.4.0/avr5\libgcc.a(_clear_bss.o)
 .text.libgcc.fixed
                0x00000000        0x0 d:/programming/atmel/7.0/toolchain/avr8/avr8-gnu-toolchain/bin/../lib/gcc/avr/5.4.0/avr5\libgcc.a(_clear_bss.o)

Memory Configuration

Name             Origin             Length             Attributes
text             0x00000000         0x00008000         xr
data             0x00800060         0x00000800         rw !x
eeprom           0x00810000         0x00000400         rw !x
fuse             0x00820000         0x00000002         rw !x
lock             0x00830000         0x00000400         rw !x
signature        0x00840000         0x00000400         rw !x
user_signatures  0x00850000         0x00000400         rw !x
*default*        0x00000000         0xffffffff

Linker script and memory map

LOAD D:/programming/Atmel/7.0/Packs/atmel/ATmega_DFP/1.7.374/gcc/dev/atmega32/avr5/crtatmega32.o
LOAD Atmega32_Drivers/HAL/LCD_Driver/LCD_program.o
LOAD Atmega32_Drivers/MCAL/GPIO/Atmega32_GPIO.o
LOAD Atmega32_Drivers/MCAL/UART/Atmega32_UART.o
LOAD main.o
START GROUP
LOAD d:/programming/atmel/7.0/toolchain/avr8/avr8-gnu-toolchain/bin/../lib/gcc/avr/5.4.0/../../../../avr/lib/avr5\libm.a
END GROUP
START GROUP
LOAD d:/programming/atmel/7.0/toolchain/avr8/avr8-gnu-toolchain/bin/../lib/gcc/avr/5.4.0/avr5\libgcc.a
LOAD d:/programming/atmel/7.0/toolchain/avr8/avr8-gnu-toolchain/bin/../lib/gcc/avr/5.4.0/../../../../avr/lib/avr5\libm.a
LOAD d:/programming/atmel/7.0/toolchain/avr8/avr8-gnu-toolchain/bin/../lib/gcc/avr/5.4.0/../../../../avr/lib/avr5\libc.a
LOAD D:/programming/Atmel/7.0/Packs/atmel/ATmega_DFP/1.7.374/gcc/dev/atmega32/avr5\libatmega32.a
END GROUP
                0x00000000                __TEXT_REGION_ORIGIN__ = DEFINED (__TEXT_REGION_ORIGIN__)?__TEXT_REGION_ORIGIN__:0x0
                [0x00800060]                __DATA_REGION_ORIGIN__ = DEFINED (__DATA_REGION_ORIGIN__)?__DATA_REGION_ORIGIN__:0x800060
                [0x00008000]                __TEXT_REGION_LENGTH__ = DEFINED (__TEXT_REGION_LENGTH__)?__TEXT_REGION_LENGTH__:0x20000
                [0x00000800]                __DATA_REGION_LENGTH__ = DEFINED (__DATA_REGION_LENGTH__)?__DATA_REGION_LENGTH__:0xffa0
                [0x00000400]                __EEPROM_REGION_LENGTH__ = DEFINED (__EEPROM_REGION_LENGTH__)?__EEPROM_REGION_LENGTH__:0x10000
                [0x00000002]                __FUSE_REGION_LENGTH__ = DEFINED (__FUSE_REGION_LENGTH__)?__FUSE_REGION_LENGTH__:0x400
                0x00000400                __LOCK_REGION_LENGTH__ = DEFINED (__LOCK_REGION_LENGTH__)?__LOCK_REGION_LENGTH__:0x400
                0x00000400                __SIGNATURE_REGION_LENGTH__ = DEFINED (__SIGNATURE_REGION_LENGTH__)?__SIGNATURE_REGION_LENGTH__:0x400
                0x00000400                __USER_SIGNATURE_REGION_LENGTH__ = DEFINED (__USER_SIGNATURE_REGION_LENGTH__)?__USER_SIGNATURE_REGION_LENGTH__:0x400

.hash
 *(.hash)

.dynsym
 *(.dynsym)

.dynstr
 *(.dynstr)

.gnu.version
 *(.gnu.version)

.gnu.version_d
 *(.gnu.version_d)

.gnu.version_r
 *(.gnu.version_r)

.rel.init
 *(.rel.init)

.rela.init
 *(.rela.init)

.rel.text
 *(.rel.text)
 *(.rel.text.*)
 *(.rel.gnu.linkonce.t*)

.rela.text
 *(.rela.text)
 *(.rela.text.*)
 *(.rela.gnu.linkonce.t*)

.rel.fini
 *(.rel.fini)

.rela.fini
 *(.rela.fini)

.rel.rodata
 *(.rel.rodata)
 *(.rel.rodata.*)
 *(.rel.gnu.linkonce.r*)

.rela.rodata
 *(.rela.rodata)
 *(.rela.rodata.*)
 *(.rela.gnu.linkonce.r*)

.rel.data
 *(.rel.data)
 *(.rel.data.*)
 *(.rel.gnu.linkonce.d*)

.rela.data
 *(.rela.data)
 *(.rela.data.*)
 *(.rela.gnu.linkonce.d*)

.rel.ctors
 *(.rel.ctors)

.rela.ctors
 *(.rela.ctors)

.rel.dtors
 *(.rel.dtors)

.rela.dtors
 *(.rela.dtors)

.rel.got
 *(.rel.got)

.rela.got
 *(.rela.got)

.rel.bss
 *(.rel.bss)

.rela.bss
 *(.rela.bss)

.rel.plt
 *(.rel.plt)

.rela.plt
 *(.rela.plt)

.text           0x00000000      0x59c
 *(.vectors)
 .vectors       0x00000000       0x54 D:/programming/Atmel/7.0/Packs/atmel/ATmega_DFP/1.7.374/gcc/dev/atmega32/avr5/crtatmega32.o
                0x00000000                __vector_default
                0x00000000                __vectors
 *(.vectors)
 *(.progmem.gcc*)
                0x00000054                . = ALIGN (0x2)
                0x00000054                __trampolines_start = .
 *(.trampolines)
 .trampolines   0x00000054        0x0 linker stubs
 *(.trampolines*)
                0x00000054                __trampolines_end = .
 *libprintf_flt.a:*(.progmem.data)
 *libc.a:*(.progmem.data)
 *(.progmem*)
                0x00000054                . = ALIGN (0x2)
 *(.jumptables)
 *(.jumptables*)
 *(.lowtext)
 *(.lowtext*)
                0x00000054                __ctors_start = .
 *(.ctors)
                0x00000054                __ctors_end = .
                0x00000054                __dtors_start = .
 *(.dtors)
                0x00000054                __dtors_end = .
 SORT(*)(.ctors)
 SORT(*)(.dtors)
 *(.init0)
 .init0         0x00000054        0x0 D:/programming/Atmel/7.0/Packs/atmel/ATmega_DFP/1.7.374/gcc/dev/atmega32/avr5/crtatmega32.o
                0x00000054                __init
 *(.init0)
 *(.init1)
 *(.init1)
 *(.init2)
 .init2         0x00000054        0xc D:/programming/Atmel/7.0/Packs/atmel/ATmega_DFP/1.7.374/gcc/dev/atmega32/avr5/crtatmega32.o
 *(.init2)
 *(.init3)
 *(.init3)
 *(.init4)
 .init4         0x00000060       0x10 d:/programming/atmel/7.0/toolchain/avr8/avr8-gnu-toolchain/bin/../lib/gcc/avr/5.4.0/avr5\libgcc.a(_clear_bss.o)
                0x00000060                __do_clear_bss
 *(.init4)
 *(.init5)
 *(.init5)
 *(.init6)
 *(.init6)
 *(.init7)
 *(.init7)
 *(.init8)
 *(.init8)
 *(.init9)
 .init9         0x00000070        0x8 D:/programming/Atmel/7.0/Packs/atmel/ATmega_DFP/1.7.374/gcc/dev/atmega32/avr5/crtatmega32.o
 *(.init9)
 *(.text)
 .text          0x00000078        0x4 D:/programming/Atmel/7.0/Packs/atmel/ATmega_DFP/1.7.374/gcc/dev/atmega32/avr5/crtatmega32.o
                0x00000078                __vector_1
                0x00000078                __vector_12
                0x00000078                __bad_interrupt
                0x00000078                __vector_6
                0x00000078                __vector_3
                0x00000078                __vector_11
                0x00000078                __vector_13
                0x00000078                __vector_17
                0x00000078                __vector_19
                0x00000078                __vector_7
                0x00000078                __vector_5
                0x00000078                __vector_4
                0x00000078                __vector_9
                0x00000078                __vector_2
                0x00000078                __vector_15
                0x00000078                __vector_8
                0x00000078                __vector_14
                0x00000078                __vector_10
                0x00000078                __vector_16
                0x00000078                __vector_18
                0x00000078                __vector_20
                0x0000007c                . = ALIGN (0x2)
 *(.text.*)
 .text._delay_ms
                0x0000007c       0x34 Atmega32_Drivers/HAL/LCD_Driver/LCD_program.o
                0x0000007c                _delay_ms
 .text.LCD_Enable_Pulse
                0x000000b0       0x20 Atmega32_Drivers/HAL/LCD_Driver/LCD_program.o
                0x000000b0                LCD_Enable_Pulse
 .text.LCD_Send_Command
                0x000000d0      0x100 Atmega32_Drivers/HAL/LCD_Driver/LCD_program.o
                0x000000d0                LCD_Send_Command
 .text.LCD_Init
                0x000001d0       0xd6 Atmega32_Drivers/HAL/LCD_Driver/LCD_program.o
                0x000001d0                LCD_Init
 .text.LCD_Cursor_XY
                0x000002a6       0x20 Atmega32_Drivers/HAL/LCD_Driver/LCD_program.o
                0x000002a6                LCD_Cursor_XY
 .text.LCD_Clear_Screen
                0x000002c6       0x10 Atmega32_Drivers/HAL/LCD_Driver/LCD_program.o
                0x000002c6                LCD_Clear_Screen
 .text.Check_End_Of_Line
                0x000002d6       0x48 Atmega32_Drivers/HAL/LCD_Driver/LCD_program.o
                0x000002d6                Check_End_Of_Line
 .text.LCD_Send_Char
                0x0000031e      0x10e Atmega32_Drivers/HAL/LCD_Driver/LCD_program.o
                0x0000031e                LCD_Send_Char
 .text.MCAL_GPIO_Init
                0x0000042c       0x72 Atmega32_Drivers/MCAL/GPIO/Atmega32_GPIO.o
                0x0000042c                MCAL_GPIO_Init
 .text.MCAL_GPIO_WritePin
                0x0000049e       0x34 Atmega32_Drivers/MCAL/GPIO/Atmega32_GPIO.o
                0x0000049e                MCAL_GPIO_WritePin
 .text.MCAL_USART_Init
                0x000004d2       0x16 Atmega32_Drivers/MCAL/UART/Atmega32_UART.o
                0x000004d2                MCAL_USART_Init
 .text.MCAL_USART_Send_Char
                0x000004e8        0x8 Atmega32_Drivers/MCAL/UART/Atmega32_UART.o
                0x000004e8                MCAL_USART_Send_Char
 .text.MCAL_USART_Get_Char
                0x000004f0        0x8 Atmega32_Drivers/MCAL/UART/Atmega32_UART.o
                0x000004f0                MCAL_USART_Get_Char
 .text.MCAL_USART_Send_String
                0x000004f8       0x1a Atmega32_Drivers/MCAL/UART/Atmega32_UART.o
                0x000004f8                MCAL_USART_Send_String
 .text.MCAL_USART_Get_String
                0x00000512       0x44 Atmega32_Drivers/MCAL/UART/Atmega32_UART.o
                0x00000512                MCAL_USART_Get_String
 .text.main     0x00000556       0x42 main.o
                0x00000556                main
                0x00000598                . = ALIGN (0x2)
 *(.fini9)
 .fini9         0x00000598        0x0 d:/programming/atmel/7.0/toolchain/avr8/avr8-gnu-toolchain/bin/../lib/gcc/avr/5.4.0/avr5\libgcc.a(_exit.o)
                0x00000598                _exit
                0x00000598                exit
 *(.fini9)
 *(.fini8)
 *(.fini8)
 *(.fini7)
 *(.fini7)
 *(.fini6)
 *(.fini6)
 *(.fini5)
 *(.fini5)
 *(.fini4)
 *(.fini4)
 *(.fini3)
 *(.fini3)
 *(.fini2)
 *(.fini2)
 *(.fini1)
 *(.fini1)
 *(.fini0)
 .fini0         0x00000598        0x4 d:/programming/atmel/7.0/toolchain/avr8/avr8-gnu-toolchain/bin/../lib/gcc/avr/5.4.0/avr5\libgcc.a(_exit.o)
 *(.fini0)
                0x0000059c                _etext = .

.data           0x00800060        0x0 load address 0x0000059c
                [!provide]                PROVIDE (__data_start, .)
 *(.data)
 *(.data*)
 *(.gnu.linkonce.d*)
 *(.rodata)
 *(.rodata*)
 *(.gnu.linkonce.r*)
                0x00800060                . = ALIGN (0x2)
                0x00800060                _edata = .
                [!provide]                PROVIDE (__data_end, .)

.bss            0x00800060        0x4
                0x00800060                PROVIDE (__bss_start, .)
 *(.bss)
 *(.bss*)
 .bss.lineCounter
                0x00800060        0x1 Atmega32_Drivers/HAL/LCD_Driver/LCD_program.o
 .bss.charCounter
                0x00800061        0x1 Atmega32_Drivers/HAL/LCD_Driver/LCD_program.o
 *(COMMON)
 COMMON         0x00800062        0x2 Atmega32_Drivers/HAL/LCD_Driver/LCD_program.o
                0x00800062                config
                0x00800064                PROVIDE (__bss_end, .)
                0x0000059c                __data_load_start = LOADADDR (.data)
                0x0000059c                __data_load_end = (__data_load_start + SIZEOF (.data))

.noinit         0x00800064        0x0
                [!provide]                PROVIDE (__noinit_start, .)
 *(.noinit*)
                [!provide]                PROVIDE (__noinit_end, .)
                0x00800064                _end = .
                [!provide]                PROVIDE (__heap_start, .)

.eeprom         0x00810000        0x0
 *(.eeprom*)
                0x00810000                __eeprom_end = .

.fuse
 *(.fuse)
 *(.lfuse)
 *(.hfuse)
 *(.efuse)

.lock
 *(.lock*)

.signature
 *(.signature*)

.user_signatures
 *(.user_signatures*)

.stab
 *(.stab)

.stabstr
 *(.stabstr)

.stab.excl
 *(.stab.excl)

.stab.exclstr
 *(.stab.exclstr)

.stab.index
 *(.stab.index)

.stab.indexstr
 *(.stab.indexstr)

.comment        0x00000000       0x30
 *(.comment)
 .comment       0x00000000       0x30 Atmega32_Drivers/HAL/LCD_Driver/LCD_program.o
                                 0x31 (size before relaxing)
 .comment       0x00000030       0x31 Atmega32_Drivers/MCAL/GPIO/Atmega32_GPIO.o
 .comment       0x00000030       0x31 Atmega32_Drivers/MCAL/UART/Atmega32_UART.o
 .comment       0x00000030       0x31 main.o

.note.gnu.avr.deviceinfo
                0x00000000       0x3c
 .note.gnu.avr.deviceinfo
                0x00000000       0x3c D:/programming/Atmel/7.0/Packs/atmel/ATmega_DFP/1.7.374/gcc/dev/atmega32/avr5/crtatmega32.o

.note.gnu.build-id
 *(.note.gnu.build-id)

.debug
 *(.debug)

.line
 *(.line)

.debug_srcinfo
 *(.debug_srcinfo)

.debug_sfnames
 *(.debug_sfnames)

.debug_aranges  0x00000000      0x118
 *(.debug_aranges)
 .debug_aranges
                0x00000000       0x68 Atmega32_Drivers/HAL/LCD_Driver/LCD_program.o
 .debug_aranges
                0x00000068       0x50 Atmega32_Drivers/MCAL/GPIO/Atmega32_GPIO.o
 .debug_aranges
                0x000000b8       0x40 Atmega32_Drivers/MCAL/UART/Atmega32_UART.o
 .debug_aranges
                0x000000f8       0x20 main.o

.debug_pubnames
 *(.debug_pubnames)

.debug_info     0x00000000     0x14a8
 *(.debug_info .gnu.linkonce.wi.*)
 .debug_info    0x00000000      0x4e6 D:/programming/Atmel/7.0/Packs/atmel/ATmega_DFP/1.7.374/gcc/dev/atmega32/avr5/crtatmega32.o
 .debug_info    0x000004e6      0xa08 Atmega32_Drivers/HAL/LCD_Driver/LCD_program.o
 .debug_info    0x00000eee      0x2aa Atmega32_Drivers/MCAL/GPIO/Atmega32_GPIO.o
 .debug_info    0x00001198      0x168 Atmega32_Drivers/MCAL/UART/Atmega32_UART.o
 .debug_info    0x00001300      0x1a8 main.o

.debug_abbrev   0x00000000      0x8d9
 *(.debug_abbrev)
 .debug_abbrev  0x00000000      0x4a3 D:/programming/Atmel/7.0/Packs/atmel/ATmega_DFP/1.7.374/gcc/dev/atmega32/avr5/crtatmega32.o
 .debug_abbrev  0x000004a3      0x1ab Atmega32_Drivers/HAL/LCD_Driver/LCD_program.o
 .debug_abbrev  0x0000064e       0xe4 Atmega32_Drivers/MCAL/GPIO/Atmega32_GPIO.o
 .debug_abbrev  0x00000732       0xed Atmega32_Drivers/MCAL/UART/Atmega32_UART.o
 .debug_abbrev  0x0000081f       0xba main.o

.debug_line     0x00000000      0x985
 *(.debug_line .debug_line.* .debug_line_end)
 .debug_line    0x00000000      0x116 D:/programming/Atmel/7.0/Packs/atmel/ATmega_DFP/1.7.374/gcc/dev/atmega32/avr5/crtatmega32.o
 .debug_line    0x00000116      0x485 Atmega32_Drivers/HAL/LCD_Driver/LCD_program.o
 .debug_line    0x0000059b      0x196 Atmega32_Drivers/MCAL/GPIO/Atmega32_GPIO.o
 .debug_line    0x00000731      0x150 Atmega32_Drivers/MCAL/UART/Atmega32_UART.o
 .debug_line    0x00000881      0x104 main.o

.debug_frame    0x00000000      0x250
 *(.debug_frame)
 .debug_frame   0x00000000      0x110 Atmega32_Drivers/HAL/LCD_Driver/LCD_program.o
 .debug_frame   0x00000110       0x84 Atmega32_Drivers/MCAL/GPIO/Atmega32_GPIO.o
 .debug_frame   0x00000194       0x84 Atmega32_Drivers/MCAL/UART/Atmega32_UART.o
 .debug_frame   0x00000218       0x38 main.o

.debug_str      0x00000000      0x5d7
 *(.debug_str)
 .debug_str     0x00000000      0x196 D:/programming/Atmel/7.0/Packs/atmel/ATmega_DFP/1.7.374/gcc/dev/atmega32/avr5/crtatmega32.o
 .debug_str     0x00000196      0x2cc Atmega32_Drivers/HAL/LCD_Driver/LCD_program.o
                                0x300 (size before relaxing)
 .debug_str     0x00000462       0xa9 Atmega32_Drivers/MCAL/GPIO/Atmega32_GPIO.o
                                0x29b (size before relaxing)
 .debug_str     0x0000050b       0xb2 Atmega32_Drivers/MCAL/UART/Atmega32_UART.o
                                0x24f (size before relaxing)
 .debug_str     0x000005bd       0x1a main.o
                                0x235 (size before relaxing)

.debug_loc      0x00000000      0x49d
 *(.debug_loc)
 .debug_loc     0x00000000      0x24e Atmega32_Drivers/HAL/LCD_Driver/LCD_program.o
 .debug_loc     0x0000024e       0xb0 Atmega32_Drivers/MCAL/GPIO/Atmega32_GPIO.o
 .debug_loc     0x000002fe      0x157 Atmega32_Drivers/MCAL/UART/Atmega32_UART.o
 .debug_loc     0x00000455       0x48 main.o

.debug_macinfo
 *(.debug_macinfo)

.debug_weaknames
 *(.debug_weaknames)

.debug_funcnames
 *(.debug_funcnames)

.debug_typenames
 *(.debug_typenames)

.debug_varnames
 *(.debug_varnames)

.debug_pubtypes
 *(.debug_pubtypes)

.debug_ranges   0x00000000       0xd8
 *(.debug_ranges)
 .debug_ranges  0x00000000       0x58 Atmega32_Drivers/HAL/LCD_Driver/LCD_program.o
 .debug_ranges  0x00000058       0x40 Atmega32_Drivers/MCAL/GPIO/Atmega32_GPIO.o
 .debug_ranges  0x00000098       0x30 Atmega32_Drivers/MCAL/UART/Atmega32_UART.o
 .debug_ranges  0x000000c8       0x10 main.o

.debug_macro
 *(.debug_macro)
OUTPUT(Atmega32_Drivers.elf elf32-avr)
LOAD linker stubs
