Archive member included to satisfy reference by file (symbol)

d:/programs/stm32cubeide_1.4.0/stm32cubeide/plugins/com.st.stm32cube.ide.mcu.externaltools.gnu-tools-for-stm32.7-2018-q2-update.win32_1.4.0.202007081208/tools/bin/../lib/gcc/arm-none-eabi/7.3.1/../../../../arm-none-eabi/lib/thumb/v7-m\libc_nano.a(lib_a-errno.o)
                              Src/syscalls.o (__errno)
d:/programs/stm32cubeide_1.4.0/stm32cubeide/plugins/com.st.stm32cube.ide.mcu.externaltools.gnu-tools-for-stm32.7-2018-q2-update.win32_1.4.0.202007081208/tools/bin/../lib/gcc/arm-none-eabi/7.3.1/../../../../arm-none-eabi/lib/thumb/v7-m\libc_nano.a(lib_a-exit.o)
                              d:/programs/stm32cubeide_1.4.0/stm32cubeide/plugins/com.st.stm32cube.ide.mcu.externaltools.gnu-tools-for-stm32.7-2018-q2-update.win32_1.4.0.202007081208/tools/bin/../lib/gcc/arm-none-eabi/7.3.1/../../../../arm-none-eabi/lib/thumb/v7-m/crt0.o (exit)
d:/programs/stm32cubeide_1.4.0/stm32cubeide/plugins/com.st.stm32cube.ide.mcu.externaltools.gnu-tools-for-stm32.7-2018-q2-update.win32_1.4.0.202007081208/tools/bin/../lib/gcc/arm-none-eabi/7.3.1/../../../../arm-none-eabi/lib/thumb/v7-m\libc_nano.a(lib_a-impure.o)
                              d:/programs/stm32cubeide_1.4.0/stm32cubeide/plugins/com.st.stm32cube.ide.mcu.externaltools.gnu-tools-for-stm32.7-2018-q2-update.win32_1.4.0.202007081208/tools/bin/../lib/gcc/arm-none-eabi/7.3.1/../../../../arm-none-eabi/lib/thumb/v7-m\libc_nano.a(lib_a-exit.o) (_global_impure_ptr)
d:/programs/stm32cubeide_1.4.0/stm32cubeide/plugins/com.st.stm32cube.ide.mcu.externaltools.gnu-tools-for-stm32.7-2018-q2-update.win32_1.4.0.202007081208/tools/bin/../lib/gcc/arm-none-eabi/7.3.1/../../../../arm-none-eabi/lib/thumb/v7-m\libc_nano.a(lib_a-init.o)
                              d:/programs/stm32cubeide_1.4.0/stm32cubeide/plugins/com.st.stm32cube.ide.mcu.externaltools.gnu-tools-for-stm32.7-2018-q2-update.win32_1.4.0.202007081208/tools/bin/../lib/gcc/arm-none-eabi/7.3.1/../../../../arm-none-eabi/lib/thumb/v7-m/crt0.o (__libc_init_array)
d:/programs/stm32cubeide_1.4.0/stm32cubeide/plugins/com.st.stm32cube.ide.mcu.externaltools.gnu-tools-for-stm32.7-2018-q2-update.win32_1.4.0.202007081208/tools/bin/../lib/gcc/arm-none-eabi/7.3.1/../../../../arm-none-eabi/lib/thumb/v7-m\libc_nano.a(lib_a-memset.o)
                              d:/programs/stm32cubeide_1.4.0/stm32cubeide/plugins/com.st.stm32cube.ide.mcu.externaltools.gnu-tools-for-stm32.7-2018-q2-update.win32_1.4.0.202007081208/tools/bin/../lib/gcc/arm-none-eabi/7.3.1/../../../../arm-none-eabi/lib/thumb/v7-m/crt0.o (memset)

Allocating common symbols
Common symbol       size              file

GP_callback_func    0x40              STM32F103x6_Drivers/MCAL/EXTI/stm32f103x6_EXTI.o
config              0x4               STM32F103x6_Drivers/HAL/Keypad_Driver/Keypad_program.o

Discarded input sections

 .text          0x0000000000000000        0x0 d:/programs/stm32cubeide_1.4.0/stm32cubeide/plugins/com.st.stm32cube.ide.mcu.externaltools.gnu-tools-for-stm32.7-2018-q2-update.win32_1.4.0.202007081208/tools/bin/../lib/gcc/arm-none-eabi/7.3.1/thumb/v7-m/crti.o
 .data          0x0000000000000000        0x0 d:/programs/stm32cubeide_1.4.0/stm32cubeide/plugins/com.st.stm32cube.ide.mcu.externaltools.gnu-tools-for-stm32.7-2018-q2-update.win32_1.4.0.202007081208/tools/bin/../lib/gcc/arm-none-eabi/7.3.1/thumb/v7-m/crti.o
 .bss           0x0000000000000000        0x0 d:/programs/stm32cubeide_1.4.0/stm32cubeide/plugins/com.st.stm32cube.ide.mcu.externaltools.gnu-tools-for-stm32.7-2018-q2-update.win32_1.4.0.202007081208/tools/bin/../lib/gcc/arm-none-eabi/7.3.1/thumb/v7-m/crti.o
 .data          0x0000000000000000        0x4 d:/programs/stm32cubeide_1.4.0/stm32cubeide/plugins/com.st.stm32cube.ide.mcu.externaltools.gnu-tools-for-stm32.7-2018-q2-update.win32_1.4.0.202007081208/tools/bin/../lib/gcc/arm-none-eabi/7.3.1/thumb/v7-m/crtbegin.o
 .text          0x0000000000000000       0x74 d:/programs/stm32cubeide_1.4.0/stm32cubeide/plugins/com.st.stm32cube.ide.mcu.externaltools.gnu-tools-for-stm32.7-2018-q2-update.win32_1.4.0.202007081208/tools/bin/../lib/gcc/arm-none-eabi/7.3.1/../../../../arm-none-eabi/lib/thumb/v7-m/crt0.o
 .data          0x0000000000000000        0x0 d:/programs/stm32cubeide_1.4.0/stm32cubeide/plugins/com.st.stm32cube.ide.mcu.externaltools.gnu-tools-for-stm32.7-2018-q2-update.win32_1.4.0.202007081208/tools/bin/../lib/gcc/arm-none-eabi/7.3.1/../../../../arm-none-eabi/lib/thumb/v7-m/crt0.o
 .bss           0x0000000000000000        0x0 d:/programs/stm32cubeide_1.4.0/stm32cubeide/plugins/com.st.stm32cube.ide.mcu.externaltools.gnu-tools-for-stm32.7-2018-q2-update.win32_1.4.0.202007081208/tools/bin/../lib/gcc/arm-none-eabi/7.3.1/../../../../arm-none-eabi/lib/thumb/v7-m/crt0.o
 .ARM.extab     0x0000000000000000        0x0 d:/programs/stm32cubeide_1.4.0/stm32cubeide/plugins/com.st.stm32cube.ide.mcu.externaltools.gnu-tools-for-stm32.7-2018-q2-update.win32_1.4.0.202007081208/tools/bin/../lib/gcc/arm-none-eabi/7.3.1/../../../../arm-none-eabi/lib/thumb/v7-m/crt0.o
 .ARM.exidx     0x0000000000000000        0x8 d:/programs/stm32cubeide_1.4.0/stm32cubeide/plugins/com.st.stm32cube.ide.mcu.externaltools.gnu-tools-for-stm32.7-2018-q2-update.win32_1.4.0.202007081208/tools/bin/../lib/gcc/arm-none-eabi/7.3.1/../../../../arm-none-eabi/lib/thumb/v7-m/crt0.o
 .ARM.attributes
                0x0000000000000000       0x1b d:/programs/stm32cubeide_1.4.0/stm32cubeide/plugins/com.st.stm32cube.ide.mcu.externaltools.gnu-tools-for-stm32.7-2018-q2-update.win32_1.4.0.202007081208/tools/bin/../lib/gcc/arm-none-eabi/7.3.1/../../../../arm-none-eabi/lib/thumb/v7-m/crt0.o
 .group         0x0000000000000000        0xc STM32F103x6_Drivers/HAL/Keypad_Driver/Keypad_program.o
 .group         0x0000000000000000        0xc STM32F103x6_Drivers/HAL/Keypad_Driver/Keypad_program.o
 .group         0x0000000000000000        0xc STM32F103x6_Drivers/HAL/Keypad_Driver/Keypad_program.o
 .group         0x0000000000000000        0xc STM32F103x6_Drivers/HAL/Keypad_Driver/Keypad_program.o
 .group         0x0000000000000000        0xc STM32F103x6_Drivers/HAL/Keypad_Driver/Keypad_program.o
 .group         0x0000000000000000        0xc STM32F103x6_Drivers/HAL/Keypad_Driver/Keypad_program.o
 .text          0x0000000000000000        0x0 STM32F103x6_Drivers/HAL/Keypad_Driver/Keypad_program.o
 .data          0x0000000000000000        0x0 STM32F103x6_Drivers/HAL/Keypad_Driver/Keypad_program.o
 .bss           0x0000000000000000        0x0 STM32F103x6_Drivers/HAL/Keypad_Driver/Keypad_program.o
 .data.keypad_chars
                0x0000000000000000       0x10 STM32F103x6_Drivers/HAL/Keypad_Driver/Keypad_program.o
 .data.KeypadRowPins
                0x0000000000000000        0x4 STM32F103x6_Drivers/HAL/Keypad_Driver/Keypad_program.o
 .data.KeypadColPins
                0x0000000000000000        0x4 STM32F103x6_Drivers/HAL/Keypad_Driver/Keypad_program.o
 .text.Keypad_Init
                0x0000000000000000       0xb0 STM32F103x6_Drivers/HAL/Keypad_Driver/Keypad_program.o
 .text.Keypad_Get_Char
                0x0000000000000000       0xbc STM32F103x6_Drivers/HAL/Keypad_Driver/Keypad_program.o
 .group         0x0000000000000000        0xc STM32F103x6_Drivers/HAL/LCD_Driver/LCD_program.o
 .group         0x0000000000000000        0xc STM32F103x6_Drivers/HAL/LCD_Driver/LCD_program.o
 .group         0x0000000000000000        0xc STM32F103x6_Drivers/HAL/LCD_Driver/LCD_program.o
 .group         0x0000000000000000        0xc STM32F103x6_Drivers/HAL/LCD_Driver/LCD_program.o
 .group         0x0000000000000000        0xc STM32F103x6_Drivers/HAL/LCD_Driver/LCD_program.o
 .group         0x0000000000000000        0xc STM32F103x6_Drivers/HAL/LCD_Driver/LCD_program.o
 .text          0x0000000000000000        0x0 STM32F103x6_Drivers/HAL/LCD_Driver/LCD_program.o
 .data          0x0000000000000000        0x0 STM32F103x6_Drivers/HAL/LCD_Driver/LCD_program.o
 .bss           0x0000000000000000        0x0 STM32F103x6_Drivers/HAL/LCD_Driver/LCD_program.o
 .text.LCD_Busy_Wait
                0x0000000000000000      0x168 STM32F103x6_Drivers/HAL/LCD_Driver/LCD_program.o
 .debug_macro   0x0000000000000000      0xa60 STM32F103x6_Drivers/HAL/LCD_Driver/LCD_program.o
 .debug_macro   0x0000000000000000       0x2e STM32F103x6_Drivers/HAL/LCD_Driver/LCD_program.o
 .debug_macro   0x0000000000000000       0x1c STM32F103x6_Drivers/HAL/LCD_Driver/LCD_program.o
 .debug_macro   0x0000000000000000      0x1d5 STM32F103x6_Drivers/HAL/LCD_Driver/LCD_program.o
 .debug_macro   0x0000000000000000       0xe8 STM32F103x6_Drivers/HAL/LCD_Driver/LCD_program.o
 .group         0x0000000000000000        0xc STM32F103x6_Drivers/MCAL/AFIO/stm32f103x6_AFIO.o
 .group         0x0000000000000000        0xc STM32F103x6_Drivers/MCAL/AFIO/stm32f103x6_AFIO.o
 .group         0x0000000000000000        0xc STM32F103x6_Drivers/MCAL/AFIO/stm32f103x6_AFIO.o
 .group         0x0000000000000000        0xc STM32F103x6_Drivers/MCAL/AFIO/stm32f103x6_AFIO.o
 .group         0x0000000000000000        0xc STM32F103x6_Drivers/MCAL/AFIO/stm32f103x6_AFIO.o
 .text          0x0000000000000000        0x0 STM32F103x6_Drivers/MCAL/AFIO/stm32f103x6_AFIO.o
 .data          0x0000000000000000        0x0 STM32F103x6_Drivers/MCAL/AFIO/stm32f103x6_AFIO.o
 .bss           0x0000000000000000        0x0 STM32F103x6_Drivers/MCAL/AFIO/stm32f103x6_AFIO.o
 .debug_macro   0x0000000000000000      0xa60 STM32F103x6_Drivers/MCAL/AFIO/stm32f103x6_AFIO.o
 .debug_macro   0x0000000000000000       0x2e STM32F103x6_Drivers/MCAL/AFIO/stm32f103x6_AFIO.o
 .debug_macro   0x0000000000000000       0x1c STM32F103x6_Drivers/MCAL/AFIO/stm32f103x6_AFIO.o
 .debug_macro   0x0000000000000000      0x1d5 STM32F103x6_Drivers/MCAL/AFIO/stm32f103x6_AFIO.o
 .group         0x0000000000000000        0xc STM32F103x6_Drivers/MCAL/EXTI/stm32f103x6_EXTI.o
 .group         0x0000000000000000        0xc STM32F103x6_Drivers/MCAL/EXTI/stm32f103x6_EXTI.o
 .group         0x0000000000000000        0xc STM32F103x6_Drivers/MCAL/EXTI/stm32f103x6_EXTI.o
 .group         0x0000000000000000        0xc STM32F103x6_Drivers/MCAL/EXTI/stm32f103x6_EXTI.o
 .group         0x0000000000000000        0xc STM32F103x6_Drivers/MCAL/EXTI/stm32f103x6_EXTI.o
 .group         0x0000000000000000        0xc STM32F103x6_Drivers/MCAL/EXTI/stm32f103x6_EXTI.o
 .group         0x0000000000000000        0xc STM32F103x6_Drivers/MCAL/EXTI/stm32f103x6_EXTI.o
 .group         0x0000000000000000        0xc STM32F103x6_Drivers/MCAL/EXTI/stm32f103x6_EXTI.o
 .text          0x0000000000000000        0x0 STM32F103x6_Drivers/MCAL/EXTI/stm32f103x6_EXTI.o
 .data          0x0000000000000000        0x0 STM32F103x6_Drivers/MCAL/EXTI/stm32f103x6_EXTI.o
 .bss           0x0000000000000000        0x0 STM32F103x6_Drivers/MCAL/EXTI/stm32f103x6_EXTI.o
 .text.MCAL_EXTI_Update_Config
                0x0000000000000000       0x16 STM32F103x6_Drivers/MCAL/EXTI/stm32f103x6_EXTI.o
 .text.MCAL_EXTI_Disable
                0x0000000000000000       0x3c STM32F103x6_Drivers/MCAL/EXTI/stm32f103x6_EXTI.o
 .text.MCAL_EXTI_Reset
                0x0000000000000000       0x5c STM32F103x6_Drivers/MCAL/EXTI/stm32f103x6_EXTI.o
 .debug_macro   0x0000000000000000      0xa60 STM32F103x6_Drivers/MCAL/EXTI/stm32f103x6_EXTI.o
 .debug_macro   0x0000000000000000       0x2e STM32F103x6_Drivers/MCAL/EXTI/stm32f103x6_EXTI.o
 .debug_macro   0x0000000000000000       0x1c STM32F103x6_Drivers/MCAL/EXTI/stm32f103x6_EXTI.o
 .debug_macro   0x0000000000000000      0x1d5 STM32F103x6_Drivers/MCAL/EXTI/stm32f103x6_EXTI.o
 .debug_macro   0x0000000000000000       0xe8 STM32F103x6_Drivers/MCAL/EXTI/stm32f103x6_EXTI.o
 .group         0x0000000000000000        0xc STM32F103x6_Drivers/MCAL/GPIO/stm32f103x6_GPIO.o
 .group         0x0000000000000000        0xc STM32F103x6_Drivers/MCAL/GPIO/stm32f103x6_GPIO.o
 .group         0x0000000000000000        0xc STM32F103x6_Drivers/MCAL/GPIO/stm32f103x6_GPIO.o
 .group         0x0000000000000000        0xc STM32F103x6_Drivers/MCAL/GPIO/stm32f103x6_GPIO.o
 .group         0x0000000000000000        0xc STM32F103x6_Drivers/MCAL/GPIO/stm32f103x6_GPIO.o
 .text          0x0000000000000000        0x0 STM32F103x6_Drivers/MCAL/GPIO/stm32f103x6_GPIO.o
 .data          0x0000000000000000        0x0 STM32F103x6_Drivers/MCAL/GPIO/stm32f103x6_GPIO.o
 .bss           0x0000000000000000        0x0 STM32F103x6_Drivers/MCAL/GPIO/stm32f103x6_GPIO.o
 .text.MCAL_GPIO_DeInit
                0x0000000000000000       0xd4 STM32F103x6_Drivers/MCAL/GPIO/stm32f103x6_GPIO.o
 .text.MCAL_GPIO_ReadPin
                0x0000000000000000       0x38 STM32F103x6_Drivers/MCAL/GPIO/stm32f103x6_GPIO.o
 .text.MCAL_GPIO_ReadPort
                0x0000000000000000       0x1a STM32F103x6_Drivers/MCAL/GPIO/stm32f103x6_GPIO.o
 .text.MCAL_GPIO_WritePort
                0x0000000000000000       0x1c STM32F103x6_Drivers/MCAL/GPIO/stm32f103x6_GPIO.o
 .text.MCAL_GPIO_WriteByte
                0x0000000000000000       0x38 STM32F103x6_Drivers/MCAL/GPIO/stm32f103x6_GPIO.o
 .text.MCAL_GPIO_TogglePin
                0x0000000000000000       0x28 STM32F103x6_Drivers/MCAL/GPIO/stm32f103x6_GPIO.o
 .text.MCAL_GPIO_LockPin_Config
                0x0000000000000000       0x6a STM32F103x6_Drivers/MCAL/GPIO/stm32f103x6_GPIO.o
 .debug_macro   0x0000000000000000      0xa60 STM32F103x6_Drivers/MCAL/GPIO/stm32f103x6_GPIO.o
 .debug_macro   0x0000000000000000       0x2e STM32F103x6_Drivers/MCAL/GPIO/stm32f103x6_GPIO.o
 .debug_macro   0x0000000000000000       0x1c STM32F103x6_Drivers/MCAL/GPIO/stm32f103x6_GPIO.o
 .debug_macro   0x0000000000000000      0x1d5 STM32F103x6_Drivers/MCAL/GPIO/stm32f103x6_GPIO.o
 .group         0x0000000000000000        0xc STM32F103x6_Drivers/MCAL/NVIC/stm32f103x6_NVIC.o
 .group         0x0000000000000000        0xc STM32F103x6_Drivers/MCAL/NVIC/stm32f103x6_NVIC.o
 .group         0x0000000000000000        0xc STM32F103x6_Drivers/MCAL/NVIC/stm32f103x6_NVIC.o
 .group         0x0000000000000000        0xc STM32F103x6_Drivers/MCAL/NVIC/stm32f103x6_NVIC.o
 .group         0x0000000000000000        0xc STM32F103x6_Drivers/MCAL/NVIC/stm32f103x6_NVIC.o
 .text          0x0000000000000000        0x0 STM32F103x6_Drivers/MCAL/NVIC/stm32f103x6_NVIC.o
 .data          0x0000000000000000        0x0 STM32F103x6_Drivers/MCAL/NVIC/stm32f103x6_NVIC.o
 .bss           0x0000000000000000        0x0 STM32F103x6_Drivers/MCAL/NVIC/stm32f103x6_NVIC.o
 .text.MCAL_NVIC_GetPendingIRQ
                0x0000000000000000       0x42 STM32F103x6_Drivers/MCAL/NVIC/stm32f103x6_NVIC.o
 .text.MCAL_NVIC_SetPendingIRQ
                0x0000000000000000       0x46 STM32F103x6_Drivers/MCAL/NVIC/stm32f103x6_NVIC.o
 .text.MCAL_NVIC_ClearPendingIRQ
                0x0000000000000000       0x38 STM32F103x6_Drivers/MCAL/NVIC/stm32f103x6_NVIC.o
 .text.MCAL_NVIC_GetActive
                0x0000000000000000       0x42 STM32F103x6_Drivers/MCAL/NVIC/stm32f103x6_NVIC.o
 .text.MCAL_NVIC_GetPriority
                0x0000000000000000       0x4c STM32F103x6_Drivers/MCAL/NVIC/stm32f103x6_NVIC.o
 .debug_macro   0x0000000000000000      0xa60 STM32F103x6_Drivers/MCAL/NVIC/stm32f103x6_NVIC.o
 .debug_macro   0x0000000000000000       0x2e STM32F103x6_Drivers/MCAL/NVIC/stm32f103x6_NVIC.o
 .debug_macro   0x0000000000000000       0x1c STM32F103x6_Drivers/MCAL/NVIC/stm32f103x6_NVIC.o
 .debug_macro   0x0000000000000000      0x1d5 STM32F103x6_Drivers/MCAL/NVIC/stm32f103x6_NVIC.o
 .group         0x0000000000000000        0xc Src/main.o
 .group         0x0000000000000000        0xc Src/main.o
 .group         0x0000000000000000        0xc Src/main.o
 .group         0x0000000000000000        0xc Src/main.o
 .group         0x0000000000000000        0xc Src/main.o
 .group         0x0000000000000000        0xc Src/main.o
 .group         0x0000000000000000        0xc Src/main.o
 .group         0x0000000000000000        0xc Src/main.o
 .group         0x0000000000000000        0xc Src/main.o
 .group         0x0000000000000000        0xc Src/main.o
 .text          0x0000000000000000        0x0 Src/main.o
 .data          0x0000000000000000        0x0 Src/main.o
 .bss           0x0000000000000000        0x0 Src/main.o
 .debug_macro   0x0000000000000000      0xa60 Src/main.o
 .debug_macro   0x0000000000000000       0x2e Src/main.o
 .debug_macro   0x0000000000000000       0x1c Src/main.o
 .debug_macro   0x0000000000000000      0x1d5 Src/main.o
 .debug_macro   0x0000000000000000       0xe8 Src/main.o
 .debug_macro   0x0000000000000000       0x88 Src/main.o
 .debug_macro   0x0000000000000000      0x1d2 Src/main.o
 .group         0x0000000000000000        0xc Src/syscalls.o
 .group         0x0000000000000000        0xc Src/syscalls.o
 .group         0x0000000000000000        0xc Src/syscalls.o
 .group         0x0000000000000000        0xc Src/syscalls.o
 .group         0x0000000000000000        0xc Src/syscalls.o
 .group         0x0000000000000000        0xc Src/syscalls.o
 .group         0x0000000000000000        0xc Src/syscalls.o
 .group         0x0000000000000000        0xc Src/syscalls.o
 .group         0x0000000000000000        0xc Src/syscalls.o
 .group         0x0000000000000000        0xc Src/syscalls.o
 .group         0x0000000000000000        0xc Src/syscalls.o
 .group         0x0000000000000000        0xc Src/syscalls.o
 .group         0x0000000000000000        0xc Src/syscalls.o
 .group         0x0000000000000000        0xc Src/syscalls.o
 .group         0x0000000000000000        0xc Src/syscalls.o
 .group         0x0000000000000000        0xc Src/syscalls.o
 .group         0x0000000000000000        0xc Src/syscalls.o
 .group         0x0000000000000000        0xc Src/syscalls.o
 .group         0x0000000000000000        0xc Src/syscalls.o
 .group         0x0000000000000000        0xc Src/syscalls.o
 .group         0x0000000000000000        0xc Src/syscalls.o
 .group         0x0000000000000000        0xc Src/syscalls.o
 .group         0x0000000000000000        0xc Src/syscalls.o
 .group         0x0000000000000000        0xc Src/syscalls.o
 .group         0x0000000000000000        0xc Src/syscalls.o
 .group         0x0000000000000000        0xc Src/syscalls.o
 .group         0x0000000000000000        0xc Src/syscalls.o
 .group         0x0000000000000000        0xc Src/syscalls.o
 .group         0x0000000000000000        0xc Src/syscalls.o
 .group         0x0000000000000000        0xc Src/syscalls.o
 .group         0x0000000000000000        0xc Src/syscalls.o
 .group         0x0000000000000000        0xc Src/syscalls.o
 .group         0x0000000000000000        0xc Src/syscalls.o
 .group         0x0000000000000000        0xc Src/syscalls.o
 .group         0x0000000000000000        0xc Src/syscalls.o
 .group         0x0000000000000000        0xc Src/syscalls.o
 .group         0x0000000000000000        0xc Src/syscalls.o
 .group         0x0000000000000000        0xc Src/syscalls.o
 .group         0x0000000000000000        0xc Src/syscalls.o
 .group         0x0000000000000000        0xc Src/syscalls.o
 .group         0x0000000000000000        0xc Src/syscalls.o
 .group         0x0000000000000000        0xc Src/syscalls.o
 .group         0x0000000000000000        0xc Src/syscalls.o
 .group         0x0000000000000000        0xc Src/syscalls.o
 .text          0x0000000000000000        0x0 Src/syscalls.o
 .data          0x0000000000000000        0x0 Src/syscalls.o
 .bss           0x0000000000000000        0x0 Src/syscalls.o
 .bss.__env     0x0000000000000000        0x4 Src/syscalls.o
 .data.environ  0x0000000000000000        0x4 Src/syscalls.o
 .text.initialise_monitor_handles
                0x0000000000000000        0xc Src/syscalls.o
 .text._getpid  0x0000000000000000        0xe Src/syscalls.o
 .text._kill    0x0000000000000000       0x20 Src/syscalls.o
 .text._exit    0x0000000000000000       0x14 Src/syscalls.o
 .text._read    0x0000000000000000       0x3a Src/syscalls.o
 .text._write   0x0000000000000000       0x38 Src/syscalls.o
 .text._close   0x0000000000000000       0x16 Src/syscalls.o
 .text._fstat   0x0000000000000000       0x1e Src/syscalls.o
 .text._isatty  0x0000000000000000       0x14 Src/syscalls.o
 .text._lseek   0x0000000000000000       0x18 Src/syscalls.o
 .text._open    0x0000000000000000       0x1a Src/syscalls.o
 .text._wait    0x0000000000000000       0x1e Src/syscalls.o
 .text._unlink  0x0000000000000000       0x1e Src/syscalls.o
 .text._times   0x0000000000000000       0x16 Src/syscalls.o
 .text._stat    0x0000000000000000       0x1e Src/syscalls.o
 .text._link    0x0000000000000000       0x20 Src/syscalls.o
 .text._fork    0x0000000000000000       0x16 Src/syscalls.o
 .text._execve  0x0000000000000000       0x22 Src/syscalls.o
 .debug_info    0x0000000000000000     0x1038 Src/syscalls.o
 .debug_abbrev  0x0000000000000000      0x254 Src/syscalls.o
 .debug_loc     0x0000000000000000      0x5b8 Src/syscalls.o
 .debug_aranges
                0x0000000000000000       0xa8 Src/syscalls.o
 .debug_ranges  0x0000000000000000       0x98 Src/syscalls.o
 .debug_macro   0x0000000000000000      0x243 Src/syscalls.o
 .debug_macro   0x0000000000000000      0xa60 Src/syscalls.o
 .debug_macro   0x0000000000000000       0x22 Src/syscalls.o
 .debug_macro   0x0000000000000000       0x40 Src/syscalls.o
 .debug_macro   0x0000000000000000       0x18 Src/syscalls.o
 .debug_macro   0x0000000000000000       0x94 Src/syscalls.o
 .debug_macro   0x0000000000000000       0x3c Src/syscalls.o
 .debug_macro   0x0000000000000000       0x34 Src/syscalls.o
 .debug_macro   0x0000000000000000       0x57 Src/syscalls.o
 .debug_macro   0x0000000000000000      0x174 Src/syscalls.o
 .debug_macro   0x0000000000000000      0x330 Src/syscalls.o
 .debug_macro   0x0000000000000000       0x52 Src/syscalls.o
 .debug_macro   0x0000000000000000       0x1f Src/syscalls.o
 .debug_macro   0x0000000000000000       0x43 Src/syscalls.o
 .debug_macro   0x0000000000000000       0x20 Src/syscalls.o
 .debug_macro   0x0000000000000000      0x1a3 Src/syscalls.o
 .debug_macro   0x0000000000000000       0x10 Src/syscalls.o
 .debug_macro   0x0000000000000000       0x35 Src/syscalls.o
 .debug_macro   0x0000000000000000       0x10 Src/syscalls.o
 .debug_macro   0x0000000000000000       0x10 Src/syscalls.o
 .debug_macro   0x0000000000000000       0x10 Src/syscalls.o
 .debug_macro   0x0000000000000000       0x6a Src/syscalls.o
 .debug_macro   0x0000000000000000       0x1c Src/syscalls.o
 .debug_macro   0x0000000000000000       0x52 Src/syscalls.o
 .debug_macro   0x0000000000000000       0x40 Src/syscalls.o
 .debug_macro   0x0000000000000000       0x10 Src/syscalls.o
 .debug_macro   0x0000000000000000       0x40 Src/syscalls.o
 .debug_macro   0x0000000000000000       0xd7 Src/syscalls.o
 .debug_macro   0x0000000000000000       0x1c Src/syscalls.o
 .debug_macro   0x0000000000000000       0x3d Src/syscalls.o
 .debug_macro   0x0000000000000000       0x35 Src/syscalls.o
 .debug_macro   0x0000000000000000      0x122 Src/syscalls.o
 .debug_macro   0x0000000000000000       0x16 Src/syscalls.o
 .debug_macro   0x0000000000000000       0x16 Src/syscalls.o
 .debug_macro   0x0000000000000000       0x29 Src/syscalls.o
 .debug_macro   0x0000000000000000       0x10 Src/syscalls.o
 .debug_macro   0x0000000000000000      0x241 Src/syscalls.o
 .debug_macro   0x0000000000000000       0x1c Src/syscalls.o
 .debug_macro   0x0000000000000000       0x10 Src/syscalls.o
 .debug_macro   0x0000000000000000       0x10 Src/syscalls.o
 .debug_macro   0x0000000000000000       0x16 Src/syscalls.o
 .debug_macro   0x0000000000000000      0x145 Src/syscalls.o
 .debug_macro   0x0000000000000000      0x189 Src/syscalls.o
 .debug_macro   0x0000000000000000       0x16 Src/syscalls.o
 .debug_macro   0x0000000000000000       0x88 Src/syscalls.o
 .debug_line    0x0000000000000000      0x757 Src/syscalls.o
 .debug_str     0x0000000000000000     0x887e Src/syscalls.o
 .comment       0x0000000000000000       0x7c Src/syscalls.o
 .debug_frame   0x0000000000000000      0x2ac Src/syscalls.o
 .ARM.attributes
                0x0000000000000000       0x33 Src/syscalls.o
 .group         0x0000000000000000        0xc Src/sysmem.o
 .group         0x0000000000000000        0xc Src/sysmem.o
 .group         0x0000000000000000        0xc Src/sysmem.o
 .group         0x0000000000000000        0xc Src/sysmem.o
 .group         0x0000000000000000        0xc Src/sysmem.o
 .group         0x0000000000000000        0xc Src/sysmem.o
 .group         0x0000000000000000        0xc Src/sysmem.o
 .group         0x0000000000000000        0xc Src/sysmem.o
 .group         0x0000000000000000        0xc Src/sysmem.o
 .group         0x0000000000000000        0xc Src/sysmem.o
 .group         0x0000000000000000        0xc Src/sysmem.o
 .group         0x0000000000000000        0xc Src/sysmem.o
 .group         0x0000000000000000        0xc Src/sysmem.o
 .group         0x0000000000000000        0xc Src/sysmem.o
 .group         0x0000000000000000        0xc Src/sysmem.o
 .group         0x0000000000000000        0xc Src/sysmem.o
 .group         0x0000000000000000        0xc Src/sysmem.o
 .group         0x0000000000000000        0xc Src/sysmem.o
 .group         0x0000000000000000        0xc Src/sysmem.o
 .text          0x0000000000000000        0x0 Src/sysmem.o
 .data          0x0000000000000000        0x0 Src/sysmem.o
 .bss           0x0000000000000000        0x0 Src/sysmem.o
 .bss.__sbrk_heap_end
                0x0000000000000000        0x4 Src/sysmem.o
 .text._sbrk    0x0000000000000000       0x6c Src/sysmem.o
 .debug_info    0x0000000000000000      0xa7c Src/sysmem.o
 .debug_abbrev  0x0000000000000000      0x18e Src/sysmem.o
 .debug_loc     0x0000000000000000       0x50 Src/sysmem.o
 .debug_aranges
                0x0000000000000000       0x20 Src/sysmem.o
 .debug_ranges  0x0000000000000000       0x10 Src/sysmem.o
 .debug_macro   0x0000000000000000       0xee Src/sysmem.o
 .debug_macro   0x0000000000000000      0xa60 Src/sysmem.o
 .debug_macro   0x0000000000000000       0x10 Src/sysmem.o
 .debug_macro   0x0000000000000000       0x22 Src/sysmem.o
 .debug_macro   0x0000000000000000       0x40 Src/sysmem.o
 .debug_macro   0x0000000000000000       0x18 Src/sysmem.o
 .debug_macro   0x0000000000000000       0x94 Src/sysmem.o
 .debug_macro   0x0000000000000000       0x3c Src/sysmem.o
 .debug_macro   0x0000000000000000       0x34 Src/sysmem.o
 .debug_macro   0x0000000000000000      0x174 Src/sysmem.o
 .debug_macro   0x0000000000000000       0x57 Src/sysmem.o
 .debug_macro   0x0000000000000000       0x52 Src/sysmem.o
 .debug_macro   0x0000000000000000       0x1f Src/sysmem.o
 .debug_macro   0x0000000000000000       0x43 Src/sysmem.o
 .debug_macro   0x0000000000000000       0x20 Src/sysmem.o
 .debug_macro   0x0000000000000000      0x1a3 Src/sysmem.o
 .debug_macro   0x0000000000000000      0x23b Src/sysmem.o
 .debug_macro   0x0000000000000000       0xef Src/sysmem.o
 .debug_macro   0x0000000000000000       0x6a Src/sysmem.o
 .debug_macro   0x0000000000000000      0x1df Src/sysmem.o
 .debug_line    0x0000000000000000      0x4e0 Src/sysmem.o
 .debug_str     0x0000000000000000     0x5f4c Src/sysmem.o
 .comment       0x0000000000000000       0x7c Src/sysmem.o
 .debug_frame   0x0000000000000000       0x34 Src/sysmem.o
 .ARM.attributes
                0x0000000000000000       0x33 Src/sysmem.o
 .text          0x0000000000000000       0x14 Startup/startup_stm32f103c6tx.o
 .data          0x0000000000000000        0x0 Startup/startup_stm32f103c6tx.o
 .bss           0x0000000000000000        0x0 Startup/startup_stm32f103c6tx.o
 .text          0x0000000000000000        0x0 d:/programs/stm32cubeide_1.4.0/stm32cubeide/plugins/com.st.stm32cube.ide.mcu.externaltools.gnu-tools-for-stm32.7-2018-q2-update.win32_1.4.0.202007081208/tools/bin/../lib/gcc/arm-none-eabi/7.3.1/../../../../arm-none-eabi/lib/thumb/v7-m\libc_nano.a(lib_a-errno.o)
 .data          0x0000000000000000        0x0 d:/programs/stm32cubeide_1.4.0/stm32cubeide/plugins/com.st.stm32cube.ide.mcu.externaltools.gnu-tools-for-stm32.7-2018-q2-update.win32_1.4.0.202007081208/tools/bin/../lib/gcc/arm-none-eabi/7.3.1/../../../../arm-none-eabi/lib/thumb/v7-m\libc_nano.a(lib_a-errno.o)
 .bss           0x0000000000000000        0x0 d:/programs/stm32cubeide_1.4.0/stm32cubeide/plugins/com.st.stm32cube.ide.mcu.externaltools.gnu-tools-for-stm32.7-2018-q2-update.win32_1.4.0.202007081208/tools/bin/../lib/gcc/arm-none-eabi/7.3.1/../../../../arm-none-eabi/lib/thumb/v7-m\libc_nano.a(lib_a-errno.o)
 .text.__errno  0x0000000000000000        0xc d:/programs/stm32cubeide_1.4.0/stm32cubeide/plugins/com.st.stm32cube.ide.mcu.externaltools.gnu-tools-for-stm32.7-2018-q2-update.win32_1.4.0.202007081208/tools/bin/../lib/gcc/arm-none-eabi/7.3.1/../../../../arm-none-eabi/lib/thumb/v7-m\libc_nano.a(lib_a-errno.o)
 .debug_frame   0x0000000000000000       0x20 d:/programs/stm32cubeide_1.4.0/stm32cubeide/plugins/com.st.stm32cube.ide.mcu.externaltools.gnu-tools-for-stm32.7-2018-q2-update.win32_1.4.0.202007081208/tools/bin/../lib/gcc/arm-none-eabi/7.3.1/../../../../arm-none-eabi/lib/thumb/v7-m\libc_nano.a(lib_a-errno.o)
 .ARM.attributes
                0x0000000000000000       0x2d d:/programs/stm32cubeide_1.4.0/stm32cubeide/plugins/com.st.stm32cube.ide.mcu.externaltools.gnu-tools-for-stm32.7-2018-q2-update.win32_1.4.0.202007081208/tools/bin/../lib/gcc/arm-none-eabi/7.3.1/../../../../arm-none-eabi/lib/thumb/v7-m\libc_nano.a(lib_a-errno.o)
 .text          0x0000000000000000        0x0 d:/programs/stm32cubeide_1.4.0/stm32cubeide/plugins/com.st.stm32cube.ide.mcu.externaltools.gnu-tools-for-stm32.7-2018-q2-update.win32_1.4.0.202007081208/tools/bin/../lib/gcc/arm-none-eabi/7.3.1/../../../../arm-none-eabi/lib/thumb/v7-m\libc_nano.a(lib_a-exit.o)
 .data          0x0000000000000000        0x0 d:/programs/stm32cubeide_1.4.0/stm32cubeide/plugins/com.st.stm32cube.ide.mcu.externaltools.gnu-tools-for-stm32.7-2018-q2-update.win32_1.4.0.202007081208/tools/bin/../lib/gcc/arm-none-eabi/7.3.1/../../../../arm-none-eabi/lib/thumb/v7-m\libc_nano.a(lib_a-exit.o)
 .bss           0x0000000000000000        0x0 d:/programs/stm32cubeide_1.4.0/stm32cubeide/plugins/com.st.stm32cube.ide.mcu.externaltools.gnu-tools-for-stm32.7-2018-q2-update.win32_1.4.0.202007081208/tools/bin/../lib/gcc/arm-none-eabi/7.3.1/../../../../arm-none-eabi/lib/thumb/v7-m\libc_nano.a(lib_a-exit.o)
 .text.exit     0x0000000000000000       0x28 d:/programs/stm32cubeide_1.4.0/stm32cubeide/plugins/com.st.stm32cube.ide.mcu.externaltools.gnu-tools-for-stm32.7-2018-q2-update.win32_1.4.0.202007081208/tools/bin/../lib/gcc/arm-none-eabi/7.3.1/../../../../arm-none-eabi/lib/thumb/v7-m\libc_nano.a(lib_a-exit.o)
 .debug_frame   0x0000000000000000       0x28 d:/programs/stm32cubeide_1.4.0/stm32cubeide/plugins/com.st.stm32cube.ide.mcu.externaltools.gnu-tools-for-stm32.7-2018-q2-update.win32_1.4.0.202007081208/tools/bin/../lib/gcc/arm-none-eabi/7.3.1/../../../../arm-none-eabi/lib/thumb/v7-m\libc_nano.a(lib_a-exit.o)
 .ARM.attributes
                0x0000000000000000       0x2d d:/programs/stm32cubeide_1.4.0/stm32cubeide/plugins/com.st.stm32cube.ide.mcu.externaltools.gnu-tools-for-stm32.7-2018-q2-update.win32_1.4.0.202007081208/tools/bin/../lib/gcc/arm-none-eabi/7.3.1/../../../../arm-none-eabi/lib/thumb/v7-m\libc_nano.a(lib_a-exit.o)
 .text          0x0000000000000000        0x0 d:/programs/stm32cubeide_1.4.0/stm32cubeide/plugins/com.st.stm32cube.ide.mcu.externaltools.gnu-tools-for-stm32.7-2018-q2-update.win32_1.4.0.202007081208/tools/bin/../lib/gcc/arm-none-eabi/7.3.1/../../../../arm-none-eabi/lib/thumb/v7-m\libc_nano.a(lib_a-impure.o)
 .data          0x0000000000000000        0x0 d:/programs/stm32cubeide_1.4.0/stm32cubeide/plugins/com.st.stm32cube.ide.mcu.externaltools.gnu-tools-for-stm32.7-2018-q2-update.win32_1.4.0.202007081208/tools/bin/../lib/gcc/arm-none-eabi/7.3.1/../../../../arm-none-eabi/lib/thumb/v7-m\libc_nano.a(lib_a-impure.o)
 .bss           0x0000000000000000        0x0 d:/programs/stm32cubeide_1.4.0/stm32cubeide/plugins/com.st.stm32cube.ide.mcu.externaltools.gnu-tools-for-stm32.7-2018-q2-update.win32_1.4.0.202007081208/tools/bin/../lib/gcc/arm-none-eabi/7.3.1/../../../../arm-none-eabi/lib/thumb/v7-m\libc_nano.a(lib_a-impure.o)
 .data._impure_ptr
                0x0000000000000000        0x4 d:/programs/stm32cubeide_1.4.0/stm32cubeide/plugins/com.st.stm32cube.ide.mcu.externaltools.gnu-tools-for-stm32.7-2018-q2-update.win32_1.4.0.202007081208/tools/bin/../lib/gcc/arm-none-eabi/7.3.1/../../../../arm-none-eabi/lib/thumb/v7-m\libc_nano.a(lib_a-impure.o)
 .data.impure_data
                0x0000000000000000       0x60 d:/programs/stm32cubeide_1.4.0/stm32cubeide/plugins/com.st.stm32cube.ide.mcu.externaltools.gnu-tools-for-stm32.7-2018-q2-update.win32_1.4.0.202007081208/tools/bin/../lib/gcc/arm-none-eabi/7.3.1/../../../../arm-none-eabi/lib/thumb/v7-m\libc_nano.a(lib_a-impure.o)
 .rodata._global_impure_ptr
                0x0000000000000000        0x4 d:/programs/stm32cubeide_1.4.0/stm32cubeide/plugins/com.st.stm32cube.ide.mcu.externaltools.gnu-tools-for-stm32.7-2018-q2-update.win32_1.4.0.202007081208/tools/bin/../lib/gcc/arm-none-eabi/7.3.1/../../../../arm-none-eabi/lib/thumb/v7-m\libc_nano.a(lib_a-impure.o)
 .ARM.attributes
                0x0000000000000000       0x2d d:/programs/stm32cubeide_1.4.0/stm32cubeide/plugins/com.st.stm32cube.ide.mcu.externaltools.gnu-tools-for-stm32.7-2018-q2-update.win32_1.4.0.202007081208/tools/bin/../lib/gcc/arm-none-eabi/7.3.1/../../../../arm-none-eabi/lib/thumb/v7-m\libc_nano.a(lib_a-impure.o)
 .text          0x0000000000000000        0x0 d:/programs/stm32cubeide_1.4.0/stm32cubeide/plugins/com.st.stm32cube.ide.mcu.externaltools.gnu-tools-for-stm32.7-2018-q2-update.win32_1.4.0.202007081208/tools/bin/../lib/gcc/arm-none-eabi/7.3.1/../../../../arm-none-eabi/lib/thumb/v7-m\libc_nano.a(lib_a-init.o)
 .data          0x0000000000000000        0x0 d:/programs/stm32cubeide_1.4.0/stm32cubeide/plugins/com.st.stm32cube.ide.mcu.externaltools.gnu-tools-for-stm32.7-2018-q2-update.win32_1.4.0.202007081208/tools/bin/../lib/gcc/arm-none-eabi/7.3.1/../../../../arm-none-eabi/lib/thumb/v7-m\libc_nano.a(lib_a-init.o)
 .bss           0x0000000000000000        0x0 d:/programs/stm32cubeide_1.4.0/stm32cubeide/plugins/com.st.stm32cube.ide.mcu.externaltools.gnu-tools-for-stm32.7-2018-q2-update.win32_1.4.0.202007081208/tools/bin/../lib/gcc/arm-none-eabi/7.3.1/../../../../arm-none-eabi/lib/thumb/v7-m\libc_nano.a(lib_a-init.o)
 .text          0x0000000000000000        0x0 d:/programs/stm32cubeide_1.4.0/stm32cubeide/plugins/com.st.stm32cube.ide.mcu.externaltools.gnu-tools-for-stm32.7-2018-q2-update.win32_1.4.0.202007081208/tools/bin/../lib/gcc/arm-none-eabi/7.3.1/../../../../arm-none-eabi/lib/thumb/v7-m\libc_nano.a(lib_a-memset.o)
 .data          0x0000000000000000        0x0 d:/programs/stm32cubeide_1.4.0/stm32cubeide/plugins/com.st.stm32cube.ide.mcu.externaltools.gnu-tools-for-stm32.7-2018-q2-update.win32_1.4.0.202007081208/tools/bin/../lib/gcc/arm-none-eabi/7.3.1/../../../../arm-none-eabi/lib/thumb/v7-m\libc_nano.a(lib_a-memset.o)
 .bss           0x0000000000000000        0x0 d:/programs/stm32cubeide_1.4.0/stm32cubeide/plugins/com.st.stm32cube.ide.mcu.externaltools.gnu-tools-for-stm32.7-2018-q2-update.win32_1.4.0.202007081208/tools/bin/../lib/gcc/arm-none-eabi/7.3.1/../../../../arm-none-eabi/lib/thumb/v7-m\libc_nano.a(lib_a-memset.o)
 .text.memset   0x0000000000000000       0x10 d:/programs/stm32cubeide_1.4.0/stm32cubeide/plugins/com.st.stm32cube.ide.mcu.externaltools.gnu-tools-for-stm32.7-2018-q2-update.win32_1.4.0.202007081208/tools/bin/../lib/gcc/arm-none-eabi/7.3.1/../../../../arm-none-eabi/lib/thumb/v7-m\libc_nano.a(lib_a-memset.o)
 .debug_frame   0x0000000000000000       0x20 d:/programs/stm32cubeide_1.4.0/stm32cubeide/plugins/com.st.stm32cube.ide.mcu.externaltools.gnu-tools-for-stm32.7-2018-q2-update.win32_1.4.0.202007081208/tools/bin/../lib/gcc/arm-none-eabi/7.3.1/../../../../arm-none-eabi/lib/thumb/v7-m\libc_nano.a(lib_a-memset.o)
 .ARM.attributes
                0x0000000000000000       0x2d d:/programs/stm32cubeide_1.4.0/stm32cubeide/plugins/com.st.stm32cube.ide.mcu.externaltools.gnu-tools-for-stm32.7-2018-q2-update.win32_1.4.0.202007081208/tools/bin/../lib/gcc/arm-none-eabi/7.3.1/../../../../arm-none-eabi/lib/thumb/v7-m\libc_nano.a(lib_a-memset.o)
 .text          0x0000000000000000        0x0 d:/programs/stm32cubeide_1.4.0/stm32cubeide/plugins/com.st.stm32cube.ide.mcu.externaltools.gnu-tools-for-stm32.7-2018-q2-update.win32_1.4.0.202007081208/tools/bin/../lib/gcc/arm-none-eabi/7.3.1/thumb/v7-m/crtend.o
 .data          0x0000000000000000        0x0 d:/programs/stm32cubeide_1.4.0/stm32cubeide/plugins/com.st.stm32cube.ide.mcu.externaltools.gnu-tools-for-stm32.7-2018-q2-update.win32_1.4.0.202007081208/tools/bin/../lib/gcc/arm-none-eabi/7.3.1/thumb/v7-m/crtend.o
 .bss           0x0000000000000000        0x0 d:/programs/stm32cubeide_1.4.0/stm32cubeide/plugins/com.st.stm32cube.ide.mcu.externaltools.gnu-tools-for-stm32.7-2018-q2-update.win32_1.4.0.202007081208/tools/bin/../lib/gcc/arm-none-eabi/7.3.1/thumb/v7-m/crtend.o
 .eh_frame      0x0000000000000000        0x4 d:/programs/stm32cubeide_1.4.0/stm32cubeide/plugins/com.st.stm32cube.ide.mcu.externaltools.gnu-tools-for-stm32.7-2018-q2-update.win32_1.4.0.202007081208/tools/bin/../lib/gcc/arm-none-eabi/7.3.1/thumb/v7-m/crtend.o
 .ARM.attributes
                0x0000000000000000       0x2d d:/programs/stm32cubeide_1.4.0/stm32cubeide/plugins/com.st.stm32cube.ide.mcu.externaltools.gnu-tools-for-stm32.7-2018-q2-update.win32_1.4.0.202007081208/tools/bin/../lib/gcc/arm-none-eabi/7.3.1/thumb/v7-m/crtend.o
 .text          0x0000000000000000        0x0 d:/programs/stm32cubeide_1.4.0/stm32cubeide/plugins/com.st.stm32cube.ide.mcu.externaltools.gnu-tools-for-stm32.7-2018-q2-update.win32_1.4.0.202007081208/tools/bin/../lib/gcc/arm-none-eabi/7.3.1/thumb/v7-m/crtn.o
 .data          0x0000000000000000        0x0 d:/programs/stm32cubeide_1.4.0/stm32cubeide/plugins/com.st.stm32cube.ide.mcu.externaltools.gnu-tools-for-stm32.7-2018-q2-update.win32_1.4.0.202007081208/tools/bin/../lib/gcc/arm-none-eabi/7.3.1/thumb/v7-m/crtn.o
 .bss           0x0000000000000000        0x0 d:/programs/stm32cubeide_1.4.0/stm32cubeide/plugins/com.st.stm32cube.ide.mcu.externaltools.gnu-tools-for-stm32.7-2018-q2-update.win32_1.4.0.202007081208/tools/bin/../lib/gcc/arm-none-eabi/7.3.1/thumb/v7-m/crtn.o

Memory Configuration

Name             Origin             Length             Attributes
RAM              0x0000000020000000 0x0000000000002800 xrw
ROM              0x0000000008000000 0x0000000000008000 xr
*default*        0x0000000000000000 0xffffffffffffffff

Linker script and memory map

LOAD d:/programs/stm32cubeide_1.4.0/stm32cubeide/plugins/com.st.stm32cube.ide.mcu.externaltools.gnu-tools-for-stm32.7-2018-q2-update.win32_1.4.0.202007081208/tools/bin/../lib/gcc/arm-none-eabi/7.3.1/thumb/v7-m/crti.o
LOAD d:/programs/stm32cubeide_1.4.0/stm32cubeide/plugins/com.st.stm32cube.ide.mcu.externaltools.gnu-tools-for-stm32.7-2018-q2-update.win32_1.4.0.202007081208/tools/bin/../lib/gcc/arm-none-eabi/7.3.1/thumb/v7-m/crtbegin.o
LOAD d:/programs/stm32cubeide_1.4.0/stm32cubeide/plugins/com.st.stm32cube.ide.mcu.externaltools.gnu-tools-for-stm32.7-2018-q2-update.win32_1.4.0.202007081208/tools/bin/../lib/gcc/arm-none-eabi/7.3.1/../../../../arm-none-eabi/lib/thumb/v7-m/crt0.o
LOAD STM32F103x6_Drivers/HAL/Keypad_Driver/Keypad_program.o
LOAD STM32F103x6_Drivers/HAL/LCD_Driver/LCD_program.o
LOAD STM32F103x6_Drivers/MCAL/AFIO/stm32f103x6_AFIO.o
LOAD STM32F103x6_Drivers/MCAL/EXTI/stm32f103x6_EXTI.o
LOAD STM32F103x6_Drivers/MCAL/GPIO/stm32f103x6_GPIO.o
LOAD STM32F103x6_Drivers/MCAL/NVIC/stm32f103x6_NVIC.o
LOAD Src/main.o
LOAD Src/syscalls.o
LOAD Src/sysmem.o
LOAD Startup/startup_stm32f103c6tx.o
START GROUP
LOAD d:/programs/stm32cubeide_1.4.0/stm32cubeide/plugins/com.st.stm32cube.ide.mcu.externaltools.gnu-tools-for-stm32.7-2018-q2-update.win32_1.4.0.202007081208/tools/bin/../lib/gcc/arm-none-eabi/7.3.1/../../../../arm-none-eabi/lib/thumb/v7-m\libc_nano.a
LOAD d:/programs/stm32cubeide_1.4.0/stm32cubeide/plugins/com.st.stm32cube.ide.mcu.externaltools.gnu-tools-for-stm32.7-2018-q2-update.win32_1.4.0.202007081208/tools/bin/../lib/gcc/arm-none-eabi/7.3.1/../../../../arm-none-eabi/lib/thumb/v7-m\libm.a
END GROUP
START GROUP
LOAD d:/programs/stm32cubeide_1.4.0/stm32cubeide/plugins/com.st.stm32cube.ide.mcu.externaltools.gnu-tools-for-stm32.7-2018-q2-update.win32_1.4.0.202007081208/tools/bin/../lib/gcc/arm-none-eabi/7.3.1/thumb/v7-m\libgcc.a
LOAD d:/programs/stm32cubeide_1.4.0/stm32cubeide/plugins/com.st.stm32cube.ide.mcu.externaltools.gnu-tools-for-stm32.7-2018-q2-update.win32_1.4.0.202007081208/tools/bin/../lib/gcc/arm-none-eabi/7.3.1/../../../../arm-none-eabi/lib/thumb/v7-m\libg_nano.a
LOAD d:/programs/stm32cubeide_1.4.0/stm32cubeide/plugins/com.st.stm32cube.ide.mcu.externaltools.gnu-tools-for-stm32.7-2018-q2-update.win32_1.4.0.202007081208/tools/bin/../lib/gcc/arm-none-eabi/7.3.1/../../../../arm-none-eabi/lib/thumb/v7-m\libc_nano.a
END GROUP
START GROUP
LOAD d:/programs/stm32cubeide_1.4.0/stm32cubeide/plugins/com.st.stm32cube.ide.mcu.externaltools.gnu-tools-for-stm32.7-2018-q2-update.win32_1.4.0.202007081208/tools/bin/../lib/gcc/arm-none-eabi/7.3.1/thumb/v7-m\libgcc.a
LOAD d:/programs/stm32cubeide_1.4.0/stm32cubeide/plugins/com.st.stm32cube.ide.mcu.externaltools.gnu-tools-for-stm32.7-2018-q2-update.win32_1.4.0.202007081208/tools/bin/../lib/gcc/arm-none-eabi/7.3.1/../../../../arm-none-eabi/lib/thumb/v7-m\libc_nano.a
LOAD d:/programs/stm32cubeide_1.4.0/stm32cubeide/plugins/com.st.stm32cube.ide.mcu.externaltools.gnu-tools-for-stm32.7-2018-q2-update.win32_1.4.0.202007081208/tools/bin/../lib/gcc/arm-none-eabi/7.3.1/../../../../arm-none-eabi/lib/thumb/v7-m\libnosys.a
END GROUP
START GROUP
LOAD d:/programs/stm32cubeide_1.4.0/stm32cubeide/plugins/com.st.stm32cube.ide.mcu.externaltools.gnu-tools-for-stm32.7-2018-q2-update.win32_1.4.0.202007081208/tools/bin/../lib/gcc/arm-none-eabi/7.3.1/thumb/v7-m\libgcc.a
LOAD d:/programs/stm32cubeide_1.4.0/stm32cubeide/plugins/com.st.stm32cube.ide.mcu.externaltools.gnu-tools-for-stm32.7-2018-q2-update.win32_1.4.0.202007081208/tools/bin/../lib/gcc/arm-none-eabi/7.3.1/../../../../arm-none-eabi/lib/thumb/v7-m\libc_nano.a
LOAD d:/programs/stm32cubeide_1.4.0/stm32cubeide/plugins/com.st.stm32cube.ide.mcu.externaltools.gnu-tools-for-stm32.7-2018-q2-update.win32_1.4.0.202007081208/tools/bin/../lib/gcc/arm-none-eabi/7.3.1/../../../../arm-none-eabi/lib/thumb/v7-m\libnosys.a
END GROUP
LOAD d:/programs/stm32cubeide_1.4.0/stm32cubeide/plugins/com.st.stm32cube.ide.mcu.externaltools.gnu-tools-for-stm32.7-2018-q2-update.win32_1.4.0.202007081208/tools/bin/../lib/gcc/arm-none-eabi/7.3.1/thumb/v7-m/crtend.o
LOAD d:/programs/stm32cubeide_1.4.0/stm32cubeide/plugins/com.st.stm32cube.ide.mcu.externaltools.gnu-tools-for-stm32.7-2018-q2-update.win32_1.4.0.202007081208/tools/bin/../lib/gcc/arm-none-eabi/7.3.1/thumb/v7-m/crtn.o
                0x0000000020002800                _estack = (ORIGIN (RAM) + LENGTH (RAM))
                0x0000000000000200                _Min_Heap_Size = 0x200
                0x0000000000000400                _Min_Stack_Size = 0x400

.isr_vector     0x0000000008000000      0x130
                0x0000000008000000                . = ALIGN (0x4)
 *(.isr_vector)
 .isr_vector    0x0000000008000000      0x130 Startup/startup_stm32f103c6tx.o
                0x0000000008000000                g_pfnVectors
                0x0000000008000130                . = ALIGN (0x4)

.text           0x0000000008000130      0xc14
                0x0000000008000130                . = ALIGN (0x4)
 *(.text)
 .text          0x0000000008000130       0x40 d:/programs/stm32cubeide_1.4.0/stm32cubeide/plugins/com.st.stm32cube.ide.mcu.externaltools.gnu-tools-for-stm32.7-2018-q2-update.win32_1.4.0.202007081208/tools/bin/../lib/gcc/arm-none-eabi/7.3.1/thumb/v7-m/crtbegin.o
 *(.text*)
 .text._delay_ms
                0x0000000008000170       0x46 STM32F103x6_Drivers/HAL/LCD_Driver/LCD_program.o
                0x0000000008000170                _delay_ms
 *fill*         0x00000000080001b6        0x2 
 .text.LCD_Enable_Pulse
                0x00000000080001b8       0x28 STM32F103x6_Drivers/HAL/LCD_Driver/LCD_program.o
                0x00000000080001b8                LCD_Enable_Pulse
 .text.Check_End_Of_Line
                0x00000000080001e0       0x64 STM32F103x6_Drivers/HAL/LCD_Driver/LCD_program.o
                0x00000000080001e0                Check_End_Of_Line
 .text.LCD_Init
                0x0000000008000244      0x130 STM32F103x6_Drivers/HAL/LCD_Driver/LCD_program.o
                0x0000000008000244                LCD_Init
 .text.LCD_Send_Command
                0x0000000008000374       0xe0 STM32F103x6_Drivers/HAL/LCD_Driver/LCD_program.o
                0x0000000008000374                LCD_Send_Command
 .text.LCD_Send_Char
                0x0000000008000454       0xf4 STM32F103x6_Drivers/HAL/LCD_Driver/LCD_program.o
                0x0000000008000454                LCD_Send_Char
 .text.LCD_Send_String
                0x0000000008000548       0x28 STM32F103x6_Drivers/HAL/LCD_Driver/LCD_program.o
                0x0000000008000548                LCD_Send_String
 .text.LCD_Cursor_XY
                0x0000000008000570       0x46 STM32F103x6_Drivers/HAL/LCD_Driver/LCD_program.o
                0x0000000008000570                LCD_Cursor_XY
 *fill*         0x00000000080005b6        0x2 
 .text.LCD_Clear_Screen
                0x00000000080005b8       0x24 STM32F103x6_Drivers/HAL/LCD_Driver/LCD_program.o
                0x00000000080005b8                LCD_Clear_Screen
 .text.MCAL_AFIO_EXTI_Init
                0x00000000080005dc       0x5c STM32F103x6_Drivers/MCAL/AFIO/stm32f103x6_AFIO.o
                0x00000000080005dc                MCAL_AFIO_EXTI_Init
 .text.MCAL_EXTI_Enable
                0x0000000008000638      0x12c STM32F103x6_Drivers/MCAL/EXTI/stm32f103x6_EXTI.o
                0x0000000008000638                MCAL_EXTI_Enable
 .text.EXTI0_IRQHandler
                0x0000000008000764       0x24 STM32F103x6_Drivers/MCAL/EXTI/stm32f103x6_EXTI.o
                0x0000000008000764                EXTI0_IRQHandler
 .text.EXTI1_IRQHandler
                0x0000000008000788       0x24 STM32F103x6_Drivers/MCAL/EXTI/stm32f103x6_EXTI.o
                0x0000000008000788                EXTI1_IRQHandler
 .text.EXTI2_IRQHandler
                0x00000000080007ac       0x24 STM32F103x6_Drivers/MCAL/EXTI/stm32f103x6_EXTI.o
                0x00000000080007ac                EXTI2_IRQHandler
 .text.EXTI3_IRQHandler
                0x00000000080007d0       0x24 STM32F103x6_Drivers/MCAL/EXTI/stm32f103x6_EXTI.o
                0x00000000080007d0                EXTI3_IRQHandler
 .text.EXTI4_IRQHandler
                0x00000000080007f4       0x24 STM32F103x6_Drivers/MCAL/EXTI/stm32f103x6_EXTI.o
                0x00000000080007f4                EXTI4_IRQHandler
 .text.EXTI9_5_IRQHandler
                0x0000000008000818       0xb0 STM32F103x6_Drivers/MCAL/EXTI/stm32f103x6_EXTI.o
                0x0000000008000818                EXTI9_5_IRQHandler
 .text.EXTI15_10_IRQHandler
                0x00000000080008c8       0xd0 STM32F103x6_Drivers/MCAL/EXTI/stm32f103x6_EXTI.o
                0x00000000080008c8                EXTI15_10_IRQHandler
 .text.MCAL_GPIO_Init
                0x0000000008000998       0xae STM32F103x6_Drivers/MCAL/GPIO/stm32f103x6_GPIO.o
                0x0000000008000998                MCAL_GPIO_Init
 .text.MCAL_GPIO_WritePin
                0x0000000008000a46       0x48 STM32F103x6_Drivers/MCAL/GPIO/stm32f103x6_GPIO.o
                0x0000000008000a46                MCAL_GPIO_WritePin
 .text.MCAL_NVIC_EnableIRQ
                0x0000000008000a8e       0x46 STM32F103x6_Drivers/MCAL/NVIC/stm32f103x6_NVIC.o
                0x0000000008000a8e                MCAL_NVIC_EnableIRQ
 .text.MCAL_NVIC_DisableIRQ
                0x0000000008000ad4       0x38 STM32F103x6_Drivers/MCAL/NVIC/stm32f103x6_NVIC.o
                0x0000000008000ad4                MCAL_NVIC_DisableIRQ
 .text.MCAL_NVIC_SetPriority
                0x0000000008000b0c       0x86 STM32F103x6_Drivers/MCAL/NVIC/stm32f103x6_NVIC.o
                0x0000000008000b0c                MCAL_NVIC_SetPriority
 *fill*         0x0000000008000b92        0x2 
 .text.EXTI9_ISR
                0x0000000008000b94       0x24 Src/main.o
                0x0000000008000b94                EXTI9_ISR
 .text.main     0x0000000008000bb8       0x50 Src/main.o
                0x0000000008000bb8                main
 .text.clock_init
                0x0000000008000c08       0x40 Src/main.o
                0x0000000008000c08                clock_init
 .text.delay    0x0000000008000c48       0x46 Src/main.o
                0x0000000008000c48                delay
 *fill*         0x0000000008000c8e        0x2 
 .text.Reset_Handler
                0x0000000008000c90       0x50 Startup/startup_stm32f103c6tx.o
                0x0000000008000c90                Reset_Handler
 .text.Default_Handler
                0x0000000008000ce0        0x2 Startup/startup_stm32f103c6tx.o
                0x0000000008000ce0                TIM8_TRG_COM_IRQHandler
                0x0000000008000ce0                TIM8_CC_IRQHandler
                0x0000000008000ce0                DebugMon_Handler
                0x0000000008000ce0                TIM1_CC_IRQHandler
                0x0000000008000ce0                HardFault_Handler
                0x0000000008000ce0                TIM6_IRQHandler
                0x0000000008000ce0                SysTick_Handler
                0x0000000008000ce0                PVD_IRQHandler
                0x0000000008000ce0                SDIO_IRQHandler
                0x0000000008000ce0                PendSV_Handler
                0x0000000008000ce0                NMI_Handler
                0x0000000008000ce0                USB_HP_CAN_TX_IRQHandler
                0x0000000008000ce0                I2C2_EV_IRQHandler
                0x0000000008000ce0                UsageFault_Handler
                0x0000000008000ce0                ADC1_2_IRQHandler
                0x0000000008000ce0                SPI1_IRQHandler
                0x0000000008000ce0                CAN_SCE_IRQHandler
                0x0000000008000ce0                TAMPER_IRQHandler
                0x0000000008000ce0                TIM8_UP_IRQHandler
                0x0000000008000ce0                DMA2_Channel2_IRQHandler
                0x0000000008000ce0                DMA1_Channel4_IRQHandler
                0x0000000008000ce0                USART3_IRQHandler
                0x0000000008000ce0                RTC_IRQHandler
                0x0000000008000ce0                DMA1_Channel7_IRQHandler
                0x0000000008000ce0                UART5_IRQHandler
                0x0000000008000ce0                ADC3_IRQHandler
                0x0000000008000ce0                TIM4_IRQHandler
                0x0000000008000ce0                CAN_RX1_IRQHandler
                0x0000000008000ce0                DMA2_Channel1_IRQHandler
                0x0000000008000ce0                I2C1_EV_IRQHandler
                0x0000000008000ce0                DMA1_Channel6_IRQHandler
                0x0000000008000ce0                UART4_IRQHandler
                0x0000000008000ce0                TIM3_IRQHandler
                0x0000000008000ce0                RCC_IRQHandler
                0x0000000008000ce0                TIM1_TRG_COM_IRQHandler
                0x0000000008000ce0                DMA1_Channel1_IRQHandler
                0x0000000008000ce0                Default_Handler
                0x0000000008000ce0                TIM7_IRQHandler
                0x0000000008000ce0                TIM5_IRQHandler
                0x0000000008000ce0                SPI2_IRQHandler
                0x0000000008000ce0                USB_LP_CAN_RX0_IRQHandler
                0x0000000008000ce0                MemManage_Handler
                0x0000000008000ce0                SVC_Handler
                0x0000000008000ce0                DMA1_Channel5_IRQHandler
                0x0000000008000ce0                DMA1_Channel3_IRQHandler
                0x0000000008000ce0                FSMC_IRQHandler
                0x0000000008000ce0                TIM1_UP_IRQHandler
                0x0000000008000ce0                WWDG_IRQHandler
                0x0000000008000ce0                TIM2_IRQHandler
                0x0000000008000ce0                TIM1_BRK_IRQHandler
                0x0000000008000ce0                RTCAlarm_IRQHandler
                0x0000000008000ce0                DMA2_Channel4_5_IRQHandler
                0x0000000008000ce0                USART2_IRQHandler
                0x0000000008000ce0                I2C2_ER_IRQHandler
                0x0000000008000ce0                DMA1_Channel2_IRQHandler
                0x0000000008000ce0                TIM8_BRK_IRQHandler
                0x0000000008000ce0                FLASH_IRQHandler
                0x0000000008000ce0                BusFault_Handler
                0x0000000008000ce0                USART1_IRQHandler
                0x0000000008000ce0                SPI3_IRQHandler
                0x0000000008000ce0                I2C1_ER_IRQHandler
                0x0000000008000ce0                DMA2_Channel3_IRQHandler
 *fill*         0x0000000008000ce2        0x2 
 .text.__libc_init_array
                0x0000000008000ce4       0x48 d:/programs/stm32cubeide_1.4.0/stm32cubeide/plugins/com.st.stm32cube.ide.mcu.externaltools.gnu-tools-for-stm32.7-2018-q2-update.win32_1.4.0.202007081208/tools/bin/../lib/gcc/arm-none-eabi/7.3.1/../../../../arm-none-eabi/lib/thumb/v7-m\libc_nano.a(lib_a-init.o)
                0x0000000008000ce4                __libc_init_array
 *(.glue_7)
 .glue_7        0x0000000008000d2c        0x0 linker stubs
 *(.glue_7t)
 .glue_7t       0x0000000008000d2c        0x0 linker stubs
 *(.eh_frame)
 .eh_frame      0x0000000008000d2c        0x0 d:/programs/stm32cubeide_1.4.0/stm32cubeide/plugins/com.st.stm32cube.ide.mcu.externaltools.gnu-tools-for-stm32.7-2018-q2-update.win32_1.4.0.202007081208/tools/bin/../lib/gcc/arm-none-eabi/7.3.1/thumb/v7-m/crtbegin.o
 *(.init)
 .init          0x0000000008000d2c        0x4 d:/programs/stm32cubeide_1.4.0/stm32cubeide/plugins/com.st.stm32cube.ide.mcu.externaltools.gnu-tools-for-stm32.7-2018-q2-update.win32_1.4.0.202007081208/tools/bin/../lib/gcc/arm-none-eabi/7.3.1/thumb/v7-m/crti.o
                0x0000000008000d2c                _init
 .init          0x0000000008000d30        0x8 d:/programs/stm32cubeide_1.4.0/stm32cubeide/plugins/com.st.stm32cube.ide.mcu.externaltools.gnu-tools-for-stm32.7-2018-q2-update.win32_1.4.0.202007081208/tools/bin/../lib/gcc/arm-none-eabi/7.3.1/thumb/v7-m/crtn.o
 *(.fini)
 .fini          0x0000000008000d38        0x4 d:/programs/stm32cubeide_1.4.0/stm32cubeide/plugins/com.st.stm32cube.ide.mcu.externaltools.gnu-tools-for-stm32.7-2018-q2-update.win32_1.4.0.202007081208/tools/bin/../lib/gcc/arm-none-eabi/7.3.1/thumb/v7-m/crti.o
                0x0000000008000d38                _fini
 .fini          0x0000000008000d3c        0x8 d:/programs/stm32cubeide_1.4.0/stm32cubeide/plugins/com.st.stm32cube.ide.mcu.externaltools.gnu-tools-for-stm32.7-2018-q2-update.win32_1.4.0.202007081208/tools/bin/../lib/gcc/arm-none-eabi/7.3.1/thumb/v7-m/crtn.o
                0x0000000008000d44                . = ALIGN (0x4)
                0x0000000008000d44                _etext = .

.vfp11_veneer   0x0000000008000d44        0x0
 .vfp11_veneer  0x0000000008000d44        0x0 linker stubs

.v4_bx          0x0000000008000d44        0x0
 .v4_bx         0x0000000008000d44        0x0 linker stubs

.iplt           0x0000000008000d44        0x0
 .iplt          0x0000000008000d44        0x0 d:/programs/stm32cubeide_1.4.0/stm32cubeide/plugins/com.st.stm32cube.ide.mcu.externaltools.gnu-tools-for-stm32.7-2018-q2-update.win32_1.4.0.202007081208/tools/bin/../lib/gcc/arm-none-eabi/7.3.1/thumb/v7-m/crtbegin.o

.rodata         0x0000000008000d44       0x24
                0x0000000008000d44                . = ALIGN (0x4)
 *(.rodata)
 .rodata        0x0000000008000d44       0x24 Src/main.o
 *(.rodata*)
                0x0000000008000d68                . = ALIGN (0x4)

.rel.dyn        0x0000000008000d68        0x0
 .rel.iplt      0x0000000008000d68        0x0 d:/programs/stm32cubeide_1.4.0/stm32cubeide/plugins/com.st.stm32cube.ide.mcu.externaltools.gnu-tools-for-stm32.7-2018-q2-update.win32_1.4.0.202007081208/tools/bin/../lib/gcc/arm-none-eabi/7.3.1/thumb/v7-m/crtbegin.o

.ARM.extab      0x0000000008000d68        0x0
                0x0000000008000d68                . = ALIGN (0x4)
 *(.ARM.extab* .gnu.linkonce.armextab.*)
                0x0000000008000d68                . = ALIGN (0x4)

.ARM            0x0000000008000d68        0x0
                0x0000000008000d68                . = ALIGN (0x4)
                0x0000000008000d68                __exidx_start = .
 *(.ARM.exidx*)
                0x0000000008000d68                __exidx_end = .
                0x0000000008000d68                . = ALIGN (0x4)

.preinit_array  0x0000000008000d68        0x0
                0x0000000008000d68                . = ALIGN (0x4)
                0x0000000008000d68                PROVIDE (__preinit_array_start = .)
 *(.preinit_array*)
                0x0000000008000d68                PROVIDE (__preinit_array_end = .)
                0x0000000008000d68                . = ALIGN (0x4)

.init_array     0x0000000008000d68        0x4
                0x0000000008000d68                . = ALIGN (0x4)
                0x0000000008000d68                PROVIDE (__init_array_start = .)
 *(SORT_BY_NAME(.init_array.*))
 *(.init_array*)
 .init_array    0x0000000008000d68        0x4 d:/programs/stm32cubeide_1.4.0/stm32cubeide/plugins/com.st.stm32cube.ide.mcu.externaltools.gnu-tools-for-stm32.7-2018-q2-update.win32_1.4.0.202007081208/tools/bin/../lib/gcc/arm-none-eabi/7.3.1/thumb/v7-m/crtbegin.o
                0x0000000008000d6c                PROVIDE (__init_array_end = .)
                0x0000000008000d6c                . = ALIGN (0x4)

.fini_array     0x0000000008000d6c        0x4
                0x0000000008000d6c                . = ALIGN (0x4)
                [!provide]                        PROVIDE (__fini_array_start = .)
 *(SORT_BY_NAME(.fini_array.*))
 *(.fini_array*)
 .fini_array    0x0000000008000d6c        0x4 d:/programs/stm32cubeide_1.4.0/stm32cubeide/plugins/com.st.stm32cube.ide.mcu.externaltools.gnu-tools-for-stm32.7-2018-q2-update.win32_1.4.0.202007081208/tools/bin/../lib/gcc/arm-none-eabi/7.3.1/thumb/v7-m/crtbegin.o
                [!provide]                        PROVIDE (__fini_array_end = .)
                0x0000000008000d70                . = ALIGN (0x4)
                0x0000000008000d70                _sidata = LOADADDR (.data)

.data           0x0000000020000000        0x0 load address 0x0000000008000d70
                0x0000000020000000                . = ALIGN (0x4)
                0x0000000020000000                _sdata = .
 *(.data)
 *(.data*)
                0x0000000020000000                . = ALIGN (0x4)
                0x0000000020000000                _edata = .

.igot.plt       0x0000000020000000        0x0 load address 0x0000000008000d70
 .igot.plt      0x0000000020000000        0x0 d:/programs/stm32cubeide_1.4.0/stm32cubeide/plugins/com.st.stm32cube.ide.mcu.externaltools.gnu-tools-for-stm32.7-2018-q2-update.win32_1.4.0.202007081208/tools/bin/../lib/gcc/arm-none-eabi/7.3.1/thumb/v7-m/crtbegin.o
                0x0000000020000000                . = ALIGN (0x4)

.bss            0x0000000020000000       0x64 load address 0x0000000008000d70
                0x0000000020000000                _sbss = .
                0x0000000020000000                __bss_start__ = _sbss
 *(.bss)
 .bss           0x0000000020000000       0x1c d:/programs/stm32cubeide_1.4.0/stm32cubeide/plugins/com.st.stm32cube.ide.mcu.externaltools.gnu-tools-for-stm32.7-2018-q2-update.win32_1.4.0.202007081208/tools/bin/../lib/gcc/arm-none-eabi/7.3.1/thumb/v7-m/crtbegin.o
 *(.bss*)
 .bss.charCounter
                0x000000002000001c        0x1 STM32F103x6_Drivers/HAL/LCD_Driver/LCD_program.o
 .bss.lineCounter
                0x000000002000001d        0x1 STM32F103x6_Drivers/HAL/LCD_Driver/LCD_program.o
 .bss.IRQ_Flag  0x000000002000001e        0x1 Src/main.o
                0x000000002000001e                IRQ_Flag
 *(COMMON)
 *fill*         0x000000002000001f        0x1 
 COMMON         0x0000000020000020        0x4 STM32F103x6_Drivers/HAL/Keypad_Driver/Keypad_program.o
                0x0000000020000020                config
 COMMON         0x0000000020000024       0x40 STM32F103x6_Drivers/MCAL/EXTI/stm32f103x6_EXTI.o
                0x0000000020000024                GP_callback_func
                0x0000000020000064                . = ALIGN (0x4)
                0x0000000020000064                _ebss = .
                0x0000000020000064                __bss_end__ = _ebss

._user_heap_stack
                0x0000000020000064      0x604 load address 0x0000000008000d70
                0x0000000020000068                . = ALIGN (0x8)
 *fill*         0x0000000020000064        0x4 
                [!provide]                        PROVIDE (end = .)
                0x0000000020000068                PROVIDE (_end = .)
                0x0000000020000268                . = (. + _Min_Heap_Size)
 *fill*         0x0000000020000068      0x200 
                0x0000000020000668                . = (. + _Min_Stack_Size)
 *fill*         0x0000000020000268      0x400 
                0x0000000020000668                . = ALIGN (0x8)

/DISCARD/
 libc.a(*)
 libm.a(*)
 libgcc.a(*)

.ARM.attributes
                0x0000000000000000       0x29
 *(.ARM.attributes)
 .ARM.attributes
                0x0000000000000000       0x1d d:/programs/stm32cubeide_1.4.0/stm32cubeide/plugins/com.st.stm32cube.ide.mcu.externaltools.gnu-tools-for-stm32.7-2018-q2-update.win32_1.4.0.202007081208/tools/bin/../lib/gcc/arm-none-eabi/7.3.1/thumb/v7-m/crti.o
 .ARM.attributes
                0x000000000000001d       0x2d d:/programs/stm32cubeide_1.4.0/stm32cubeide/plugins/com.st.stm32cube.ide.mcu.externaltools.gnu-tools-for-stm32.7-2018-q2-update.win32_1.4.0.202007081208/tools/bin/../lib/gcc/arm-none-eabi/7.3.1/thumb/v7-m/crtbegin.o
 .ARM.attributes
                0x000000000000004a       0x33 STM32F103x6_Drivers/HAL/Keypad_Driver/Keypad_program.o
 .ARM.attributes
                0x000000000000007d       0x33 STM32F103x6_Drivers/HAL/LCD_Driver/LCD_program.o
 .ARM.attributes
                0x00000000000000b0       0x33 STM32F103x6_Drivers/MCAL/AFIO/stm32f103x6_AFIO.o
 .ARM.attributes
                0x00000000000000e3       0x33 STM32F103x6_Drivers/MCAL/EXTI/stm32f103x6_EXTI.o
 .ARM.attributes
                0x0000000000000116       0x33 STM32F103x6_Drivers/MCAL/GPIO/stm32f103x6_GPIO.o
 .ARM.attributes
                0x0000000000000149       0x33 STM32F103x6_Drivers/MCAL/NVIC/stm32f103x6_NVIC.o
 .ARM.attributes
                0x000000000000017c       0x33 Src/main.o
 .ARM.attributes
                0x00000000000001af       0x21 Startup/startup_stm32f103c6tx.o
 .ARM.attributes
                0x00000000000001d0       0x2d d:/programs/stm32cubeide_1.4.0/stm32cubeide/plugins/com.st.stm32cube.ide.mcu.externaltools.gnu-tools-for-stm32.7-2018-q2-update.win32_1.4.0.202007081208/tools/bin/../lib/gcc/arm-none-eabi/7.3.1/../../../../arm-none-eabi/lib/thumb/v7-m\libc_nano.a(lib_a-init.o)
 .ARM.attributes
                0x00000000000001fd       0x1d d:/programs/stm32cubeide_1.4.0/stm32cubeide/plugins/com.st.stm32cube.ide.mcu.externaltools.gnu-tools-for-stm32.7-2018-q2-update.win32_1.4.0.202007081208/tools/bin/../lib/gcc/arm-none-eabi/7.3.1/thumb/v7-m/crtn.o
OUTPUT(Drivers_Test.elf elf32-littlearm)

.debug_info     0x0000000000000000     0x149a
 .debug_info    0x0000000000000000      0x20f STM32F103x6_Drivers/HAL/Keypad_Driver/Keypad_program.o
 .debug_info    0x000000000000020f      0x2fa STM32F103x6_Drivers/HAL/LCD_Driver/LCD_program.o
 .debug_info    0x0000000000000509      0x151 STM32F103x6_Drivers/MCAL/AFIO/stm32f103x6_AFIO.o
 .debug_info    0x000000000000065a      0x3e5 STM32F103x6_Drivers/MCAL/EXTI/stm32f103x6_EXTI.o
 .debug_info    0x0000000000000a3f      0x465 STM32F103x6_Drivers/MCAL/GPIO/stm32f103x6_GPIO.o
 .debug_info    0x0000000000000ea4      0x289 STM32F103x6_Drivers/MCAL/NVIC/stm32f103x6_NVIC.o
 .debug_info    0x000000000000112d      0x34b Src/main.o
 .debug_info    0x0000000000001478       0x22 Startup/startup_stm32f103c6tx.o

.debug_abbrev   0x0000000000000000      0x66f
 .debug_abbrev  0x0000000000000000       0xd8 STM32F103x6_Drivers/HAL/Keypad_Driver/Keypad_program.o
 .debug_abbrev  0x00000000000000d8      0x158 STM32F103x6_Drivers/HAL/LCD_Driver/LCD_program.o
 .debug_abbrev  0x0000000000000230       0x9c STM32F103x6_Drivers/MCAL/AFIO/stm32f103x6_AFIO.o
 .debug_abbrev  0x00000000000002cc      0x114 STM32F103x6_Drivers/MCAL/EXTI/stm32f103x6_EXTI.o
 .debug_abbrev  0x00000000000003e0       0xc0 STM32F103x6_Drivers/MCAL/GPIO/stm32f103x6_GPIO.o
 .debug_abbrev  0x00000000000004a0       0x9d STM32F103x6_Drivers/MCAL/NVIC/stm32f103x6_NVIC.o
 .debug_abbrev  0x000000000000053d      0x120 Src/main.o
 .debug_abbrev  0x000000000000065d       0x12 Startup/startup_stm32f103c6tx.o

.debug_loc      0x0000000000000000      0xcc0
 .debug_loc     0x0000000000000000       0x7c STM32F103x6_Drivers/HAL/Keypad_Driver/Keypad_program.o
 .debug_loc     0x000000000000007c      0x278 STM32F103x6_Drivers/HAL/LCD_Driver/LCD_program.o
 .debug_loc     0x00000000000002f4       0x5c STM32F103x6_Drivers/MCAL/AFIO/stm32f103x6_AFIO.o
 .debug_loc     0x0000000000000350      0x250 STM32F103x6_Drivers/MCAL/EXTI/stm32f103x6_EXTI.o
 .debug_loc     0x00000000000005a0      0x33c STM32F103x6_Drivers/MCAL/GPIO/stm32f103x6_GPIO.o
 .debug_loc     0x00000000000008dc      0x2e0 STM32F103x6_Drivers/MCAL/NVIC/stm32f103x6_NVIC.o
 .debug_loc     0x0000000000000bbc      0x104 Src/main.o

.debug_aranges  0x0000000000000000      0x238
 .debug_aranges
                0x0000000000000000       0x28 STM32F103x6_Drivers/HAL/Keypad_Driver/Keypad_program.o
 .debug_aranges
                0x0000000000000028       0x68 STM32F103x6_Drivers/HAL/LCD_Driver/LCD_program.o
 .debug_aranges
                0x0000000000000090       0x20 STM32F103x6_Drivers/MCAL/AFIO/stm32f103x6_AFIO.o
 .debug_aranges
                0x00000000000000b0       0x70 STM32F103x6_Drivers/MCAL/EXTI/stm32f103x6_EXTI.o
 .debug_aranges
                0x0000000000000120       0x60 STM32F103x6_Drivers/MCAL/GPIO/stm32f103x6_GPIO.o
 .debug_aranges
                0x0000000000000180       0x58 STM32F103x6_Drivers/MCAL/NVIC/stm32f103x6_NVIC.o
 .debug_aranges
                0x00000000000001d8       0x38 Src/main.o
 .debug_aranges
                0x0000000000000210       0x28 Startup/startup_stm32f103c6tx.o

.debug_ranges   0x0000000000000000      0x1c0
 .debug_ranges  0x0000000000000000       0x18 STM32F103x6_Drivers/HAL/Keypad_Driver/Keypad_program.o
 .debug_ranges  0x0000000000000018       0x58 STM32F103x6_Drivers/HAL/LCD_Driver/LCD_program.o
 .debug_ranges  0x0000000000000070       0x10 STM32F103x6_Drivers/MCAL/AFIO/stm32f103x6_AFIO.o
 .debug_ranges  0x0000000000000080       0x60 STM32F103x6_Drivers/MCAL/EXTI/stm32f103x6_EXTI.o
 .debug_ranges  0x00000000000000e0       0x50 STM32F103x6_Drivers/MCAL/GPIO/stm32f103x6_GPIO.o
 .debug_ranges  0x0000000000000130       0x48 STM32F103x6_Drivers/MCAL/NVIC/stm32f103x6_NVIC.o
 .debug_ranges  0x0000000000000178       0x28 Src/main.o
 .debug_ranges  0x00000000000001a0       0x20 Startup/startup_stm32f103c6tx.o

.debug_macro    0x0000000000000000     0x1c6a
 .debug_macro   0x0000000000000000       0x4a STM32F103x6_Drivers/HAL/Keypad_Driver/Keypad_program.o
 .debug_macro   0x000000000000004a      0xa60 STM32F103x6_Drivers/HAL/Keypad_Driver/Keypad_program.o
 .debug_macro   0x0000000000000aaa       0x2e STM32F103x6_Drivers/HAL/Keypad_Driver/Keypad_program.o
 .debug_macro   0x0000000000000ad8       0x1c STM32F103x6_Drivers/HAL/Keypad_Driver/Keypad_program.o
 .debug_macro   0x0000000000000af4      0x1d5 STM32F103x6_Drivers/HAL/Keypad_Driver/Keypad_program.o
 .debug_macro   0x0000000000000cc9       0xe8 STM32F103x6_Drivers/HAL/Keypad_Driver/Keypad_program.o
 .debug_macro   0x0000000000000db1       0x52 STM32F103x6_Drivers/HAL/Keypad_Driver/Keypad_program.o
 .debug_macro   0x0000000000000e03       0x4a STM32F103x6_Drivers/HAL/LCD_Driver/LCD_program.o
 .debug_macro   0x0000000000000e4d       0xb8 STM32F103x6_Drivers/HAL/LCD_Driver/LCD_program.o
 .debug_macro   0x0000000000000f05       0x41 STM32F103x6_Drivers/MCAL/AFIO/stm32f103x6_AFIO.o
 .debug_macro   0x0000000000000f46       0x82 STM32F103x6_Drivers/MCAL/AFIO/stm32f103x6_AFIO.o
 .debug_macro   0x0000000000000fc8       0x5c STM32F103x6_Drivers/MCAL/EXTI/stm32f103x6_EXTI.o
 .debug_macro   0x0000000000001024       0x88 STM32F103x6_Drivers/MCAL/EXTI/stm32f103x6_EXTI.o
 .debug_macro   0x00000000000010ac      0x1d2 STM32F103x6_Drivers/MCAL/EXTI/stm32f103x6_EXTI.o
 .debug_macro   0x000000000000127e      0x29c STM32F103x6_Drivers/MCAL/EXTI/stm32f103x6_EXTI.o
 .debug_macro   0x000000000000151a       0x41 STM32F103x6_Drivers/MCAL/GPIO/stm32f103x6_GPIO.o
 .debug_macro   0x000000000000155b       0xe2 STM32F103x6_Drivers/MCAL/GPIO/stm32f103x6_GPIO.o
 .debug_macro   0x000000000000163d       0x41 STM32F103x6_Drivers/MCAL/NVIC/stm32f103x6_NVIC.o
 .debug_macro   0x000000000000167e      0x1cc STM32F103x6_Drivers/MCAL/NVIC/stm32f103x6_NVIC.o
 .debug_macro   0x000000000000184a       0x68 Src/main.o
 .debug_macro   0x00000000000018b2       0xbe Src/main.o
 .debug_macro   0x0000000000001970       0x58 Src/main.o
 .debug_macro   0x00000000000019c8      0x2a2 Src/main.o

.debug_line     0x0000000000000000     0x135c
 .debug_line    0x0000000000000000      0x27a STM32F103x6_Drivers/HAL/Keypad_Driver/Keypad_program.o
 .debug_line    0x000000000000027a      0x31a STM32F103x6_Drivers/HAL/LCD_Driver/LCD_program.o
 .debug_line    0x0000000000000594      0x155 STM32F103x6_Drivers/MCAL/AFIO/stm32f103x6_AFIO.o
 .debug_line    0x00000000000006e9      0x3d9 STM32F103x6_Drivers/MCAL/EXTI/stm32f103x6_EXTI.o
 .debug_line    0x0000000000000ac2      0x230 STM32F103x6_Drivers/MCAL/GPIO/stm32f103x6_GPIO.o
 .debug_line    0x0000000000000cf2      0x1e1 STM32F103x6_Drivers/MCAL/NVIC/stm32f103x6_NVIC.o
 .debug_line    0x0000000000000ed3      0x405 Src/main.o
 .debug_line    0x00000000000012d8       0x84 Startup/startup_stm32f103c6tx.o

.debug_str      0x0000000000000000     0x749c
 .debug_str     0x0000000000000000     0x40f5 STM32F103x6_Drivers/HAL/Keypad_Driver/Keypad_program.o
                                       0x418f (size before relaxing)
 .debug_str     0x00000000000040f5      0x3df STM32F103x6_Drivers/HAL/LCD_Driver/LCD_program.o
                                       0x4371 (size before relaxing)
 .debug_str     0x00000000000044d4      0x1e3 STM32F103x6_Drivers/MCAL/AFIO/stm32f103x6_AFIO.o
                                       0x3db9 (size before relaxing)
 .debug_str     0x00000000000046b7     0x2b1d STM32F103x6_Drivers/MCAL/EXTI/stm32f103x6_EXTI.o
                                       0x6c0f (size before relaxing)
 .debug_str     0x00000000000071d4      0x15c STM32F103x6_Drivers/MCAL/GPIO/stm32f103x6_GPIO.o
                                       0x40e2 (size before relaxing)
 .debug_str     0x0000000000007330      0x104 STM32F103x6_Drivers/MCAL/NVIC/stm32f103x6_NVIC.o
                                       0x446c (size before relaxing)
 .debug_str     0x0000000000007434       0x37 Src/main.o
                                       0x6f97 (size before relaxing)
 .debug_str     0x000000000000746b       0x31 Startup/startup_stm32f103c6tx.o
                                         0x6f (size before relaxing)

.comment        0x0000000000000000       0x7b
 .comment       0x0000000000000000       0x7b STM32F103x6_Drivers/HAL/Keypad_Driver/Keypad_program.o
                                         0x7c (size before relaxing)
 .comment       0x000000000000007b       0x7c STM32F103x6_Drivers/HAL/LCD_Driver/LCD_program.o
 .comment       0x000000000000007b       0x7c STM32F103x6_Drivers/MCAL/AFIO/stm32f103x6_AFIO.o
 .comment       0x000000000000007b       0x7c STM32F103x6_Drivers/MCAL/EXTI/stm32f103x6_EXTI.o
 .comment       0x000000000000007b       0x7c STM32F103x6_Drivers/MCAL/GPIO/stm32f103x6_GPIO.o
 .comment       0x000000000000007b       0x7c STM32F103x6_Drivers/MCAL/NVIC/stm32f103x6_NVIC.o
 .comment       0x000000000000007b       0x7c Src/main.o

.debug_frame    0x0000000000000000      0x6c0
 .debug_frame   0x0000000000000000       0x50 STM32F103x6_Drivers/HAL/Keypad_Driver/Keypad_program.o
 .debug_frame   0x0000000000000050      0x154 STM32F103x6_Drivers/HAL/LCD_Driver/LCD_program.o
 .debug_frame   0x00000000000001a4       0x38 STM32F103x6_Drivers/MCAL/AFIO/stm32f103x6_AFIO.o
 .debug_frame   0x00000000000001dc      0x15c STM32F103x6_Drivers/MCAL/EXTI/stm32f103x6_EXTI.o
 .debug_frame   0x0000000000000338      0x178 STM32F103x6_Drivers/MCAL/GPIO/stm32f103x6_GPIO.o
 .debug_frame   0x00000000000004b0      0x150 STM32F103x6_Drivers/MCAL/NVIC/stm32f103x6_NVIC.o
 .debug_frame   0x0000000000000600       0x94 Src/main.o
 .debug_frame   0x0000000000000694       0x2c d:/programs/stm32cubeide_1.4.0/stm32cubeide/plugins/com.st.stm32cube.ide.mcu.externaltools.gnu-tools-for-stm32.7-2018-q2-update.win32_1.4.0.202007081208/tools/bin/../lib/gcc/arm-none-eabi/7.3.1/../../../../arm-none-eabi/lib/thumb/v7-m\libc_nano.a(lib_a-init.o)
