Archive member included to satisfy reference by file (symbol)

d:/programs/stm32cubeide_1.4.0/stm32cubeide/plugins/com.st.stm32cube.ide.mcu.externaltools.gnu-tools-for-stm32.7-2018-q2-update.win32_1.4.0.202007081208/tools/bin/../lib/gcc/arm-none-eabi/7.3.1/../../../../arm-none-eabi/lib/thumb/v7-m\libc_nano.a(lib_a-errno.o)
                              Src/syscalls.o (__errno)
d:/programs/stm32cubeide_1.4.0/stm32cubeide/plugins/com.st.stm32cube.ide.mcu.externaltools.gnu-tools-for-stm32.7-2018-q2-update.win32_1.4.0.202007081208/tools/bin/../lib/gcc/arm-none-eabi/7.3.1/../../../../arm-none-eabi/lib/thumb/v7-m\libc_nano.a(lib_a-exit.o)
                              d:/programs/stm32cubeide_1.4.0/stm32cubeide/plugins/com.st.stm32cube.ide.mcu.externaltools.gnu-tools-for-stm32.7-2018-q2-update.win32_1.4.0.202007081208/tools/bin/../lib/gcc/arm-none-eabi/7.3.1/../../../../arm-none-eabi/lib/thumb/v7-m/crt0.o (exit)
d:/programs/stm32cubeide_1.4.0/stm32cubeide/plugins/com.st.stm32cube.ide.mcu.externaltools.gnu-tools-for-stm32.7-2018-q2-update.win32_1.4.0.202007081208/tools/bin/../lib/gcc/arm-none-eabi/7.3.1/../../../../arm-none-eabi/lib/thumb/v7-m\libc_nano.a(lib_a-impure.o)
                              d:/programs/stm32cubeide_1.4.0/stm32cubeide/plugins/com.st.stm32cube.ide.mcu.externaltools.gnu-tools-for-stm32.7-2018-q2-update.win32_1.4.0.202007081208/tools/bin/../lib/gcc/arm-none-eabi/7.3.1/../../../../arm-none-eabi/lib/thumb/v7-m\libc_nano.a(lib_a-exit.o) (_global_impure_ptr)
d:/programs/stm32cubeide_1.4.0/stm32cubeide/plugins/com.st.stm32cube.ide.mcu.externaltools.gnu-tools-for-stm32.7-2018-q2-update.win32_1.4.0.202007081208/tools/bin/../lib/gcc/arm-none-eabi/7.3.1/../../../../arm-none-eabi/lib/thumb/v7-m\libc_nano.a(lib_a-init.o)
                              d:/programs/stm32cubeide_1.4.0/stm32cubeide/plugins/com.st.stm32cube.ide.mcu.externaltools.gnu-tools-for-stm32.7-2018-q2-update.win32_1.4.0.202007081208/tools/bin/../lib/gcc/arm-none-eabi/7.3.1/../../../../arm-none-eabi/lib/thumb/v7-m/crt0.o (__libc_init_array)
d:/programs/stm32cubeide_1.4.0/stm32cubeide/plugins/com.st.stm32cube.ide.mcu.externaltools.gnu-tools-for-stm32.7-2018-q2-update.win32_1.4.0.202007081208/tools/bin/../lib/gcc/arm-none-eabi/7.3.1/../../../../arm-none-eabi/lib/thumb/v7-m\libc_nano.a(lib_a-memset.o)
                              d:/programs/stm32cubeide_1.4.0/stm32cubeide/plugins/com.st.stm32cube.ide.mcu.externaltools.gnu-tools-for-stm32.7-2018-q2-update.win32_1.4.0.202007081208/tools/bin/../lib/gcc/arm-none-eabi/7.3.1/../../../../arm-none-eabi/lib/thumb/v7-m/crt0.o (memset)

Allocating common symbols
Common symbol       size              file

config              0x4               STM32F103x6_Drivers/HAL/Keypad_Driver/Keypad_program.o

Discarded input sections

 .text          0x0000000000000000        0x0 d:/programs/stm32cubeide_1.4.0/stm32cubeide/plugins/com.st.stm32cube.ide.mcu.externaltools.gnu-tools-for-stm32.7-2018-q2-update.win32_1.4.0.202007081208/tools/bin/../lib/gcc/arm-none-eabi/7.3.1/thumb/v7-m/crti.o
 .data          0x0000000000000000        0x0 d:/programs/stm32cubeide_1.4.0/stm32cubeide/plugins/com.st.stm32cube.ide.mcu.externaltools.gnu-tools-for-stm32.7-2018-q2-update.win32_1.4.0.202007081208/tools/bin/../lib/gcc/arm-none-eabi/7.3.1/thumb/v7-m/crti.o
 .bss           0x0000000000000000        0x0 d:/programs/stm32cubeide_1.4.0/stm32cubeide/plugins/com.st.stm32cube.ide.mcu.externaltools.gnu-tools-for-stm32.7-2018-q2-update.win32_1.4.0.202007081208/tools/bin/../lib/gcc/arm-none-eabi/7.3.1/thumb/v7-m/crti.o
 .data          0x0000000000000000        0x4 d:/programs/stm32cubeide_1.4.0/stm32cubeide/plugins/com.st.stm32cube.ide.mcu.externaltools.gnu-tools-for-stm32.7-2018-q2-update.win32_1.4.0.202007081208/tools/bin/../lib/gcc/arm-none-eabi/7.3.1/thumb/v7-m/crtbegin.o
 .text          0x0000000000000000       0x74 d:/programs/stm32cubeide_1.4.0/stm32cubeide/plugins/com.st.stm32cube.ide.mcu.externaltools.gnu-tools-for-stm32.7-2018-q2-update.win32_1.4.0.202007081208/tools/bin/../lib/gcc/arm-none-eabi/7.3.1/../../../../arm-none-eabi/lib/thumb/v7-m/crt0.o
 .data          0x0000000000000000        0x0 d:/programs/stm32cubeide_1.4.0/stm32cubeide/plugins/com.st.stm32cube.ide.mcu.externaltools.gnu-tools-for-stm32.7-2018-q2-update.win32_1.4.0.202007081208/tools/bin/../lib/gcc/arm-none-eabi/7.3.1/../../../../arm-none-eabi/lib/thumb/v7-m/crt0.o
 .bss           0x0000000000000000        0x0 d:/programs/stm32cubeide_1.4.0/stm32cubeide/plugins/com.st.stm32cube.ide.mcu.externaltools.gnu-tools-for-stm32.7-2018-q2-update.win32_1.4.0.202007081208/tools/bin/../lib/gcc/arm-none-eabi/7.3.1/../../../../arm-none-eabi/lib/thumb/v7-m/crt0.o
 .ARM.extab     0x0000000000000000        0x0 d:/programs/stm32cubeide_1.4.0/stm32cubeide/plugins/com.st.stm32cube.ide.mcu.externaltools.gnu-tools-for-stm32.7-2018-q2-update.win32_1.4.0.202007081208/tools/bin/../lib/gcc/arm-none-eabi/7.3.1/../../../../arm-none-eabi/lib/thumb/v7-m/crt0.o
 .ARM.exidx     0x0000000000000000        0x8 d:/programs/stm32cubeide_1.4.0/stm32cubeide/plugins/com.st.stm32cube.ide.mcu.externaltools.gnu-tools-for-stm32.7-2018-q2-update.win32_1.4.0.202007081208/tools/bin/../lib/gcc/arm-none-eabi/7.3.1/../../../../arm-none-eabi/lib/thumb/v7-m/crt0.o
 .ARM.attributes
                0x0000000000000000       0x1b d:/programs/stm32cubeide_1.4.0/stm32cubeide/plugins/com.st.stm32cube.ide.mcu.externaltools.gnu-tools-for-stm32.7-2018-q2-update.win32_1.4.0.202007081208/tools/bin/../lib/gcc/arm-none-eabi/7.3.1/../../../../arm-none-eabi/lib/thumb/v7-m/crt0.o
 .group         0x0000000000000000        0xc STM32F103x6_Drivers/HAL/Keypad_Driver/Keypad_program.o
 .group         0x0000000000000000        0xc STM32F103x6_Drivers/HAL/Keypad_Driver/Keypad_program.o
 .group         0x0000000000000000        0xc STM32F103x6_Drivers/HAL/Keypad_Driver/Keypad_program.o
 .group         0x0000000000000000        0xc STM32F103x6_Drivers/HAL/Keypad_Driver/Keypad_program.o
 .group         0x0000000000000000        0xc STM32F103x6_Drivers/HAL/Keypad_Driver/Keypad_program.o
 .group         0x0000000000000000        0xc STM32F103x6_Drivers/HAL/Keypad_Driver/Keypad_program.o
 .text          0x0000000000000000        0x0 STM32F103x6_Drivers/HAL/Keypad_Driver/Keypad_program.o
 .data          0x0000000000000000        0x0 STM32F103x6_Drivers/HAL/Keypad_Driver/Keypad_program.o
 .bss           0x0000000000000000        0x0 STM32F103x6_Drivers/HAL/Keypad_Driver/Keypad_program.o
 .group         0x0000000000000000        0xc STM32F103x6_Drivers/HAL/LCD_Driver/LCD_program.o
 .group         0x0000000000000000        0xc STM32F103x6_Drivers/HAL/LCD_Driver/LCD_program.o
 .group         0x0000000000000000        0xc STM32F103x6_Drivers/HAL/LCD_Driver/LCD_program.o
 .group         0x0000000000000000        0xc STM32F103x6_Drivers/HAL/LCD_Driver/LCD_program.o
 .group         0x0000000000000000        0xc STM32F103x6_Drivers/HAL/LCD_Driver/LCD_program.o
 .group         0x0000000000000000        0xc STM32F103x6_Drivers/HAL/LCD_Driver/LCD_program.o
 .text          0x0000000000000000        0x0 STM32F103x6_Drivers/HAL/LCD_Driver/LCD_program.o
 .data          0x0000000000000000        0x0 STM32F103x6_Drivers/HAL/LCD_Driver/LCD_program.o
 .bss           0x0000000000000000        0x0 STM32F103x6_Drivers/HAL/LCD_Driver/LCD_program.o
 .text.LCD_Send_String
                0x0000000000000000       0x28 STM32F103x6_Drivers/HAL/LCD_Driver/LCD_program.o
 .text.LCD_Busy_Wait
                0x0000000000000000       0xc8 STM32F103x6_Drivers/HAL/LCD_Driver/LCD_program.o
 .debug_macro   0x0000000000000000      0xa60 STM32F103x6_Drivers/HAL/LCD_Driver/LCD_program.o
 .debug_macro   0x0000000000000000       0x2e STM32F103x6_Drivers/HAL/LCD_Driver/LCD_program.o
 .debug_macro   0x0000000000000000       0x1c STM32F103x6_Drivers/HAL/LCD_Driver/LCD_program.o
 .debug_macro   0x0000000000000000       0xb5 STM32F103x6_Drivers/HAL/LCD_Driver/LCD_program.o
 .debug_macro   0x0000000000000000       0xe8 STM32F103x6_Drivers/HAL/LCD_Driver/LCD_program.o
 .group         0x0000000000000000        0xc STM32F103x6_Drivers/MCAL/GPIO/stm32f103x6_GPIO.o
 .group         0x0000000000000000        0xc STM32F103x6_Drivers/MCAL/GPIO/stm32f103x6_GPIO.o
 .group         0x0000000000000000        0xc STM32F103x6_Drivers/MCAL/GPIO/stm32f103x6_GPIO.o
 .group         0x0000000000000000        0xc STM32F103x6_Drivers/MCAL/GPIO/stm32f103x6_GPIO.o
 .group         0x0000000000000000        0xc STM32F103x6_Drivers/MCAL/GPIO/stm32f103x6_GPIO.o
 .text          0x0000000000000000        0x0 STM32F103x6_Drivers/MCAL/GPIO/stm32f103x6_GPIO.o
 .data          0x0000000000000000        0x0 STM32F103x6_Drivers/MCAL/GPIO/stm32f103x6_GPIO.o
 .bss           0x0000000000000000        0x0 STM32F103x6_Drivers/MCAL/GPIO/stm32f103x6_GPIO.o
 .text.MCAL_GPIO_DeInit
                0x0000000000000000       0xd4 STM32F103x6_Drivers/MCAL/GPIO/stm32f103x6_GPIO.o
 .text.MCAL_GPIO_ReadPort
                0x0000000000000000       0x1a STM32F103x6_Drivers/MCAL/GPIO/stm32f103x6_GPIO.o
 .text.MCAL_GPIO_WritePort
                0x0000000000000000       0x1c STM32F103x6_Drivers/MCAL/GPIO/stm32f103x6_GPIO.o
 .text.MCAL_GPIO_TogglePin
                0x0000000000000000       0x28 STM32F103x6_Drivers/MCAL/GPIO/stm32f103x6_GPIO.o
 .text.MCAL_GPIO_LockPin_Config
                0x0000000000000000       0x6a STM32F103x6_Drivers/MCAL/GPIO/stm32f103x6_GPIO.o
 .debug_macro   0x0000000000000000      0xa60 STM32F103x6_Drivers/MCAL/GPIO/stm32f103x6_GPIO.o
 .debug_macro   0x0000000000000000       0x2e STM32F103x6_Drivers/MCAL/GPIO/stm32f103x6_GPIO.o
 .debug_macro   0x0000000000000000       0x1c STM32F103x6_Drivers/MCAL/GPIO/stm32f103x6_GPIO.o
 .debug_macro   0x0000000000000000       0xb5 STM32F103x6_Drivers/MCAL/GPIO/stm32f103x6_GPIO.o
 .group         0x0000000000000000        0xc Src/main.o
 .group         0x0000000000000000        0xc Src/main.o
 .group         0x0000000000000000        0xc Src/main.o
 .group         0x0000000000000000        0xc Src/main.o
 .group         0x0000000000000000        0xc Src/main.o
 .group         0x0000000000000000        0xc Src/main.o
 .group         0x0000000000000000        0xc Src/main.o
 .text          0x0000000000000000        0x0 Src/main.o
 .data          0x0000000000000000        0x0 Src/main.o
 .bss           0x0000000000000000        0x0 Src/main.o
 .text.GPIO_init
                0x0000000000000000       0x60 Src/main.o
 .debug_macro   0x0000000000000000      0xa60 Src/main.o
 .debug_macro   0x0000000000000000       0x2e Src/main.o
 .debug_macro   0x0000000000000000       0x1c Src/main.o
 .debug_macro   0x0000000000000000       0xb5 Src/main.o
 .debug_macro   0x0000000000000000       0xe8 Src/main.o
 .group         0x0000000000000000        0xc Src/syscalls.o
 .group         0x0000000000000000        0xc Src/syscalls.o
 .group         0x0000000000000000        0xc Src/syscalls.o
 .group         0x0000000000000000        0xc Src/syscalls.o
 .group         0x0000000000000000        0xc Src/syscalls.o
 .group         0x0000000000000000        0xc Src/syscalls.o
 .group         0x0000000000000000        0xc Src/syscalls.o
 .group         0x0000000000000000        0xc Src/syscalls.o
 .group         0x0000000000000000        0xc Src/syscalls.o
 .group         0x0000000000000000        0xc Src/syscalls.o
 .group         0x0000000000000000        0xc Src/syscalls.o
 .group         0x0000000000000000        0xc Src/syscalls.o
 .group         0x0000000000000000        0xc Src/syscalls.o
 .group         0x0000000000000000        0xc Src/syscalls.o
 .group         0x0000000000000000        0xc Src/syscalls.o
 .group         0x0000000000000000        0xc Src/syscalls.o
 .group         0x0000000000000000        0xc Src/syscalls.o
 .group         0x0000000000000000        0xc Src/syscalls.o
 .group         0x0000000000000000        0xc Src/syscalls.o
 .group         0x0000000000000000        0xc Src/syscalls.o
 .group         0x0000000000000000        0xc Src/syscalls.o
 .group         0x0000000000000000        0xc Src/syscalls.o
 .group         0x0000000000000000        0xc Src/syscalls.o
 .group         0x0000000000000000        0xc Src/syscalls.o
 .group         0x0000000000000000        0xc Src/syscalls.o
 .group         0x0000000000000000        0xc Src/syscalls.o
 .group         0x0000000000000000        0xc Src/syscalls.o
 .group         0x0000000000000000        0xc Src/syscalls.o
 .group         0x0000000000000000        0xc Src/syscalls.o
 .group         0x0000000000000000        0xc Src/syscalls.o
 .group         0x0000000000000000        0xc Src/syscalls.o
 .group         0x0000000000000000        0xc Src/syscalls.o
 .group         0x0000000000000000        0xc Src/syscalls.o
 .group         0x0000000000000000        0xc Src/syscalls.o
 .group         0x0000000000000000        0xc Src/syscalls.o
 .group         0x0000000000000000        0xc Src/syscalls.o
 .group         0x0000000000000000        0xc Src/syscalls.o
 .group         0x0000000000000000        0xc Src/syscalls.o
 .group         0x0000000000000000        0xc Src/syscalls.o
 .group         0x0000000000000000        0xc Src/syscalls.o
 .group         0x0000000000000000        0xc Src/syscalls.o
 .group         0x0000000000000000        0xc Src/syscalls.o
 .group         0x0000000000000000        0xc Src/syscalls.o
 .group         0x0000000000000000        0xc Src/syscalls.o
 .text          0x0000000000000000        0x0 Src/syscalls.o
 .data          0x0000000000000000        0x0 Src/syscalls.o
 .bss           0x0000000000000000        0x0 Src/syscalls.o
 .bss.__env     0x0000000000000000        0x4 Src/syscalls.o
 .data.environ  0x0000000000000000        0x4 Src/syscalls.o
 .text.initialise_monitor_handles
                0x0000000000000000        0xc Src/syscalls.o
 .text._getpid  0x0000000000000000        0xe Src/syscalls.o
 .text._kill    0x0000000000000000       0x20 Src/syscalls.o
 .text._exit    0x0000000000000000       0x14 Src/syscalls.o
 .text._read    0x0000000000000000       0x3a Src/syscalls.o
 .text._write   0x0000000000000000       0x38 Src/syscalls.o
 .text._close   0x0000000000000000       0x16 Src/syscalls.o
 .text._fstat   0x0000000000000000       0x1e Src/syscalls.o
 .text._isatty  0x0000000000000000       0x14 Src/syscalls.o
 .text._lseek   0x0000000000000000       0x18 Src/syscalls.o
 .text._open    0x0000000000000000       0x1a Src/syscalls.o
 .text._wait    0x0000000000000000       0x1e Src/syscalls.o
 .text._unlink  0x0000000000000000       0x1e Src/syscalls.o
 .text._times   0x0000000000000000       0x16 Src/syscalls.o
 .text._stat    0x0000000000000000       0x1e Src/syscalls.o
 .text._link    0x0000000000000000       0x20 Src/syscalls.o
 .text._fork    0x0000000000000000       0x16 Src/syscalls.o
 .text._execve  0x0000000000000000       0x22 Src/syscalls.o
 .debug_info    0x0000000000000000     0x1038 Src/syscalls.o
 .debug_abbrev  0x0000000000000000      0x254 Src/syscalls.o
 .debug_loc     0x0000000000000000      0x5b8 Src/syscalls.o
 .debug_aranges
                0x0000000000000000       0xa8 Src/syscalls.o
 .debug_ranges  0x0000000000000000       0x98 Src/syscalls.o
 .debug_macro   0x0000000000000000      0x243 Src/syscalls.o
 .debug_macro   0x0000000000000000      0xa60 Src/syscalls.o
 .debug_macro   0x0000000000000000       0x22 Src/syscalls.o
 .debug_macro   0x0000000000000000       0x40 Src/syscalls.o
 .debug_macro   0x0000000000000000       0x18 Src/syscalls.o
 .debug_macro   0x0000000000000000       0x94 Src/syscalls.o
 .debug_macro   0x0000000000000000       0x3c Src/syscalls.o
 .debug_macro   0x0000000000000000       0x34 Src/syscalls.o
 .debug_macro   0x0000000000000000       0x57 Src/syscalls.o
 .debug_macro   0x0000000000000000      0x174 Src/syscalls.o
 .debug_macro   0x0000000000000000      0x330 Src/syscalls.o
 .debug_macro   0x0000000000000000       0x52 Src/syscalls.o
 .debug_macro   0x0000000000000000       0x1f Src/syscalls.o
 .debug_macro   0x0000000000000000       0x43 Src/syscalls.o
 .debug_macro   0x0000000000000000       0x20 Src/syscalls.o
 .debug_macro   0x0000000000000000      0x1a3 Src/syscalls.o
 .debug_macro   0x0000000000000000       0x10 Src/syscalls.o
 .debug_macro   0x0000000000000000       0x35 Src/syscalls.o
 .debug_macro   0x0000000000000000       0x10 Src/syscalls.o
 .debug_macro   0x0000000000000000       0x10 Src/syscalls.o
 .debug_macro   0x0000000000000000       0x10 Src/syscalls.o
 .debug_macro   0x0000000000000000       0x6a Src/syscalls.o
 .debug_macro   0x0000000000000000       0x1c Src/syscalls.o
 .debug_macro   0x0000000000000000       0x52 Src/syscalls.o
 .debug_macro   0x0000000000000000       0x40 Src/syscalls.o
 .debug_macro   0x0000000000000000       0x10 Src/syscalls.o
 .debug_macro   0x0000000000000000       0x40 Src/syscalls.o
 .debug_macro   0x0000000000000000       0xd7 Src/syscalls.o
 .debug_macro   0x0000000000000000       0x1c Src/syscalls.o
 .debug_macro   0x0000000000000000       0x3d Src/syscalls.o
 .debug_macro   0x0000000000000000       0x35 Src/syscalls.o
 .debug_macro   0x0000000000000000      0x122 Src/syscalls.o
 .debug_macro   0x0000000000000000       0x16 Src/syscalls.o
 .debug_macro   0x0000000000000000       0x16 Src/syscalls.o
 .debug_macro   0x0000000000000000       0x29 Src/syscalls.o
 .debug_macro   0x0000000000000000       0x10 Src/syscalls.o
 .debug_macro   0x0000000000000000      0x241 Src/syscalls.o
 .debug_macro   0x0000000000000000       0x1c Src/syscalls.o
 .debug_macro   0x0000000000000000       0x10 Src/syscalls.o
 .debug_macro   0x0000000000000000       0x10 Src/syscalls.o
 .debug_macro   0x0000000000000000       0x16 Src/syscalls.o
 .debug_macro   0x0000000000000000      0x145 Src/syscalls.o
 .debug_macro   0x0000000000000000      0x189 Src/syscalls.o
 .debug_macro   0x0000000000000000       0x16 Src/syscalls.o
 .debug_macro   0x0000000000000000       0x88 Src/syscalls.o
 .debug_line    0x0000000000000000      0x757 Src/syscalls.o
 .debug_str     0x0000000000000000     0x887e Src/syscalls.o
 .comment       0x0000000000000000       0x7c Src/syscalls.o
 .debug_frame   0x0000000000000000      0x2ac Src/syscalls.o
 .ARM.attributes
                0x0000000000000000       0x33 Src/syscalls.o
 .group         0x0000000000000000        0xc Src/sysmem.o
 .group         0x0000000000000000        0xc Src/sysmem.o
 .group         0x0000000000000000        0xc Src/sysmem.o
 .group         0x0000000000000000        0xc Src/sysmem.o
 .group         0x0000000000000000        0xc Src/sysmem.o
 .group         0x0000000000000000        0xc Src/sysmem.o
 .group         0x0000000000000000        0xc Src/sysmem.o
 .group         0x0000000000000000        0xc Src/sysmem.o
 .group         0x0000000000000000        0xc Src/sysmem.o
 .group         0x0000000000000000        0xc Src/sysmem.o
 .group         0x0000000000000000        0xc Src/sysmem.o
 .group         0x0000000000000000        0xc Src/sysmem.o
 .group         0x0000000000000000        0xc Src/sysmem.o
 .group         0x0000000000000000        0xc Src/sysmem.o
 .group         0x0000000000000000        0xc Src/sysmem.o
 .group         0x0000000000000000        0xc Src/sysmem.o
 .group         0x0000000000000000        0xc Src/sysmem.o
 .group         0x0000000000000000        0xc Src/sysmem.o
 .group         0x0000000000000000        0xc Src/sysmem.o
 .text          0x0000000000000000        0x0 Src/sysmem.o
 .data          0x0000000000000000        0x0 Src/sysmem.o
 .bss           0x0000000000000000        0x0 Src/sysmem.o
 .bss.__sbrk_heap_end
                0x0000000000000000        0x4 Src/sysmem.o
 .text._sbrk    0x0000000000000000       0x6c Src/sysmem.o
 .debug_info    0x0000000000000000      0xa7c Src/sysmem.o
 .debug_abbrev  0x0000000000000000      0x18e Src/sysmem.o
 .debug_loc     0x0000000000000000       0x50 Src/sysmem.o
 .debug_aranges
                0x0000000000000000       0x20 Src/sysmem.o
 .debug_ranges  0x0000000000000000       0x10 Src/sysmem.o
 .debug_macro   0x0000000000000000       0xee Src/sysmem.o
 .debug_macro   0x0000000000000000      0xa60 Src/sysmem.o
 .debug_macro   0x0000000000000000       0x10 Src/sysmem.o
 .debug_macro   0x0000000000000000       0x22 Src/sysmem.o
 .debug_macro   0x0000000000000000       0x40 Src/sysmem.o
 .debug_macro   0x0000000000000000       0x18 Src/sysmem.o
 .debug_macro   0x0000000000000000       0x94 Src/sysmem.o
 .debug_macro   0x0000000000000000       0x3c Src/sysmem.o
 .debug_macro   0x0000000000000000       0x34 Src/sysmem.o
 .debug_macro   0x0000000000000000      0x174 Src/sysmem.o
 .debug_macro   0x0000000000000000       0x57 Src/sysmem.o
 .debug_macro   0x0000000000000000       0x52 Src/sysmem.o
 .debug_macro   0x0000000000000000       0x1f Src/sysmem.o
 .debug_macro   0x0000000000000000       0x43 Src/sysmem.o
 .debug_macro   0x0000000000000000       0x20 Src/sysmem.o
 .debug_macro   0x0000000000000000      0x1a3 Src/sysmem.o
 .debug_macro   0x0000000000000000      0x23b Src/sysmem.o
 .debug_macro   0x0000000000000000       0xef Src/sysmem.o
 .debug_macro   0x0000000000000000       0x6a Src/sysmem.o
 .debug_macro   0x0000000000000000      0x1df Src/sysmem.o
 .debug_line    0x0000000000000000      0x4e0 Src/sysmem.o
 .debug_str     0x0000000000000000     0x5f4c Src/sysmem.o
 .comment       0x0000000000000000       0x7c Src/sysmem.o
 .debug_frame   0x0000000000000000       0x34 Src/sysmem.o
 .ARM.attributes
                0x0000000000000000       0x33 Src/sysmem.o
 .text          0x0000000000000000       0x14 Startup/startup_stm32f103c6tx.o
 .data          0x0000000000000000        0x0 Startup/startup_stm32f103c6tx.o
 .bss           0x0000000000000000        0x0 Startup/startup_stm32f103c6tx.o
 .text          0x0000000000000000        0x0 d:/programs/stm32cubeide_1.4.0/stm32cubeide/plugins/com.st.stm32cube.ide.mcu.externaltools.gnu-tools-for-stm32.7-2018-q2-update.win32_1.4.0.202007081208/tools/bin/../lib/gcc/arm-none-eabi/7.3.1/../../../../arm-none-eabi/lib/thumb/v7-m\libc_nano.a(lib_a-errno.o)
 .data          0x0000000000000000        0x0 d:/programs/stm32cubeide_1.4.0/stm32cubeide/plugins/com.st.stm32cube.ide.mcu.externaltools.gnu-tools-for-stm32.7-2018-q2-update.win32_1.4.0.202007081208/tools/bin/../lib/gcc/arm-none-eabi/7.3.1/../../../../arm-none-eabi/lib/thumb/v7-m\libc_nano.a(lib_a-errno.o)
 .bss           0x0000000000000000        0x0 d:/programs/stm32cubeide_1.4.0/stm32cubeide/plugins/com.st.stm32cube.ide.mcu.externaltools.gnu-tools-for-stm32.7-2018-q2-update.win32_1.4.0.202007081208/tools/bin/../lib/gcc/arm-none-eabi/7.3.1/../../../../arm-none-eabi/lib/thumb/v7-m\libc_nano.a(lib_a-errno.o)
 .text.__errno  0x0000000000000000        0xc d:/programs/stm32cubeide_1.4.0/stm32cubeide/plugins/com.st.stm32cube.ide.mcu.externaltools.gnu-tools-for-stm32.7-2018-q2-update.win32_1.4.0.202007081208/tools/bin/../lib/gcc/arm-none-eabi/7.3.1/../../../../arm-none-eabi/lib/thumb/v7-m\libc_nano.a(lib_a-errno.o)
 .debug_frame   0x0000000000000000       0x20 d:/programs/stm32cubeide_1.4.0/stm32cubeide/plugins/com.st.stm32cube.ide.mcu.externaltools.gnu-tools-for-stm32.7-2018-q2-update.win32_1.4.0.202007081208/tools/bin/../lib/gcc/arm-none-eabi/7.3.1/../../../../arm-none-eabi/lib/thumb/v7-m\libc_nano.a(lib_a-errno.o)
 .ARM.attributes
                0x0000000000000000       0x2d d:/programs/stm32cubeide_1.4.0/stm32cubeide/plugins/com.st.stm32cube.ide.mcu.externaltools.gnu-tools-for-stm32.7-2018-q2-update.win32_1.4.0.202007081208/tools/bin/../lib/gcc/arm-none-eabi/7.3.1/../../../../arm-none-eabi/lib/thumb/v7-m\libc_nano.a(lib_a-errno.o)
 .text          0x0000000000000000        0x0 d:/programs/stm32cubeide_1.4.0/stm32cubeide/plugins/com.st.stm32cube.ide.mcu.externaltools.gnu-tools-for-stm32.7-2018-q2-update.win32_1.4.0.202007081208/tools/bin/../lib/gcc/arm-none-eabi/7.3.1/../../../../arm-none-eabi/lib/thumb/v7-m\libc_nano.a(lib_a-exit.o)
 .data          0x0000000000000000        0x0 d:/programs/stm32cubeide_1.4.0/stm32cubeide/plugins/com.st.stm32cube.ide.mcu.externaltools.gnu-tools-for-stm32.7-2018-q2-update.win32_1.4.0.202007081208/tools/bin/../lib/gcc/arm-none-eabi/7.3.1/../../../../arm-none-eabi/lib/thumb/v7-m\libc_nano.a(lib_a-exit.o)
 .bss           0x0000000000000000        0x0 d:/programs/stm32cubeide_1.4.0/stm32cubeide/plugins/com.st.stm32cube.ide.mcu.externaltools.gnu-tools-for-stm32.7-2018-q2-update.win32_1.4.0.202007081208/tools/bin/../lib/gcc/arm-none-eabi/7.3.1/../../../../arm-none-eabi/lib/thumb/v7-m\libc_nano.a(lib_a-exit.o)
 .text.exit     0x0000000000000000       0x28 d:/programs/stm32cubeide_1.4.0/stm32cubeide/plugins/com.st.stm32cube.ide.mcu.externaltools.gnu-tools-for-stm32.7-2018-q2-update.win32_1.4.0.202007081208/tools/bin/../lib/gcc/arm-none-eabi/7.3.1/../../../../arm-none-eabi/lib/thumb/v7-m\libc_nano.a(lib_a-exit.o)
 .debug_frame   0x0000000000000000       0x28 d:/programs/stm32cubeide_1.4.0/stm32cubeide/plugins/com.st.stm32cube.ide.mcu.externaltools.gnu-tools-for-stm32.7-2018-q2-update.win32_1.4.0.202007081208/tools/bin/../lib/gcc/arm-none-eabi/7.3.1/../../../../arm-none-eabi/lib/thumb/v7-m\libc_nano.a(lib_a-exit.o)
 .ARM.attributes
                0x0000000000000000       0x2d d:/programs/stm32cubeide_1.4.0/stm32cubeide/plugins/com.st.stm32cube.ide.mcu.externaltools.gnu-tools-for-stm32.7-2018-q2-update.win32_1.4.0.202007081208/tools/bin/../lib/gcc/arm-none-eabi/7.3.1/../../../../arm-none-eabi/lib/thumb/v7-m\libc_nano.a(lib_a-exit.o)
 .text          0x0000000000000000        0x0 d:/programs/stm32cubeide_1.4.0/stm32cubeide/plugins/com.st.stm32cube.ide.mcu.externaltools.gnu-tools-for-stm32.7-2018-q2-update.win32_1.4.0.202007081208/tools/bin/../lib/gcc/arm-none-eabi/7.3.1/../../../../arm-none-eabi/lib/thumb/v7-m\libc_nano.a(lib_a-impure.o)
 .data          0x0000000000000000        0x0 d:/programs/stm32cubeide_1.4.0/stm32cubeide/plugins/com.st.stm32cube.ide.mcu.externaltools.gnu-tools-for-stm32.7-2018-q2-update.win32_1.4.0.202007081208/tools/bin/../lib/gcc/arm-none-eabi/7.3.1/../../../../arm-none-eabi/lib/thumb/v7-m\libc_nano.a(lib_a-impure.o)
 .bss           0x0000000000000000        0x0 d:/programs/stm32cubeide_1.4.0/stm32cubeide/plugins/com.st.stm32cube.ide.mcu.externaltools.gnu-tools-for-stm32.7-2018-q2-update.win32_1.4.0.202007081208/tools/bin/../lib/gcc/arm-none-eabi/7.3.1/../../../../arm-none-eabi/lib/thumb/v7-m\libc_nano.a(lib_a-impure.o)
 .data._impure_ptr
                0x0000000000000000        0x4 d:/programs/stm32cubeide_1.4.0/stm32cubeide/plugins/com.st.stm32cube.ide.mcu.externaltools.gnu-tools-for-stm32.7-2018-q2-update.win32_1.4.0.202007081208/tools/bin/../lib/gcc/arm-none-eabi/7.3.1/../../../../arm-none-eabi/lib/thumb/v7-m\libc_nano.a(lib_a-impure.o)
 .data.impure_data
                0x0000000000000000       0x60 d:/programs/stm32cubeide_1.4.0/stm32cubeide/plugins/com.st.stm32cube.ide.mcu.externaltools.gnu-tools-for-stm32.7-2018-q2-update.win32_1.4.0.202007081208/tools/bin/../lib/gcc/arm-none-eabi/7.3.1/../../../../arm-none-eabi/lib/thumb/v7-m\libc_nano.a(lib_a-impure.o)
 .rodata._global_impure_ptr
                0x0000000000000000        0x4 d:/programs/stm32cubeide_1.4.0/stm32cubeide/plugins/com.st.stm32cube.ide.mcu.externaltools.gnu-tools-for-stm32.7-2018-q2-update.win32_1.4.0.202007081208/tools/bin/../lib/gcc/arm-none-eabi/7.3.1/../../../../arm-none-eabi/lib/thumb/v7-m\libc_nano.a(lib_a-impure.o)
 .ARM.attributes
                0x0000000000000000       0x2d d:/programs/stm32cubeide_1.4.0/stm32cubeide/plugins/com.st.stm32cube.ide.mcu.externaltools.gnu-tools-for-stm32.7-2018-q2-update.win32_1.4.0.202007081208/tools/bin/../lib/gcc/arm-none-eabi/7.3.1/../../../../arm-none-eabi/lib/thumb/v7-m\libc_nano.a(lib_a-impure.o)
 .text          0x0000000000000000        0x0 d:/programs/stm32cubeide_1.4.0/stm32cubeide/plugins/com.st.stm32cube.ide.mcu.externaltools.gnu-tools-for-stm32.7-2018-q2-update.win32_1.4.0.202007081208/tools/bin/../lib/gcc/arm-none-eabi/7.3.1/../../../../arm-none-eabi/lib/thumb/v7-m\libc_nano.a(lib_a-init.o)
 .data          0x0000000000000000        0x0 d:/programs/stm32cubeide_1.4.0/stm32cubeide/plugins/com.st.stm32cube.ide.mcu.externaltools.gnu-tools-for-stm32.7-2018-q2-update.win32_1.4.0.202007081208/tools/bin/../lib/gcc/arm-none-eabi/7.3.1/../../../../arm-none-eabi/lib/thumb/v7-m\libc_nano.a(lib_a-init.o)
 .bss           0x0000000000000000        0x0 d:/programs/stm32cubeide_1.4.0/stm32cubeide/plugins/com.st.stm32cube.ide.mcu.externaltools.gnu-tools-for-stm32.7-2018-q2-update.win32_1.4.0.202007081208/tools/bin/../lib/gcc/arm-none-eabi/7.3.1/../../../../arm-none-eabi/lib/thumb/v7-m\libc_nano.a(lib_a-init.o)
 .text          0x0000000000000000        0x0 d:/programs/stm32cubeide_1.4.0/stm32cubeide/plugins/com.st.stm32cube.ide.mcu.externaltools.gnu-tools-for-stm32.7-2018-q2-update.win32_1.4.0.202007081208/tools/bin/../lib/gcc/arm-none-eabi/7.3.1/../../../../arm-none-eabi/lib/thumb/v7-m\libc_nano.a(lib_a-memset.o)
 .data          0x0000000000000000        0x0 d:/programs/stm32cubeide_1.4.0/stm32cubeide/plugins/com.st.stm32cube.ide.mcu.externaltools.gnu-tools-for-stm32.7-2018-q2-update.win32_1.4.0.202007081208/tools/bin/../lib/gcc/arm-none-eabi/7.3.1/../../../../arm-none-eabi/lib/thumb/v7-m\libc_nano.a(lib_a-memset.o)
 .bss           0x0000000000000000        0x0 d:/programs/stm32cubeide_1.4.0/stm32cubeide/plugins/com.st.stm32cube.ide.mcu.externaltools.gnu-tools-for-stm32.7-2018-q2-update.win32_1.4.0.202007081208/tools/bin/../lib/gcc/arm-none-eabi/7.3.1/../../../../arm-none-eabi/lib/thumb/v7-m\libc_nano.a(lib_a-memset.o)
 .text.memset   0x0000000000000000       0x10 d:/programs/stm32cubeide_1.4.0/stm32cubeide/plugins/com.st.stm32cube.ide.mcu.externaltools.gnu-tools-for-stm32.7-2018-q2-update.win32_1.4.0.202007081208/tools/bin/../lib/gcc/arm-none-eabi/7.3.1/../../../../arm-none-eabi/lib/thumb/v7-m\libc_nano.a(lib_a-memset.o)
 .debug_frame   0x0000000000000000       0x20 d:/programs/stm32cubeide_1.4.0/stm32cubeide/plugins/com.st.stm32cube.ide.mcu.externaltools.gnu-tools-for-stm32.7-2018-q2-update.win32_1.4.0.202007081208/tools/bin/../lib/gcc/arm-none-eabi/7.3.1/../../../../arm-none-eabi/lib/thumb/v7-m\libc_nano.a(lib_a-memset.o)
 .ARM.attributes
                0x0000000000000000       0x2d d:/programs/stm32cubeide_1.4.0/stm32cubeide/plugins/com.st.stm32cube.ide.mcu.externaltools.gnu-tools-for-stm32.7-2018-q2-update.win32_1.4.0.202007081208/tools/bin/../lib/gcc/arm-none-eabi/7.3.1/../../../../arm-none-eabi/lib/thumb/v7-m\libc_nano.a(lib_a-memset.o)
 .text          0x0000000000000000        0x0 d:/programs/stm32cubeide_1.4.0/stm32cubeide/plugins/com.st.stm32cube.ide.mcu.externaltools.gnu-tools-for-stm32.7-2018-q2-update.win32_1.4.0.202007081208/tools/bin/../lib/gcc/arm-none-eabi/7.3.1/thumb/v7-m/crtend.o
 .data          0x0000000000000000        0x0 d:/programs/stm32cubeide_1.4.0/stm32cubeide/plugins/com.st.stm32cube.ide.mcu.externaltools.gnu-tools-for-stm32.7-2018-q2-update.win32_1.4.0.202007081208/tools/bin/../lib/gcc/arm-none-eabi/7.3.1/thumb/v7-m/crtend.o
 .bss           0x0000000000000000        0x0 d:/programs/stm32cubeide_1.4.0/stm32cubeide/plugins/com.st.stm32cube.ide.mcu.externaltools.gnu-tools-for-stm32.7-2018-q2-update.win32_1.4.0.202007081208/tools/bin/../lib/gcc/arm-none-eabi/7.3.1/thumb/v7-m/crtend.o
 .eh_frame      0x0000000000000000        0x4 d:/programs/stm32cubeide_1.4.0/stm32cubeide/plugins/com.st.stm32cube.ide.mcu.externaltools.gnu-tools-for-stm32.7-2018-q2-update.win32_1.4.0.202007081208/tools/bin/../lib/gcc/arm-none-eabi/7.3.1/thumb/v7-m/crtend.o
 .ARM.attributes
                0x0000000000000000       0x2d d:/programs/stm32cubeide_1.4.0/stm32cubeide/plugins/com.st.stm32cube.ide.mcu.externaltools.gnu-tools-for-stm32.7-2018-q2-update.win32_1.4.0.202007081208/tools/bin/../lib/gcc/arm-none-eabi/7.3.1/thumb/v7-m/crtend.o
 .text          0x0000000000000000        0x0 d:/programs/stm32cubeide_1.4.0/stm32cubeide/plugins/com.st.stm32cube.ide.mcu.externaltools.gnu-tools-for-stm32.7-2018-q2-update.win32_1.4.0.202007081208/tools/bin/../lib/gcc/arm-none-eabi/7.3.1/thumb/v7-m/crtn.o
 .data          0x0000000000000000        0x0 d:/programs/stm32cubeide_1.4.0/stm32cubeide/plugins/com.st.stm32cube.ide.mcu.externaltools.gnu-tools-for-stm32.7-2018-q2-update.win32_1.4.0.202007081208/tools/bin/../lib/gcc/arm-none-eabi/7.3.1/thumb/v7-m/crtn.o
 .bss           0x0000000000000000        0x0 d:/programs/stm32cubeide_1.4.0/stm32cubeide/plugins/com.st.stm32cube.ide.mcu.externaltools.gnu-tools-for-stm32.7-2018-q2-update.win32_1.4.0.202007081208/tools/bin/../lib/gcc/arm-none-eabi/7.3.1/thumb/v7-m/crtn.o

Memory Configuration

Name             Origin             Length             Attributes
RAM              0x0000000020000000 0x0000000000002800 xrw
ROM              0x0000000008000000 0x0000000000008000 xr
*default*        0x0000000000000000 0xffffffffffffffff

Linker script and memory map

LOAD d:/programs/stm32cubeide_1.4.0/stm32cubeide/plugins/com.st.stm32cube.ide.mcu.externaltools.gnu-tools-for-stm32.7-2018-q2-update.win32_1.4.0.202007081208/tools/bin/../lib/gcc/arm-none-eabi/7.3.1/thumb/v7-m/crti.o
LOAD d:/programs/stm32cubeide_1.4.0/stm32cubeide/plugins/com.st.stm32cube.ide.mcu.externaltools.gnu-tools-for-stm32.7-2018-q2-update.win32_1.4.0.202007081208/tools/bin/../lib/gcc/arm-none-eabi/7.3.1/thumb/v7-m/crtbegin.o
LOAD d:/programs/stm32cubeide_1.4.0/stm32cubeide/plugins/com.st.stm32cube.ide.mcu.externaltools.gnu-tools-for-stm32.7-2018-q2-update.win32_1.4.0.202007081208/tools/bin/../lib/gcc/arm-none-eabi/7.3.1/../../../../arm-none-eabi/lib/thumb/v7-m/crt0.o
LOAD STM32F103x6_Drivers/HAL/Keypad_Driver/Keypad_program.o
LOAD STM32F103x6_Drivers/HAL/LCD_Driver/LCD_program.o
LOAD STM32F103x6_Drivers/MCAL/GPIO/stm32f103x6_GPIO.o
LOAD Src/main.o
LOAD Src/syscalls.o
LOAD Src/sysmem.o
LOAD Startup/startup_stm32f103c6tx.o
START GROUP
LOAD d:/programs/stm32cubeide_1.4.0/stm32cubeide/plugins/com.st.stm32cube.ide.mcu.externaltools.gnu-tools-for-stm32.7-2018-q2-update.win32_1.4.0.202007081208/tools/bin/../lib/gcc/arm-none-eabi/7.3.1/../../../../arm-none-eabi/lib/thumb/v7-m\libc_nano.a
LOAD d:/programs/stm32cubeide_1.4.0/stm32cubeide/plugins/com.st.stm32cube.ide.mcu.externaltools.gnu-tools-for-stm32.7-2018-q2-update.win32_1.4.0.202007081208/tools/bin/../lib/gcc/arm-none-eabi/7.3.1/../../../../arm-none-eabi/lib/thumb/v7-m\libm.a
END GROUP
START GROUP
LOAD d:/programs/stm32cubeide_1.4.0/stm32cubeide/plugins/com.st.stm32cube.ide.mcu.externaltools.gnu-tools-for-stm32.7-2018-q2-update.win32_1.4.0.202007081208/tools/bin/../lib/gcc/arm-none-eabi/7.3.1/thumb/v7-m\libgcc.a
LOAD d:/programs/stm32cubeide_1.4.0/stm32cubeide/plugins/com.st.stm32cube.ide.mcu.externaltools.gnu-tools-for-stm32.7-2018-q2-update.win32_1.4.0.202007081208/tools/bin/../lib/gcc/arm-none-eabi/7.3.1/../../../../arm-none-eabi/lib/thumb/v7-m\libg_nano.a
LOAD d:/programs/stm32cubeide_1.4.0/stm32cubeide/plugins/com.st.stm32cube.ide.mcu.externaltools.gnu-tools-for-stm32.7-2018-q2-update.win32_1.4.0.202007081208/tools/bin/../lib/gcc/arm-none-eabi/7.3.1/../../../../arm-none-eabi/lib/thumb/v7-m\libc_nano.a
END GROUP
START GROUP
LOAD d:/programs/stm32cubeide_1.4.0/stm32cubeide/plugins/com.st.stm32cube.ide.mcu.externaltools.gnu-tools-for-stm32.7-2018-q2-update.win32_1.4.0.202007081208/tools/bin/../lib/gcc/arm-none-eabi/7.3.1/thumb/v7-m\libgcc.a
LOAD d:/programs/stm32cubeide_1.4.0/stm32cubeide/plugins/com.st.stm32cube.ide.mcu.externaltools.gnu-tools-for-stm32.7-2018-q2-update.win32_1.4.0.202007081208/tools/bin/../lib/gcc/arm-none-eabi/7.3.1/../../../../arm-none-eabi/lib/thumb/v7-m\libc_nano.a
LOAD d:/programs/stm32cubeide_1.4.0/stm32cubeide/plugins/com.st.stm32cube.ide.mcu.externaltools.gnu-tools-for-stm32.7-2018-q2-update.win32_1.4.0.202007081208/tools/bin/../lib/gcc/arm-none-eabi/7.3.1/../../../../arm-none-eabi/lib/thumb/v7-m\libnosys.a
END GROUP
START GROUP
LOAD d:/programs/stm32cubeide_1.4.0/stm32cubeide/plugins/com.st.stm32cube.ide.mcu.externaltools.gnu-tools-for-stm32.7-2018-q2-update.win32_1.4.0.202007081208/tools/bin/../lib/gcc/arm-none-eabi/7.3.1/thumb/v7-m\libgcc.a
LOAD d:/programs/stm32cubeide_1.4.0/stm32cubeide/plugins/com.st.stm32cube.ide.mcu.externaltools.gnu-tools-for-stm32.7-2018-q2-update.win32_1.4.0.202007081208/tools/bin/../lib/gcc/arm-none-eabi/7.3.1/../../../../arm-none-eabi/lib/thumb/v7-m\libc_nano.a
LOAD d:/programs/stm32cubeide_1.4.0/stm32cubeide/plugins/com.st.stm32cube.ide.mcu.externaltools.gnu-tools-for-stm32.7-2018-q2-update.win32_1.4.0.202007081208/tools/bin/../lib/gcc/arm-none-eabi/7.3.1/../../../../arm-none-eabi/lib/thumb/v7-m\libnosys.a
END GROUP
LOAD d:/programs/stm32cubeide_1.4.0/stm32cubeide/plugins/com.st.stm32cube.ide.mcu.externaltools.gnu-tools-for-stm32.7-2018-q2-update.win32_1.4.0.202007081208/tools/bin/../lib/gcc/arm-none-eabi/7.3.1/thumb/v7-m/crtend.o
LOAD d:/programs/stm32cubeide_1.4.0/stm32cubeide/plugins/com.st.stm32cube.ide.mcu.externaltools.gnu-tools-for-stm32.7-2018-q2-update.win32_1.4.0.202007081208/tools/bin/../lib/gcc/arm-none-eabi/7.3.1/thumb/v7-m/crtn.o
                0x0000000020002800                _estack = (ORIGIN (RAM) + LENGTH (RAM))
                0x0000000000000200                _Min_Heap_Size = 0x200
                0x0000000000000400                _Min_Stack_Size = 0x400

.isr_vector     0x0000000008000000      0x130
                0x0000000008000000                . = ALIGN (0x4)
 *(.isr_vector)
 .isr_vector    0x0000000008000000      0x130 Startup/startup_stm32f103c6tx.o
                0x0000000008000000                g_pfnVectors
                0x0000000008000130                . = ALIGN (0x4)

.text           0x0000000008000130      0x7ec
                0x0000000008000130                . = ALIGN (0x4)
 *(.text)
 .text          0x0000000008000130       0x40 d:/programs/stm32cubeide_1.4.0/stm32cubeide/plugins/com.st.stm32cube.ide.mcu.externaltools.gnu-tools-for-stm32.7-2018-q2-update.win32_1.4.0.202007081208/tools/bin/../lib/gcc/arm-none-eabi/7.3.1/thumb/v7-m/crtbegin.o
 *(.text*)
 .text.Keypad_Init
                0x0000000008000170       0xb0 STM32F103x6_Drivers/HAL/Keypad_Driver/Keypad_program.o
                0x0000000008000170                Keypad_Init
 .text.Keypad_Get_Char
                0x0000000008000220       0xbc STM32F103x6_Drivers/HAL/Keypad_Driver/Keypad_program.o
                0x0000000008000220                Keypad_Get_Char
 .text._delay_ms
                0x00000000080002dc       0x46 STM32F103x6_Drivers/HAL/LCD_Driver/LCD_program.o
                0x00000000080002dc                _delay_ms
 *fill*         0x0000000008000322        0x2 
 .text.LCD_Enable_Pulse
                0x0000000008000324       0x28 STM32F103x6_Drivers/HAL/LCD_Driver/LCD_program.o
                0x0000000008000324                LCD_Enable_Pulse
 .text.Check_End_Of_Line
                0x000000000800034c       0x64 STM32F103x6_Drivers/HAL/LCD_Driver/LCD_program.o
                0x000000000800034c                Check_End_Of_Line
 .text.LCD_Init
                0x00000000080003b0       0xec STM32F103x6_Drivers/HAL/LCD_Driver/LCD_program.o
                0x00000000080003b0                LCD_Init
 .text.LCD_Send_Command
                0x000000000800049c       0xe4 STM32F103x6_Drivers/HAL/LCD_Driver/LCD_program.o
                0x000000000800049c                LCD_Send_Command
 .text.LCD_Send_Char
                0x0000000008000580       0xf8 STM32F103x6_Drivers/HAL/LCD_Driver/LCD_program.o
                0x0000000008000580                LCD_Send_Char
 .text.LCD_Cursor_XY
                0x0000000008000678       0x46 STM32F103x6_Drivers/HAL/LCD_Driver/LCD_program.o
                0x0000000008000678                LCD_Cursor_XY
 *fill*         0x00000000080006be        0x2 
 .text.LCD_Clear_Screen
                0x00000000080006c0       0x18 STM32F103x6_Drivers/HAL/LCD_Driver/LCD_program.o
                0x00000000080006c0                LCD_Clear_Screen
 .text.MCAL_GPIO_Init
                0x00000000080006d8       0xae STM32F103x6_Drivers/MCAL/GPIO/stm32f103x6_GPIO.o
                0x00000000080006d8                MCAL_GPIO_Init
 .text.MCAL_GPIO_ReadPin
                0x0000000008000786       0x38 STM32F103x6_Drivers/MCAL/GPIO/stm32f103x6_GPIO.o
                0x0000000008000786                MCAL_GPIO_ReadPin
 .text.MCAL_GPIO_WritePin
                0x00000000080007be       0x48 STM32F103x6_Drivers/MCAL/GPIO/stm32f103x6_GPIO.o
                0x00000000080007be                MCAL_GPIO_WritePin
 .text.main     0x0000000008000806       0x3a Src/main.o
                0x0000000008000806                main
 .text.clock_init
                0x0000000008000840       0x28 Src/main.o
                0x0000000008000840                clock_init
 .text.Reset_Handler
                0x0000000008000868       0x50 Startup/startup_stm32f103c6tx.o
                0x0000000008000868                Reset_Handler
 .text.Default_Handler
                0x00000000080008b8        0x2 Startup/startup_stm32f103c6tx.o
                0x00000000080008b8                EXTI2_IRQHandler
                0x00000000080008b8                TIM8_TRG_COM_IRQHandler
                0x00000000080008b8                TIM8_CC_IRQHandler
                0x00000000080008b8                DebugMon_Handler
                0x00000000080008b8                TIM1_CC_IRQHandler
                0x00000000080008b8                HardFault_Handler
                0x00000000080008b8                TIM6_IRQHandler
                0x00000000080008b8                SysTick_Handler
                0x00000000080008b8                PVD_IRQHandler
                0x00000000080008b8                SDIO_IRQHandler
                0x00000000080008b8                PendSV_Handler
                0x00000000080008b8                NMI_Handler
                0x00000000080008b8                EXTI3_IRQHandler
                0x00000000080008b8                USB_HP_CAN_TX_IRQHandler
                0x00000000080008b8                EXTI0_IRQHandler
                0x00000000080008b8                I2C2_EV_IRQHandler
                0x00000000080008b8                UsageFault_Handler
                0x00000000080008b8                ADC1_2_IRQHandler
                0x00000000080008b8                SPI1_IRQHandler
                0x00000000080008b8                CAN_SCE_IRQHandler
                0x00000000080008b8                TAMPER_IRQHandler
                0x00000000080008b8                TIM8_UP_IRQHandler
                0x00000000080008b8                DMA2_Channel2_IRQHandler
                0x00000000080008b8                DMA1_Channel4_IRQHandler
                0x00000000080008b8                USART3_IRQHandler
                0x00000000080008b8                RTC_IRQHandler
                0x00000000080008b8                DMA1_Channel7_IRQHandler
                0x00000000080008b8                UART5_IRQHandler
                0x00000000080008b8                ADC3_IRQHandler
                0x00000000080008b8                TIM4_IRQHandler
                0x00000000080008b8                CAN_RX1_IRQHandler
                0x00000000080008b8                DMA2_Channel1_IRQHandler
                0x00000000080008b8                I2C1_EV_IRQHandler
                0x00000000080008b8                DMA1_Channel6_IRQHandler
                0x00000000080008b8                UART4_IRQHandler
                0x00000000080008b8                TIM3_IRQHandler
                0x00000000080008b8                RCC_IRQHandler
                0x00000000080008b8                TIM1_TRG_COM_IRQHandler
                0x00000000080008b8                DMA1_Channel1_IRQHandler
                0x00000000080008b8                Default_Handler
                0x00000000080008b8                EXTI15_10_IRQHandler
                0x00000000080008b8                TIM7_IRQHandler
                0x00000000080008b8                TIM5_IRQHandler
                0x00000000080008b8                EXTI9_5_IRQHandler
                0x00000000080008b8                SPI2_IRQHandler
                0x00000000080008b8                USB_LP_CAN_RX0_IRQHandler
                0x00000000080008b8                MemManage_Handler
                0x00000000080008b8                SVC_Handler
                0x00000000080008b8                DMA1_Channel5_IRQHandler
                0x00000000080008b8                EXTI4_IRQHandler
                0x00000000080008b8                DMA1_Channel3_IRQHandler
                0x00000000080008b8                FSMC_IRQHandler
                0x00000000080008b8                TIM1_UP_IRQHandler
                0x00000000080008b8                WWDG_IRQHandler
                0x00000000080008b8                TIM2_IRQHandler
                0x00000000080008b8                TIM1_BRK_IRQHandler
                0x00000000080008b8                EXTI1_IRQHandler
                0x00000000080008b8                RTCAlarm_IRQHandler
                0x00000000080008b8                DMA2_Channel4_5_IRQHandler
                0x00000000080008b8                USART2_IRQHandler
                0x00000000080008b8                I2C2_ER_IRQHandler
                0x00000000080008b8                DMA1_Channel2_IRQHandler
                0x00000000080008b8                TIM8_BRK_IRQHandler
                0x00000000080008b8                FLASH_IRQHandler
                0x00000000080008b8                BusFault_Handler
                0x00000000080008b8                USART1_IRQHandler
                0x00000000080008b8                SPI3_IRQHandler
                0x00000000080008b8                I2C1_ER_IRQHandler
                0x00000000080008b8                DMA2_Channel3_IRQHandler
 *fill*         0x00000000080008ba        0x2 
 .text.__libc_init_array
                0x00000000080008bc       0x48 d:/programs/stm32cubeide_1.4.0/stm32cubeide/plugins/com.st.stm32cube.ide.mcu.externaltools.gnu-tools-for-stm32.7-2018-q2-update.win32_1.4.0.202007081208/tools/bin/../lib/gcc/arm-none-eabi/7.3.1/../../../../arm-none-eabi/lib/thumb/v7-m\libc_nano.a(lib_a-init.o)
                0x00000000080008bc                __libc_init_array
 *(.glue_7)
 .glue_7        0x0000000008000904        0x0 linker stubs
 *(.glue_7t)
 .glue_7t       0x0000000008000904        0x0 linker stubs
 *(.eh_frame)
 .eh_frame      0x0000000008000904        0x0 d:/programs/stm32cubeide_1.4.0/stm32cubeide/plugins/com.st.stm32cube.ide.mcu.externaltools.gnu-tools-for-stm32.7-2018-q2-update.win32_1.4.0.202007081208/tools/bin/../lib/gcc/arm-none-eabi/7.3.1/thumb/v7-m/crtbegin.o
 *(.init)
 .init          0x0000000008000904        0x4 d:/programs/stm32cubeide_1.4.0/stm32cubeide/plugins/com.st.stm32cube.ide.mcu.externaltools.gnu-tools-for-stm32.7-2018-q2-update.win32_1.4.0.202007081208/tools/bin/../lib/gcc/arm-none-eabi/7.3.1/thumb/v7-m/crti.o
                0x0000000008000904                _init
 .init          0x0000000008000908        0x8 d:/programs/stm32cubeide_1.4.0/stm32cubeide/plugins/com.st.stm32cube.ide.mcu.externaltools.gnu-tools-for-stm32.7-2018-q2-update.win32_1.4.0.202007081208/tools/bin/../lib/gcc/arm-none-eabi/7.3.1/thumb/v7-m/crtn.o
 *(.fini)
 .fini          0x0000000008000910        0x4 d:/programs/stm32cubeide_1.4.0/stm32cubeide/plugins/com.st.stm32cube.ide.mcu.externaltools.gnu-tools-for-stm32.7-2018-q2-update.win32_1.4.0.202007081208/tools/bin/../lib/gcc/arm-none-eabi/7.3.1/thumb/v7-m/crti.o
                0x0000000008000910                _fini
 .fini          0x0000000008000914        0x8 d:/programs/stm32cubeide_1.4.0/stm32cubeide/plugins/com.st.stm32cube.ide.mcu.externaltools.gnu-tools-for-stm32.7-2018-q2-update.win32_1.4.0.202007081208/tools/bin/../lib/gcc/arm-none-eabi/7.3.1/thumb/v7-m/crtn.o
                0x000000000800091c                . = ALIGN (0x4)
                0x000000000800091c                _etext = .

.vfp11_veneer   0x000000000800091c        0x0
 .vfp11_veneer  0x000000000800091c        0x0 linker stubs

.v4_bx          0x000000000800091c        0x0
 .v4_bx         0x000000000800091c        0x0 linker stubs

.iplt           0x000000000800091c        0x0
 .iplt          0x000000000800091c        0x0 d:/programs/stm32cubeide_1.4.0/stm32cubeide/plugins/com.st.stm32cube.ide.mcu.externaltools.gnu-tools-for-stm32.7-2018-q2-update.win32_1.4.0.202007081208/tools/bin/../lib/gcc/arm-none-eabi/7.3.1/thumb/v7-m/crtbegin.o

.rel.dyn        0x000000000800091c        0x0
 .rel.iplt      0x000000000800091c        0x0 d:/programs/stm32cubeide_1.4.0/stm32cubeide/plugins/com.st.stm32cube.ide.mcu.externaltools.gnu-tools-for-stm32.7-2018-q2-update.win32_1.4.0.202007081208/tools/bin/../lib/gcc/arm-none-eabi/7.3.1/thumb/v7-m/crtbegin.o

.rodata         0x000000000800091c        0x0
                0x000000000800091c                . = ALIGN (0x4)
 *(.rodata)
 *(.rodata*)
                0x000000000800091c                . = ALIGN (0x4)

.ARM.extab      0x000000000800091c        0x0
                0x000000000800091c                . = ALIGN (0x4)
 *(.ARM.extab* .gnu.linkonce.armextab.*)
                0x000000000800091c                . = ALIGN (0x4)

.ARM            0x000000000800091c        0x0
                0x000000000800091c                . = ALIGN (0x4)
                0x000000000800091c                __exidx_start = .
 *(.ARM.exidx*)
                0x000000000800091c                __exidx_end = .
                0x000000000800091c                . = ALIGN (0x4)

.preinit_array  0x000000000800091c        0x0
                0x000000000800091c                . = ALIGN (0x4)
                0x000000000800091c                PROVIDE (__preinit_array_start = .)
 *(.preinit_array*)
                0x000000000800091c                PROVIDE (__preinit_array_end = .)
                0x000000000800091c                . = ALIGN (0x4)

.init_array     0x000000000800091c        0x4
                0x000000000800091c                . = ALIGN (0x4)
                0x000000000800091c                PROVIDE (__init_array_start = .)
 *(SORT_BY_NAME(.init_array.*))
 *(.init_array*)
 .init_array    0x000000000800091c        0x4 d:/programs/stm32cubeide_1.4.0/stm32cubeide/plugins/com.st.stm32cube.ide.mcu.externaltools.gnu-tools-for-stm32.7-2018-q2-update.win32_1.4.0.202007081208/tools/bin/../lib/gcc/arm-none-eabi/7.3.1/thumb/v7-m/crtbegin.o
                0x0000000008000920                PROVIDE (__init_array_end = .)
                0x0000000008000920                . = ALIGN (0x4)

.fini_array     0x0000000008000920        0x4
                0x0000000008000920                . = ALIGN (0x4)
                [!provide]                        PROVIDE (__fini_array_start = .)
 *(SORT_BY_NAME(.fini_array.*))
 *(.fini_array*)
 .fini_array    0x0000000008000920        0x4 d:/programs/stm32cubeide_1.4.0/stm32cubeide/plugins/com.st.stm32cube.ide.mcu.externaltools.gnu-tools-for-stm32.7-2018-q2-update.win32_1.4.0.202007081208/tools/bin/../lib/gcc/arm-none-eabi/7.3.1/thumb/v7-m/crtbegin.o
                [!provide]                        PROVIDE (__fini_array_end = .)
                0x0000000008000924                . = ALIGN (0x4)
                0x0000000008000924                _sidata = LOADADDR (.data)

.data           0x0000000020000000       0x18 load address 0x0000000008000924
                0x0000000020000000                . = ALIGN (0x4)
                0x0000000020000000                _sdata = .
 *(.data)
 *(.data*)
 .data.keypad_chars
                0x0000000020000000       0x10 STM32F103x6_Drivers/HAL/Keypad_Driver/Keypad_program.o
 .data.KeypadRowPins
                0x0000000020000010        0x4 STM32F103x6_Drivers/HAL/Keypad_Driver/Keypad_program.o
 .data.KeypadColPins
                0x0000000020000014        0x4 STM32F103x6_Drivers/HAL/Keypad_Driver/Keypad_program.o
                0x0000000020000018                . = ALIGN (0x4)
                0x0000000020000018                _edata = .

.igot.plt       0x0000000020000018        0x0 load address 0x000000000800093c
 .igot.plt      0x0000000020000018        0x0 d:/programs/stm32cubeide_1.4.0/stm32cubeide/plugins/com.st.stm32cube.ide.mcu.externaltools.gnu-tools-for-stm32.7-2018-q2-update.win32_1.4.0.202007081208/tools/bin/../lib/gcc/arm-none-eabi/7.3.1/thumb/v7-m/crtbegin.o
                0x0000000020000018                . = ALIGN (0x4)

.bss            0x0000000020000018       0x24 load address 0x000000000800093c
                0x0000000020000018                _sbss = .
                0x0000000020000018                __bss_start__ = _sbss
 *(.bss)
 .bss           0x0000000020000018       0x1c d:/programs/stm32cubeide_1.4.0/stm32cubeide/plugins/com.st.stm32cube.ide.mcu.externaltools.gnu-tools-for-stm32.7-2018-q2-update.win32_1.4.0.202007081208/tools/bin/../lib/gcc/arm-none-eabi/7.3.1/thumb/v7-m/crtbegin.o
 *(.bss*)
 .bss.charCounter
                0x0000000020000034        0x1 STM32F103x6_Drivers/HAL/LCD_Driver/LCD_program.o
 .bss.lineCounter
                0x0000000020000035        0x1 STM32F103x6_Drivers/HAL/LCD_Driver/LCD_program.o
 *(COMMON)
 *fill*         0x0000000020000036        0x2 
 COMMON         0x0000000020000038        0x4 STM32F103x6_Drivers/HAL/Keypad_Driver/Keypad_program.o
                0x0000000020000038                config
                0x000000002000003c                . = ALIGN (0x4)
                0x000000002000003c                _ebss = .
                0x000000002000003c                __bss_end__ = _ebss

._user_heap_stack
                0x000000002000003c      0x604 load address 0x000000000800093c
                0x0000000020000040                . = ALIGN (0x8)
 *fill*         0x000000002000003c        0x4 
                [!provide]                        PROVIDE (end = .)
                0x0000000020000040                PROVIDE (_end = .)
                0x0000000020000240                . = (. + _Min_Heap_Size)
 *fill*         0x0000000020000040      0x200 
                0x0000000020000640                . = (. + _Min_Stack_Size)
 *fill*         0x0000000020000240      0x400 
                0x0000000020000640                . = ALIGN (0x8)

/DISCARD/
 libc.a(*)
 libm.a(*)
 libgcc.a(*)

.ARM.attributes
                0x0000000000000000       0x29
 *(.ARM.attributes)
 .ARM.attributes
                0x0000000000000000       0x1d d:/programs/stm32cubeide_1.4.0/stm32cubeide/plugins/com.st.stm32cube.ide.mcu.externaltools.gnu-tools-for-stm32.7-2018-q2-update.win32_1.4.0.202007081208/tools/bin/../lib/gcc/arm-none-eabi/7.3.1/thumb/v7-m/crti.o
 .ARM.attributes
                0x000000000000001d       0x2d d:/programs/stm32cubeide_1.4.0/stm32cubeide/plugins/com.st.stm32cube.ide.mcu.externaltools.gnu-tools-for-stm32.7-2018-q2-update.win32_1.4.0.202007081208/tools/bin/../lib/gcc/arm-none-eabi/7.3.1/thumb/v7-m/crtbegin.o
 .ARM.attributes
                0x000000000000004a       0x33 STM32F103x6_Drivers/HAL/Keypad_Driver/Keypad_program.o
 .ARM.attributes
                0x000000000000007d       0x33 STM32F103x6_Drivers/HAL/LCD_Driver/LCD_program.o
 .ARM.attributes
                0x00000000000000b0       0x33 STM32F103x6_Drivers/MCAL/GPIO/stm32f103x6_GPIO.o
 .ARM.attributes
                0x00000000000000e3       0x33 Src/main.o
 .ARM.attributes
                0x0000000000000116       0x21 Startup/startup_stm32f103c6tx.o
 .ARM.attributes
                0x0000000000000137       0x2d d:/programs/stm32cubeide_1.4.0/stm32cubeide/plugins/com.st.stm32cube.ide.mcu.externaltools.gnu-tools-for-stm32.7-2018-q2-update.win32_1.4.0.202007081208/tools/bin/../lib/gcc/arm-none-eabi/7.3.1/../../../../arm-none-eabi/lib/thumb/v7-m\libc_nano.a(lib_a-init.o)
 .ARM.attributes
                0x0000000000000164       0x1d d:/programs/stm32cubeide_1.4.0/stm32cubeide/plugins/com.st.stm32cube.ide.mcu.externaltools.gnu-tools-for-stm32.7-2018-q2-update.win32_1.4.0.202007081208/tools/bin/../lib/gcc/arm-none-eabi/7.3.1/thumb/v7-m/crtn.o
OUTPUT(Drivers_Test.elf elf32-littlearm)

.debug_info     0x0000000000000000      0xbb4
 .debug_info    0x0000000000000000      0x20f STM32F103x6_Drivers/HAL/Keypad_Driver/Keypad_program.o
 .debug_info    0x000000000000020f      0x2f3 STM32F103x6_Drivers/HAL/LCD_Driver/LCD_program.o
 .debug_info    0x0000000000000502      0x419 STM32F103x6_Drivers/MCAL/GPIO/stm32f103x6_GPIO.o
 .debug_info    0x000000000000091b      0x277 Src/main.o
 .debug_info    0x0000000000000b92       0x22 Startup/startup_stm32f103c6tx.o

.debug_abbrev   0x0000000000000000      0x3c9
 .debug_abbrev  0x0000000000000000       0xd8 STM32F103x6_Drivers/HAL/Keypad_Driver/Keypad_program.o
 .debug_abbrev  0x00000000000000d8      0x158 STM32F103x6_Drivers/HAL/LCD_Driver/LCD_program.o
 .debug_abbrev  0x0000000000000230       0xc0 STM32F103x6_Drivers/MCAL/GPIO/stm32f103x6_GPIO.o
 .debug_abbrev  0x00000000000002f0       0xc7 Src/main.o
 .debug_abbrev  0x00000000000003b7       0x12 Startup/startup_stm32f103c6tx.o

.debug_loc      0x0000000000000000      0x6a0
 .debug_loc     0x0000000000000000       0x7c STM32F103x6_Drivers/HAL/Keypad_Driver/Keypad_program.o
 .debug_loc     0x000000000000007c      0x278 STM32F103x6_Drivers/HAL/LCD_Driver/LCD_program.o
 .debug_loc     0x00000000000002f4      0x2e0 STM32F103x6_Drivers/MCAL/GPIO/stm32f103x6_GPIO.o
 .debug_loc     0x00000000000005d4       0xcc Src/main.o

.debug_aranges  0x0000000000000000      0x140
 .debug_aranges
                0x0000000000000000       0x28 STM32F103x6_Drivers/HAL/Keypad_Driver/Keypad_program.o
 .debug_aranges
                0x0000000000000028       0x68 STM32F103x6_Drivers/HAL/LCD_Driver/LCD_program.o
 .debug_aranges
                0x0000000000000090       0x58 STM32F103x6_Drivers/MCAL/GPIO/stm32f103x6_GPIO.o
 .debug_aranges
                0x00000000000000e8       0x30 Src/main.o
 .debug_aranges
                0x0000000000000118       0x28 Startup/startup_stm32f103c6tx.o

.debug_ranges   0x0000000000000000       0xf8
 .debug_ranges  0x0000000000000000       0x18 STM32F103x6_Drivers/HAL/Keypad_Driver/Keypad_program.o
 .debug_ranges  0x0000000000000018       0x58 STM32F103x6_Drivers/HAL/LCD_Driver/LCD_program.o
 .debug_ranges  0x0000000000000070       0x48 STM32F103x6_Drivers/MCAL/GPIO/stm32f103x6_GPIO.o
 .debug_ranges  0x00000000000000b8       0x20 Src/main.o
 .debug_ranges  0x00000000000000d8       0x20 Startup/startup_stm32f103c6tx.o

.debug_macro    0x0000000000000000     0x105f
 .debug_macro   0x0000000000000000       0x4a STM32F103x6_Drivers/HAL/Keypad_Driver/Keypad_program.o
 .debug_macro   0x000000000000004a      0xa60 STM32F103x6_Drivers/HAL/Keypad_Driver/Keypad_program.o
 .debug_macro   0x0000000000000aaa       0x2e STM32F103x6_Drivers/HAL/Keypad_Driver/Keypad_program.o
 .debug_macro   0x0000000000000ad8       0x1c STM32F103x6_Drivers/HAL/Keypad_Driver/Keypad_program.o
 .debug_macro   0x0000000000000af4       0xb5 STM32F103x6_Drivers/HAL/Keypad_Driver/Keypad_program.o
 .debug_macro   0x0000000000000ba9       0xe8 STM32F103x6_Drivers/HAL/Keypad_Driver/Keypad_program.o
 .debug_macro   0x0000000000000c91       0x4c STM32F103x6_Drivers/HAL/Keypad_Driver/Keypad_program.o
 .debug_macro   0x0000000000000cdd       0x4a STM32F103x6_Drivers/HAL/LCD_Driver/LCD_program.o
 .debug_macro   0x0000000000000d27       0xb8 STM32F103x6_Drivers/HAL/LCD_Driver/LCD_program.o
 .debug_macro   0x0000000000000ddf       0x41 STM32F103x6_Drivers/MCAL/GPIO/stm32f103x6_GPIO.o
 .debug_macro   0x0000000000000e20       0xe2 STM32F103x6_Drivers/MCAL/GPIO/stm32f103x6_GPIO.o
 .debug_macro   0x0000000000000f02       0x4d Src/main.o
 .debug_macro   0x0000000000000f4f       0xbe Src/main.o
 .debug_macro   0x000000000000100d       0x52 Src/main.o

.debug_line     0x0000000000000000      0xab2
 .debug_line    0x0000000000000000      0x27a STM32F103x6_Drivers/HAL/Keypad_Driver/Keypad_program.o
 .debug_line    0x000000000000027a      0x2f9 STM32F103x6_Drivers/HAL/LCD_Driver/LCD_program.o
 .debug_line    0x0000000000000573      0x21e STM32F103x6_Drivers/MCAL/GPIO/stm32f103x6_GPIO.o
 .debug_line    0x0000000000000791      0x29d Src/main.o
 .debug_line    0x0000000000000a2e       0x84 Startup/startup_stm32f103c6tx.o

.debug_str      0x0000000000000000     0x3d22
 .debug_str     0x0000000000000000     0x37a5 STM32F103x6_Drivers/HAL/Keypad_Driver/Keypad_program.o
                                       0x382e (size before relaxing)
 .debug_str     0x00000000000037a5      0x3de STM32F103x6_Drivers/HAL/LCD_Driver/LCD_program.o
                                       0x3a0f (size before relaxing)
 .debug_str     0x0000000000003b83      0x13b STM32F103x6_Drivers/MCAL/GPIO/stm32f103x6_GPIO.o
                                       0x3760 (size before relaxing)
 .debug_str     0x0000000000003cbe       0x33 Src/main.o
                                       0x3aef (size before relaxing)
 .debug_str     0x0000000000003cf1       0x31 Startup/startup_stm32f103c6tx.o
                                         0x6f (size before relaxing)

.comment        0x0000000000000000       0x7b
 .comment       0x0000000000000000       0x7b STM32F103x6_Drivers/HAL/Keypad_Driver/Keypad_program.o
                                         0x7c (size before relaxing)
 .comment       0x000000000000007b       0x7c STM32F103x6_Drivers/HAL/LCD_Driver/LCD_program.o
 .comment       0x000000000000007b       0x7c STM32F103x6_Drivers/MCAL/GPIO/stm32f103x6_GPIO.o
 .comment       0x000000000000007b       0x7c Src/main.o

.debug_frame    0x0000000000000000      0x394
 .debug_frame   0x0000000000000000       0x50 STM32F103x6_Drivers/HAL/Keypad_Driver/Keypad_program.o
 .debug_frame   0x0000000000000050      0x154 STM32F103x6_Drivers/HAL/LCD_Driver/LCD_program.o
 .debug_frame   0x00000000000001a4      0x150 STM32F103x6_Drivers/MCAL/GPIO/stm32f103x6_GPIO.o
 .debug_frame   0x00000000000002f4       0x74 Src/main.o
 .debug_frame   0x0000000000000368       0x2c d:/programs/stm32cubeide_1.4.0/stm32cubeide/plugins/com.st.stm32cube.ide.mcu.externaltools.gnu-tools-for-stm32.7-2018-q2-update.win32_1.4.0.202007081208/tools/bin/../lib/gcc/arm-none-eabi/7.3.1/../../../../arm-none-eabi/lib/thumb/v7-m\libc_nano.a(lib_a-init.o)
