Archive member included to satisfy reference by file (symbol)

d:/programs/stm32cubeide_1.4.0/stm32cubeide/plugins/com.st.stm32cube.ide.mcu.externaltools.gnu-tools-for-stm32.7-2018-q2-update.win32_1.4.0.202007081208/tools/bin/../lib/gcc/arm-none-eabi/7.3.1/../../../../arm-none-eabi/lib/thumb/v7-m\libc_nano.a(lib_a-errno.o)
                              Src/syscalls.o (__errno)
d:/programs/stm32cubeide_1.4.0/stm32cubeide/plugins/com.st.stm32cube.ide.mcu.externaltools.gnu-tools-for-stm32.7-2018-q2-update.win32_1.4.0.202007081208/tools/bin/../lib/gcc/arm-none-eabi/7.3.1/../../../../arm-none-eabi/lib/thumb/v7-m\libc_nano.a(lib_a-exit.o)
                              d:/programs/stm32cubeide_1.4.0/stm32cubeide/plugins/com.st.stm32cube.ide.mcu.externaltools.gnu-tools-for-stm32.7-2018-q2-update.win32_1.4.0.202007081208/tools/bin/../lib/gcc/arm-none-eabi/7.3.1/../../../../arm-none-eabi/lib/thumb/v7-m/crt0.o (exit)
d:/programs/stm32cubeide_1.4.0/stm32cubeide/plugins/com.st.stm32cube.ide.mcu.externaltools.gnu-tools-for-stm32.7-2018-q2-update.win32_1.4.0.202007081208/tools/bin/../lib/gcc/arm-none-eabi/7.3.1/../../../../arm-none-eabi/lib/thumb/v7-m\libc_nano.a(lib_a-impure.o)
                              d:/programs/stm32cubeide_1.4.0/stm32cubeide/plugins/com.st.stm32cube.ide.mcu.externaltools.gnu-tools-for-stm32.7-2018-q2-update.win32_1.4.0.202007081208/tools/bin/../lib/gcc/arm-none-eabi/7.3.1/../../../../arm-none-eabi/lib/thumb/v7-m\libc_nano.a(lib_a-exit.o) (_global_impure_ptr)
d:/programs/stm32cubeide_1.4.0/stm32cubeide/plugins/com.st.stm32cube.ide.mcu.externaltools.gnu-tools-for-stm32.7-2018-q2-update.win32_1.4.0.202007081208/tools/bin/../lib/gcc/arm-none-eabi/7.3.1/../../../../arm-none-eabi/lib/thumb/v7-m\libc_nano.a(lib_a-init.o)
                              d:/programs/stm32cubeide_1.4.0/stm32cubeide/plugins/com.st.stm32cube.ide.mcu.externaltools.gnu-tools-for-stm32.7-2018-q2-update.win32_1.4.0.202007081208/tools/bin/../lib/gcc/arm-none-eabi/7.3.1/../../../../arm-none-eabi/lib/thumb/v7-m/crt0.o (__libc_init_array)
d:/programs/stm32cubeide_1.4.0/stm32cubeide/plugins/com.st.stm32cube.ide.mcu.externaltools.gnu-tools-for-stm32.7-2018-q2-update.win32_1.4.0.202007081208/tools/bin/../lib/gcc/arm-none-eabi/7.3.1/../../../../arm-none-eabi/lib/thumb/v7-m\libc_nano.a(lib_a-memset.o)
                              d:/programs/stm32cubeide_1.4.0/stm32cubeide/plugins/com.st.stm32cube.ide.mcu.externaltools.gnu-tools-for-stm32.7-2018-q2-update.win32_1.4.0.202007081208/tools/bin/../lib/gcc/arm-none-eabi/7.3.1/../../../../arm-none-eabi/lib/thumb/v7-m/crt0.o (memset)
d:/programs/stm32cubeide_1.4.0/stm32cubeide/plugins/com.st.stm32cube.ide.mcu.externaltools.gnu-tools-for-stm32.7-2018-q2-update.win32_1.4.0.202007081208/tools/bin/../lib/gcc/arm-none-eabi/7.3.1/../../../../arm-none-eabi/lib/thumb/v7-m\libm.a(lib_a-w_pow.o)
                              STM32F103x6_Drivers/MCAL/RCC/stm32f103x6_RCC.o (pow)
d:/programs/stm32cubeide_1.4.0/stm32cubeide/plugins/com.st.stm32cube.ide.mcu.externaltools.gnu-tools-for-stm32.7-2018-q2-update.win32_1.4.0.202007081208/tools/bin/../lib/gcc/arm-none-eabi/7.3.1/../../../../arm-none-eabi/lib/thumb/v7-m\libm.a(lib_a-e_pow.o)
                              d:/programs/stm32cubeide_1.4.0/stm32cubeide/plugins/com.st.stm32cube.ide.mcu.externaltools.gnu-tools-for-stm32.7-2018-q2-update.win32_1.4.0.202007081208/tools/bin/../lib/gcc/arm-none-eabi/7.3.1/../../../../arm-none-eabi/lib/thumb/v7-m\libm.a(lib_a-w_pow.o) (__ieee754_pow)
d:/programs/stm32cubeide_1.4.0/stm32cubeide/plugins/com.st.stm32cube.ide.mcu.externaltools.gnu-tools-for-stm32.7-2018-q2-update.win32_1.4.0.202007081208/tools/bin/../lib/gcc/arm-none-eabi/7.3.1/../../../../arm-none-eabi/lib/thumb/v7-m\libm.a(lib_a-e_sqrt.o)
                              d:/programs/stm32cubeide_1.4.0/stm32cubeide/plugins/com.st.stm32cube.ide.mcu.externaltools.gnu-tools-for-stm32.7-2018-q2-update.win32_1.4.0.202007081208/tools/bin/../lib/gcc/arm-none-eabi/7.3.1/../../../../arm-none-eabi/lib/thumb/v7-m\libm.a(lib_a-e_pow.o) (__ieee754_sqrt)
d:/programs/stm32cubeide_1.4.0/stm32cubeide/plugins/com.st.stm32cube.ide.mcu.externaltools.gnu-tools-for-stm32.7-2018-q2-update.win32_1.4.0.202007081208/tools/bin/../lib/gcc/arm-none-eabi/7.3.1/../../../../arm-none-eabi/lib/thumb/v7-m\libm.a(lib_a-s_fabs.o)
                              d:/programs/stm32cubeide_1.4.0/stm32cubeide/plugins/com.st.stm32cube.ide.mcu.externaltools.gnu-tools-for-stm32.7-2018-q2-update.win32_1.4.0.202007081208/tools/bin/../lib/gcc/arm-none-eabi/7.3.1/../../../../arm-none-eabi/lib/thumb/v7-m\libm.a(lib_a-e_pow.o) (fabs)
d:/programs/stm32cubeide_1.4.0/stm32cubeide/plugins/com.st.stm32cube.ide.mcu.externaltools.gnu-tools-for-stm32.7-2018-q2-update.win32_1.4.0.202007081208/tools/bin/../lib/gcc/arm-none-eabi/7.3.1/../../../../arm-none-eabi/lib/thumb/v7-m\libm.a(lib_a-s_finite.o)
[...]
Memory Configuration

Name             Origin             Length             Attributes
RAM              0x0000000020000000 0x0000000000002800 xrw
ROM              0x0000000008000000 0x0000000000008000 xr
*default*        0x0000000000000000 0xffffffffffffffff

Linker script and memory map

LOAD d:/programs/stm32cubeide_1.4.0/stm32cubeide/plugins/com.st.stm32cube.ide.mcu.externaltools.gnu-tools-for-stm32.7-2018-q2-update.win32_1.4.0.202007081208/tools/bin/../lib/gcc/arm-none-eabi/7.3.1/thumb/v7-m/crti.o
LOAD d:/programs/stm32cubeide_1.4.0/stm32cubeide/plugins/com.st.stm32cube.ide.mcu.externaltools.gnu-tools-for-stm32.7-2018-q2-update.win32_1.4.0.202007081208/tools/bin/../lib/gcc/arm-none-eabi/7.3.1/thumb/v7-m/crtbegin.o
LOAD d:/programs/stm32cubeide_1.4.0/stm32cubeide/plugins/com.st.stm32cube.ide.mcu.externaltools.gnu-tools-for-stm32.7-2018-q2-update.win32_1.4.0.202007081208/tools/bin/../lib/gcc/arm-none-eabi/7.3.1/../../../../arm-none-eabi/lib/thumb/v7-m/crt0.o
LOAD STM32F103x6_Drivers/HAL/Keypad_Driver/Keypad_program.o
LOAD STM32F103x6_Drivers/HAL/LCD_Driver/LCD_program.o
LOAD STM32F103x6_Drivers/MCAL/AFIO/stm32f103x6_AFIO.o
LOAD STM32F103x6_Drivers/MCAL/EXTI/stm32f103x6_EXTI.o
LOAD STM32F103x6_Drivers/MCAL/GPIO/stm32f103x6_GPIO.o
LOAD STM32F103x6_Drivers/MCAL/NVIC/stm32f103x6_NVIC.o
LOAD STM32F103x6_Drivers/MCAL/RCC/stm32f103x6_RCC.o
LOAD STM32F103x6_Drivers/MCAL/USART/stm32f103x6_USART.o
LOAD Src/main.o
LOAD Src/syscalls.o
LOAD Src/sysmem.o
LOAD Startup/startup_stm32f103c6tx.o
START GROUP
LOAD d:/programs/stm32cubeide_1.4.0/stm32cubeide/plugins/com.st.stm32cube.ide.mcu.externaltools.gnu-tools-for-stm32.7-2018-q2-update.win32_1.4.0.202007081208/tools/bin/../lib/gcc/arm-none-eabi/7.3.1/../../../../arm-none-eabi/lib/thumb/v7-m\libc_nano.a
LOAD d:/programs/stm32cubeide_1.4.0/stm32cubeide/plugins/com.st.stm32cube.ide.mcu.externaltools.gnu-tools-for-stm32.7-2018-q2-update.win32_1.4.0.202007081208/tools/bin/../lib/gcc/arm-none-eabi/7.3.1/../../../../arm-none-eabi/lib/thumb/v7-m\libm.a
END GROUP
START GROUP
LOAD d:/programs/stm32cubeide_1.4.0/stm32cubeide/plugins/com.st.stm32cube.ide.mcu.externaltools.gnu-tools-for-stm32.7-2018-q2-update.win32_1.4.0.202007081208/tools/bin/../lib/gcc/arm-none-eabi/7.3.1/thumb/v7-m\libgcc.a
LOAD d:/programs/stm32cubeide_1.4.0/stm32cubeide/plugins/com.st.stm32cube.ide.mcu.externaltools.gnu-tools-for-stm32.7-2018-q2-update.win32_1.4.0.202007081208/tools/bin/../lib/gcc/arm-none-eabi/7.3.1/../../../../arm-none-eabi/lib/thumb/v7-m\libg_nano.a
LOAD d:/programs/stm32cubeide_1.4.0/stm32cubeide/plugins/com.st.stm32cube.ide.mcu.externaltools.gnu-tools-for-stm32.7-2018-q2-update.win32_1.4.0.202007081208/tools/bin/../lib/gcc/arm-none-eabi/7.3.1/../../../../arm-none-eabi/lib/thumb/v7-m\libc_nano.a
END GROUP
START GROUP
LOAD d:/programs/stm32cubeide_1.4.0/stm32cubeide/plugins/com.st.stm32cube.ide.mcu.externaltools.gnu-tools-for-stm32.7-2018-q2-update.win32_1.4.0.202007081208/tools/bin/../lib/gcc/arm-none-eabi/7.3.1/thumb/v7-m\libgcc.a
LOAD d:/programs/stm32cubeide_1.4.0/stm32cubeide/plugins/com.st.stm32cube.ide.mcu.externaltools.gnu-tools-for-stm32.7-2018-q2-update.win32_1.4.0.202007081208/tools/bin/../lib/gcc/arm-none-eabi/7.3.1/../../../../arm-none-eabi/lib/thumb/v7-m\libc_nano.a
LOAD d:/programs/stm32cubeide_1.4.0/stm32cubeide/plugins/com.st.stm32cube.ide.mcu.externaltools.gnu-tools-for-stm32.7-2018-q2-update.win32_1.4.0.202007081208/tools/bin/../lib/gcc/arm-none-eabi/7.3.1/../../../../arm-none-eabi/lib/thumb/v7-m\libnosys.a
END GROUP
START GROUP
LOAD d:/programs/stm32cubeide_1.4.0/stm32cubeide/plugins/com.st.stm32cube.ide.mcu.externaltools.gnu-tools-for-stm32.7-2018-q2-update.win32_1.4.0.202007081208/tools/bin/../lib/gcc/arm-none-eabi/7.3.1/thumb/v7-m\libgcc.a
LOAD d:/programs/stm32cubeide_1.4.0/stm32cubeide/plugins/com.st.stm32cube.ide.mcu.externaltools.gnu-tools-for-stm32.7-2018-q2-update.win32_1.4.0.202007081208/tools/bin/../lib/gcc/arm-none-eabi/7.3.1/../../../../arm-none-eabi/lib/thumb/v7-m\libc_nano.a
LOAD d:/programs/stm32cubeide_1.4.0/stm32cubeide/plugins/com.st.stm32cube.ide.mcu.externaltools.gnu-tools-for-stm32.7-2018-q2-update.win32_1.4.0.202007081208/tools/bin/../lib/gcc/arm-none-eabi/7.3.1/../../../../arm-none-eabi/lib/thumb/v7-m\libnosys.a
END GROUP
LOAD d:/programs/stm32cubeide_1.4.0/stm32cubeide/plugins/com.st.stm32cube.ide.mcu.externaltools.gnu-tools-for-stm32.7-2018-q2-update.win32_1.4.0.202007081208/tools/bin/../lib/gcc/arm-none-eabi/7.3.1/thumb/v7-m/crtend.o
LOAD d:/programs/stm32cubeide_1.4.0/stm32cubeide/plugins/com.st.stm32cube.ide.mcu.externaltools.gnu-tools-for-stm32.7-2018-q2-update.win32_1.4.0.202007081208/tools/bin/../lib/gcc/arm-none-eabi/7.3.1/thumb/v7-m/crtn.o
                0x0000000020002800                _estack = (ORIGIN (RAM) + LENGTH (RAM))
                0x0000000000000200                _Min_Heap_Size = 0x200
                0x0000000000000400                _Min_Stack_Size = 0x400

.isr_vector     0x0000000008000000      0x130
                0x0000000008000000                . = ALIGN (0x4)
 *(.isr_vector)
 .isr_vector    0x0000000008000000      0x130 Startup/startup_stm32f103c6tx.o
                0x0000000008000000                g_pfnVectors
                0x0000000008000130                . = ALIGN (0x4)

.text           0x0000000008000130     0x28b0
                0x0000000008000130                . = ALIGN (0x4)
 *(.text)
 .text          0x0000000008000130       0x40 d:/programs/stm32cubeide_1.4.0/stm32cubeide/plugins/com.st.stm32cube.ide.mcu.externaltools.gnu-tools-for-stm32.7-2018-q2-update.win32_1.4.0.202007081208/tools/bin/../lib/gcc/arm-none-eabi/7.3.1/thumb/v7-m/crtbegin.o
 .text          0x0000000008000170      0x378 d:/programs/stm32cubeide_1.4.0/stm32cubeide/plugins/com.st.stm32cube.ide.mcu.externaltools.gnu-tools-for-stm32.7-2018-q2-update.win32_1.4.0.202007081208/tools/bin/../lib/gcc/arm-none-eabi/7.3.1/thumb/v7-m\libgcc.a(_arm_addsubdf3.o)
                0x0000000008000170                __aeabi_drsub
                0x0000000008000178                __aeabi_dsub
                0x0000000008000178                __subdf3
                0x000000000800017c                __aeabi_dadd
                0x000000000800017c                __adddf3
                0x00000000080003f4                __floatunsidf
                0x00000000080003f4                __aeabi_ui2d
                0x0000000008000414                __floatsidf
                0x0000000008000414                __aeabi_i2d
                0x0000000008000438                __aeabi_f2d
                0x0000000008000438                __extendsfdf2
                0x000000000800047c                __floatundidf
                0x000000000800047c                __aeabi_ul2d
                0x000000000800048c                __floatdidf
                0x000000000800048c                __aeabi_l2d
 .text          0x00000000080004e8      0x424 d:/programs/stm32cubeide_1.4.0/stm32cubeide/plugins/com.st.stm32cube.ide.mcu.externaltools.gnu-tools-for-stm32.7-2018-q2-update.win32_1.4.0.202007081208/tools/bin/../lib/gcc/arm-none-eabi/7.3.1/thumb/v7-m\libgcc.a(_arm_muldivdf3.o)
                0x00000000080004e8                __aeabi_dmul
                0x00000000080004e8                __muldf3
                0x000000000800073c                __divdf3
                0x000000000800073c                __aeabi_ddiv
 .text          0x000000000800090c      0x110 d:/programs/stm32cubeide_1.4.0/stm32cubeide/plugins/com.st.stm32cube.ide.mcu.externaltools.gnu-tools-for-stm32.7-2018-q2-update.win32_1.4.0.202007081208/tools/bin/../lib/gcc/arm-none-eabi/7.3.1/thumb/v7-m\libgcc.a(_arm_cmpdf2.o)
                0x000000000800090c                __gtdf2
                0x000000000800090c                __gedf2
                0x0000000008000914                __ltdf2
                0x0000000008000914                __ledf2
                0x000000000800091c                __nedf2
                0x000000000800091c                __eqdf2
                0x000000000800091c                __cmpdf2
                0x0000000008000998                __aeabi_cdrcmple
                0x00000000080009a8                __aeabi_cdcmpeq
                0x00000000080009a8                __aeabi_cdcmple
                0x00000000080009b8                __aeabi_dcmpeq
                0x00000000080009cc                __aeabi_dcmplt
                0x00000000080009e0                __aeabi_dcmple
                0x00000000080009f4                __aeabi_dcmpge
                0x0000000008000a08                __aeabi_dcmpgt
 .text          0x0000000008000a1c       0x2c d:/programs/stm32cubeide_1.4.0/stm32cubeide/plugins/com.st.stm32cube.ide.mcu.externaltools.gnu-tools-for-stm32.7-2018-q2-update.win32_1.4.0.202007081208/tools/bin/../lib/gcc/arm-none-eabi/7.3.1/thumb/v7-m\libgcc.a(_arm_unorddf2.o)
                0x0000000008000a1c                __unorddf2
                0x0000000008000a1c                __aeabi_dcmpun
 .text          0x0000000008000a48       0x40 d:/programs/stm32cubeide_1.4.0/stm32cubeide/plugins/com.st.stm32cube.ide.mcu.externaltools.gnu-tools-for-stm32.7-2018-q2-update.win32_1.4.0.202007081208/tools/bin/../lib/gcc/arm-none-eabi/7.3.1/thumb/v7-m\libgcc.a(_arm_fixunsdfsi.o)
                0x0000000008000a48                __aeabi_d2uiz
                0x0000000008000a48                __fixunsdfsi
 *(.text*)
 .text.EXTI0_IRQHandler
                0x0000000008000a88       0x24 STM32F103x6_Drivers/MCAL/EXTI/stm32f103x6_EXTI.o
                0x0000000008000a88                EXTI0_IRQHandler
 .text.EXTI1_IRQHandler
                0x0000000008000aac       0x24 STM32F103x6_Drivers/MCAL/EXTI/stm32f103x6_EXTI.o
                0x0000000008000aac                EXTI1_IRQHandler
 .text.EXTI2_IRQHandler
                0x0000000008000ad0       0x24 STM32F103x6_Drivers/MCAL/EXTI/stm32f103x6_EXTI.o
                0x0000000008000ad0                EXTI2_IRQHandler
 .text.EXTI3_IRQHandler
                0x0000000008000af4       0x24 STM32F103x6_Drivers/MCAL/EXTI/stm32f103x6_EXTI.o
                0x0000000008000af4                EXTI3_IRQHandler
 .text.EXTI4_IRQHandler
                0x0000000008000b18       0x24 STM32F103x6_Drivers/MCAL/EXTI/stm32f103x6_EXTI.o
                0x0000000008000b18                EXTI4_IRQHandler
 .text.EXTI9_5_IRQHandler
                0x0000000008000b3c       0xb0 STM32F103x6_Drivers/MCAL/EXTI/stm32f103x6_EXTI.o
                0x0000000008000b3c                EXTI9_5_IRQHandler
 .text.EXTI15_10_IRQHandler
                0x0000000008000bec       0xd0 STM32F103x6_Drivers/MCAL/EXTI/stm32f103x6_EXTI.o
                0x0000000008000bec                EXTI15_10_IRQHandler
 .text.MCAL_GPIO_Init
                0x0000000008000cbc       0xae STM32F103x6_Drivers/MCAL/GPIO/stm32f103x6_GPIO.o
                0x0000000008000cbc                MCAL_GPIO_Init
 .text.MCAL_NVIC_EnableIRQ
                0x0000000008000d6a       0x46 STM32F103x6_Drivers/MCAL/NVIC/stm32f103x6_NVIC.o
                0x0000000008000d6a                MCAL_NVIC_EnableIRQ
 .text.MCAL_RCC_GET_SYSCLK
                0x0000000008000db0       0x3c STM32F103x6_Drivers/MCAL/RCC/stm32f103x6_RCC.o
                0x0000000008000db0                MCAL_RCC_GET_SYSCLK
 .text.MCAL_RCC_GET_HCLK
                0x0000000008000dec       0x7c STM32F103x6_Drivers/MCAL/RCC/stm32f103x6_RCC.o
                0x0000000008000dec                MCAL_RCC_GET_HCLK
 .text.MCAL_RCC_GET_PCLK1
                0x0000000008000e68       0x68 STM32F103x6_Drivers/MCAL/RCC/stm32f103x6_RCC.o
                0x0000000008000e68                MCAL_RCC_GET_PCLK1
 .text.MCAL_RCC_GET_PCLK2
                0x0000000008000ed0       0x68 STM32F103x6_Drivers/MCAL/RCC/stm32f103x6_RCC.o
                0x0000000008000ed0                MCAL_RCC_GET_PCLK2
 .text.MCAL_UART_GPIO_Set_Pins
                0x0000000008000f38      0x194 STM32F103x6_Drivers/MCAL/USART/stm32f103x6_USART.o
 .text.MCAL_UART_Init
                0x00000000080010cc      0x1c0 STM32F103x6_Drivers/MCAL/USART/stm32f103x6_USART.o
                0x00000000080010cc                MCAL_UART_Init
 .text.MCAL_UART_Send_Data
                0x000000000800128c       0x50 STM32F103x6_Drivers/MCAL/USART/stm32f103x6_USART.o
                0x000000000800128c                MCAL_UART_Send_Data
 .text.MCAL_UART_Get_Data
                0x00000000080012dc       0x8c STM32F103x6_Drivers/MCAL/USART/stm32f103x6_USART.o
                0x00000000080012dc                MCAL_UART_Get_Data
 .text.MCAL_UART_Interrupt_EN
                0x0000000008001368       0xac STM32F103x6_Drivers/MCAL/USART/stm32f103x6_USART.o
                0x0000000008001368                MCAL_UART_Interrupt_EN
 .text.USART1_IRQHandler
                0x0000000008001414      0x164 STM32F103x6_Drivers/MCAL/USART/stm32f103x6_USART.o
                0x0000000008001414                USART1_IRQHandler
 .text.USART2_IRQHandler
                0x0000000008001578      0x164 STM32F103x6_Drivers/MCAL/USART/stm32f103x6_USART.o
                0x0000000008001578                USART2_IRQHandler
 .text.USART3_IRQHandler
                0x00000000080016dc      0x164 STM32F103x6_Drivers/MCAL/USART/stm32f103x6_USART.o
                0x00000000080016dc                USART3_IRQHandler
 .text.USART1_RXNE_ISR
                0x0000000008001840       0x24 Src/main.o
                0x0000000008001840                USART1_RXNE_ISR
 .text.main     0x0000000008001864       0x44 Src/main.o
                0x0000000008001864                main
 .text.clock_init
                0x00000000080018a8       0x28 Src/main.o
                0x00000000080018a8                clock_init
 .text.Reset_Handler
                0x00000000080018d0       0x50 Startup/startup_stm32f103c6tx.o
                0x00000000080018d0                Reset_Handler
 .text.Default_Handler
                0x0000000008001920        0x2 Startup/startup_stm32f103c6tx.o
                0x0000000008001920                TIM8_TRG_COM_IRQHandler
                0x0000000008001920                TIM8_CC_IRQHandler
                0x0000000008001920                DebugMon_Handler
                0x0000000008001920                TIM1_CC_IRQHandler
                0x0000000008001920                HardFault_Handler
                0x0000000008001920                TIM6_IRQHandler
                0x0000000008001920                SysTick_Handler
                0x0000000008001920                PVD_IRQHandler
                0x0000000008001920                SDIO_IRQHandler
                0x0000000008001920                PendSV_Handler
                0x0000000008001920                NMI_Handler
                0x0000000008001920                USB_HP_CAN_TX_IRQHandler
                0x0000000008001920                I2C2_EV_IRQHandler
                0x0000000008001920                UsageFault_Handler
                0x0000000008001920                ADC1_2_IRQHandler
                0x0000000008001920                SPI1_IRQHandler
                0x0000000008001920                CAN_SCE_IRQHandler
                0x0000000008001920                TAMPER_IRQHandler
                0x0000000008001920                TIM8_UP_IRQHandler
                0x0000000008001920                DMA2_Channel2_IRQHandler
                0x0000000008001920                DMA1_Channel4_IRQHandler
                0x0000000008001920                RTC_IRQHandler
                0x0000000008001920                DMA1_Channel7_IRQHandler
                0x0000000008001920                UART5_IRQHandler
                0x0000000008001920                ADC3_IRQHandler
                0x0000000008001920                TIM4_IRQHandler
                0x0000000008001920                CAN_RX1_IRQHandler
                0x0000000008001920                DMA2_Channel1_IRQHandler
                0x0000000008001920                I2C1_EV_IRQHandler
                0x0000000008001920                DMA1_Channel6_IRQHandler
                0x0000000008001920                UART4_IRQHandler
                0x0000000008001920                TIM3_IRQHandler
                0x0000000008001920                RCC_IRQHandler
                0x0000000008001920                TIM1_TRG_COM_IRQHandler
                0x0000000008001920                DMA1_Channel1_IRQHandler
                0x0000000008001920                Default_Handler
                0x0000000008001920                TIM7_IRQHandler
                0x0000000008001920                TIM5_IRQHandler
                0x0000000008001920                SPI2_IRQHandler
                0x0000000008001920                USB_LP_CAN_RX0_IRQHandler
                0x0000000008001920                MemManage_Handler
                0x0000000008001920                SVC_Handler
                0x0000000008001920                DMA1_Channel5_IRQHandler
                0x0000000008001920                DMA1_Channel3_IRQHandler
                0x0000000008001920                FSMC_IRQHandler
                0x0000000008001920                TIM1_UP_IRQHandler
                0x0000000008001920                WWDG_IRQHandler
                0x0000000008001920                TIM2_IRQHandler
                0x0000000008001920                TIM1_BRK_IRQHandler
                0x0000000008001920                RTCAlarm_IRQHandler
                0x0000000008001920                DMA2_Channel4_5_IRQHandler
                0x0000000008001920                I2C2_ER_IRQHandler
                0x0000000008001920                DMA1_Channel2_IRQHandler
                0x0000000008001920                TIM8_BRK_IRQHandler
                0x0000000008001920                FLASH_IRQHandler
                0x0000000008001920                BusFault_Handler
                0x0000000008001920                SPI3_IRQHandler
                0x0000000008001920                I2C1_ER_IRQHandler
                0x0000000008001920                DMA2_Channel3_IRQHandler
 *fill*         0x0000000008001922        0x2 
 .text.__errno  0x0000000008001924        0xc d:/programs/stm32cubeide_1.4.0/stm32cubeide/plugins/com.st.stm32cube.ide.mcu.externaltools.gnu-tools-for-stm32.7-2018-q2-update.win32_1.4.0.202007081208/tools/bin/../lib/gcc/arm-none-eabi/7.3.1/../../../../arm-none-eabi/lib/thumb/v7-m\libc_nano.a(lib_a-errno.o)
                0x0000000008001924                __errno
 .text.__libc_init_array
                0x0000000008001930       0x48 d:/programs/stm32cubeide_1.4.0/stm32cubeide/plugins/com.st.stm32cube.ide.mcu.externaltools.gnu-tools-for-stm32.7-2018-q2-update.win32_1.4.0.202007081208/tools/bin/../lib/gcc/arm-none-eabi/7.3.1/../../../../arm-none-eabi/lib/thumb/v7-m\libc_nano.a(lib_a-init.o)
                0x0000000008001930                __libc_init_array
 .text.pow      0x0000000008001978      0x2b8 d:/programs/stm32cubeide_1.4.0/stm32cubeide/plugins/com.st.stm32cube.ide.mcu.externaltools.gnu-tools-for-stm32.7-2018-q2-update.win32_1.4.0.202007081208/tools/bin/../lib/gcc/arm-none-eabi/7.3.1/../../../../arm-none-eabi/lib/thumb/v7-m\libm.a(lib_a-w_pow.o)
                0x0000000008001978                pow
 .text.__ieee754_pow
                0x0000000008001c30      0xa14 d:/programs/stm32cubeide_1.4.0/stm32cubeide/plugins/com.st.stm32cube.ide.mcu.externaltools.gnu-tools-for-stm32.7-2018-q2-update.win32_1.4.0.202007081208/tools/bin/../lib/gcc/arm-none-eabi/7.3.1/../../../../arm-none-eabi/lib/thumb/v7-m\libm.a(lib_a-e_pow.o)
                0x0000000008001c30                __ieee754_pow
 .text.__ieee754_sqrt
                0x0000000008002644      0x158 d:/programs/stm32cubeide_1.4.0/stm32cubeide/plugins/com.st.stm32cube.ide.mcu.externaltools.gnu-tools-for-stm32.7-2018-q2-update.win32_1.4.0.202007081208/tools/bin/../lib/gcc/arm-none-eabi/7.3.1/../../../../arm-none-eabi/lib/thumb/v7-m\libm.a(lib_a-e_sqrt.o)
                0x0000000008002644                __ieee754_sqrt
 .text.fabs     0x000000000800279c        0x8 d:/programs/stm32cubeide_1.4.0/stm32cubeide/plugins/com.st.stm32cube.ide.mcu.externaltools.gnu-tools-for-stm32.7-2018-q2-update.win32_1.4.0.202007081208/tools/bin/../lib/gcc/arm-none-eabi/7.3.1/../../../../arm-none-eabi/lib/thumb/v7-m\libm.a(lib_a-s_fabs.o)
                0x000000000800279c                fabs
 .text.finite   0x00000000080027a4        0xc d:/programs/stm32cubeide_1.4.0/stm32cubeide/plugins/com.st.stm32cube.ide.mcu.externaltools.gnu-tools-for-stm32.7-2018-q2-update.win32_1.4.0.202007081208/tools/bin/../lib/gcc/arm-none-eabi/7.3.1/../../../../arm-none-eabi/lib/thumb/v7-m\libm.a(lib_a-s_finite.o)
                0x00000000080027a4                finite
 .text.matherr  0x00000000080027b0        0x4 d:/programs/stm32cubeide_1.4.0/stm32cubeide/plugins/com.st.stm32cube.ide.mcu.externaltools.gnu-tools-for-stm32.7-2018-q2-update.win32_1.4.0.202007081208/tools/bin/../lib/gcc/arm-none-eabi/7.3.1/../../../../arm-none-eabi/lib/thumb/v7-m\libm.a(lib_a-s_matherr.o)
                0x00000000080027b0                matherr
 .text.nan      0x00000000080027b4        0xc d:/programs/stm32cubeide_1.4.0/stm32cubeide/plugins/com.st.stm32cube.ide.mcu.externaltools.gnu-tools-for-stm32.7-2018-q2-update.win32_1.4.0.202007081208/tools/bin/../lib/gcc/arm-none-eabi/7.3.1/../../../../arm-none-eabi/lib/thumb/v7-m\libm.a(lib_a-s_nan.o)
                0x00000000080027b4                nan
 .text.rint     0x00000000080027c0      0x114 d:/programs/stm32cubeide_1.4.0/stm32cubeide/plugins/com.st.stm32cube.ide.mcu.externaltools.gnu-tools-for-stm32.7-2018-q2-update.win32_1.4.0.202007081208/tools/bin/../lib/gcc/arm-none-eabi/7.3.1/../../../../arm-none-eabi/lib/thumb/v7-m\libm.a(lib_a-s_rint.o)
                0x00000000080027c0                rint
 *fill*         0x00000000080028d4        0x4 
 .text.scalbn   0x00000000080028d8       0xdc d:/programs/stm32cubeide_1.4.0/stm32cubeide/plugins/com.st.stm32cube.ide.mcu.externaltools.gnu-tools-for-stm32.7-2018-q2-update.win32_1.4.0.202007081208/tools/bin/../lib/gcc/arm-none-eabi/7.3.1/../../../../arm-none-eabi/lib/thumb/v7-m\libm.a(lib_a-s_scalbn.o)
                0x00000000080028d8                scalbn
 .text.copysign
                0x00000000080029b4       0x12 d:/programs/stm32cubeide_1.4.0/stm32cubeide/plugins/com.st.stm32cube.ide.mcu.externaltools.gnu-tools-for-stm32.7-2018-q2-update.win32_1.4.0.202007081208/tools/bin/../lib/gcc/arm-none-eabi/7.3.1/../../../../arm-none-eabi/lib/thumb/v7-m\libm.a(lib_a-s_copysign.o)
                0x00000000080029b4                copysign
 *(.glue_7)
 .glue_7        0x00000000080029c6        0x0 linker stubs
 *(.glue_7t)
 .glue_7t       0x00000000080029c6        0x0 linker stubs
 *(.eh_frame)
 *fill*         0x00000000080029c6        0x2 
 .eh_frame      0x00000000080029c8        0x0 d:/programs/stm32cubeide_1.4.0/stm32cubeide/plugins/com.st.stm32cube.ide.mcu.externaltools.gnu-tools-for-stm32.7-2018-q2-update.win32_1.4.0.202007081208/tools/bin/../lib/gcc/arm-none-eabi/7.3.1/thumb/v7-m/crtbegin.o
 *(.init)
 .init          0x00000000080029c8        0x4 d:/programs/stm32cubeide_1.4.0/stm32cubeide/plugins/com.st.stm32cube.ide.mcu.externaltools.gnu-tools-for-stm32.7-2018-q2-update.win32_1.4.0.202007081208/tools/bin/../lib/gcc/arm-none-eabi/7.3.1/thumb/v7-m/crti.o
                0x00000000080029c8                _init
 .init          0x00000000080029cc        0x8 d:/programs/stm32cubeide_1.4.0/stm32cubeide/plugins/com.st.stm32cube.ide.mcu.externaltools.gnu-tools-for-stm32.7-2018-q2-update.win32_1.4.0.202007081208/tools/bin/../lib/gcc/arm-none-eabi/7.3.1/thumb/v7-m/crtn.o
 *(.fini)
 .fini          0x00000000080029d4        0x4 d:/programs/stm32cubeide_1.4.0/stm32cubeide/plugins/com.st.stm32cube.ide.mcu.externaltools.gnu-tools-for-stm32.7-2018-q2-update.win32_1.4.0.202007081208/tools/bin/../lib/gcc/arm-none-eabi/7.3.1/thumb/v7-m/crti.o
                0x00000000080029d4                _fini
 .fini          0x00000000080029d8        0x8 d:/programs/stm32cubeide_1.4.0/stm32cubeide/plugins/com.st.stm32cube.ide.mcu.externaltools.gnu-tools-for-stm32.7-2018-q2-update.win32_1.4.0.202007081208/tools/bin/../lib/gcc/arm-none-eabi/7.3.1/thumb/v7-m/crtn.o
                0x00000000080029e0                . = ALIGN (0x4)
                0x00000000080029e0                _etext = .

.vfp11_veneer   0x00000000080029e0        0x0
 .vfp11_veneer  0x00000000080029e0        0x0 linker stubs

.v4_bx          0x00000000080029e0        0x0
 .v4_bx         0x00000000080029e0        0x0 linker stubs

.iplt           0x00000000080029e0        0x0
 .iplt          0x00000000080029e0        0x0 d:/programs/stm32cubeide_1.4.0/stm32cubeide/plugins/com.st.stm32cube.ide.mcu.externaltools.gnu-tools-for-stm32.7-2018-q2-update.win32_1.4.0.202007081208/tools/bin/../lib/gcc/arm-none-eabi/7.3.1/thumb/v7-m/crtbegin.o

.rodata         0x00000000080029e0       0x48
                0x00000000080029e0                . = ALIGN (0x4)
 *(.rodata)
 *(.rodata*)
 .rodata.pow.str1.1
                0x00000000080029e0        0x4 d:/programs/stm32cubeide_1.4.0/stm32cubeide/plugins/com.st.stm32cube.ide.mcu.externaltools.gnu-tools-for-stm32.7-2018-q2-update.win32_1.4.0.202007081208/tools/bin/../lib/gcc/arm-none-eabi/7.3.1/../../../../arm-none-eabi/lib/thumb/v7-m\libm.a(lib_a-w_pow.o)
 .rodata.__ieee754_pow.str1.1
                0x00000000080029e4        0x4 d:/programs/stm32cubeide_1.4.0/stm32cubeide/plugins/com.st.stm32cube.ide.mcu.externaltools.gnu-tools-for-stm32.7-2018-q2-update.win32_1.4.0.202007081208/tools/bin/../lib/gcc/arm-none-eabi/7.3.1/../../../../arm-none-eabi/lib/thumb/v7-m\libm.a(lib_a-e_pow.o)
                                          0x1 (size before relaxing)
 *fill*         0x00000000080029e4        0x4 
 .rodata.bp     0x00000000080029e8       0x10 d:/programs/stm32cubeide_1.4.0/stm32cubeide/plugins/com.st.stm32cube.ide.mcu.externaltools.gnu-tools-for-stm32.7-2018-q2-update.win32_1.4.0.202007081208/tools/bin/../lib/gcc/arm-none-eabi/7.3.1/../../../../arm-none-eabi/lib/thumb/v7-m\libm.a(lib_a-e_pow.o)
 .rodata.dp_h   0x00000000080029f8       0x10 d:/programs/stm32cubeide_1.4.0/stm32cubeide/plugins/com.st.stm32cube.ide.mcu.externaltools.gnu-tools-for-stm32.7-2018-q2-update.win32_1.4.0.202007081208/tools/bin/../lib/gcc/arm-none-eabi/7.3.1/../../../../arm-none-eabi/lib/thumb/v7-m\libm.a(lib_a-e_pow.o)
 .rodata.dp_l   0x0000000008002a08       0x10 d:/programs/stm32cubeide_1.4.0/stm32cubeide/plugins/com.st.stm32cube.ide.mcu.externaltools.gnu-tools-for-stm32.7-2018-q2-update.win32_1.4.0.202007081208/tools/bin/../lib/gcc/arm-none-eabi/7.3.1/../../../../arm-none-eabi/lib/thumb/v7-m\libm.a(lib_a-e_pow.o)
 .rodata.TWO52  0x0000000008002a18       0x10 d:/programs/stm32cubeide_1.4.0/stm32cubeide/plugins/com.st.stm32cube.ide.mcu.externaltools.gnu-tools-for-stm32.7-2018-q2-update.win32_1.4.0.202007081208/tools/bin/../lib/gcc/arm-none-eabi/7.3.1/../../../../arm-none-eabi/lib/thumb/v7-m\libm.a(lib_a-s_rint.o)
                0x0000000008002a28                . = ALIGN (0x4)

.rel.dyn        0x0000000008002a28        0x0
 .rel.iplt      0x0000000008002a28        0x0 d:/programs/stm32cubeide_1.4.0/stm32cubeide/plugins/com.st.stm32cube.ide.mcu.externaltools.gnu-tools-for-stm32.7-2018-q2-update.win32_1.4.0.202007081208/tools/bin/../lib/gcc/arm-none-eabi/7.3.1/thumb/v7-m/crtbegin.o

.ARM.extab      0x0000000008002a28        0x0
                0x0000000008002a28                . = ALIGN (0x4)
 *(.ARM.extab* .gnu.linkonce.armextab.*)
                0x0000000008002a28                . = ALIGN (0x4)

.ARM            0x0000000008002a28        0x0
                0x0000000008002a28                . = ALIGN (0x4)
                0x0000000008002a28                __exidx_start = .
 *(.ARM.exidx*)
                0x0000000008002a28                __exidx_end = .
                0x0000000008002a28                . = ALIGN (0x4)

.preinit_array  0x0000000008002a28        0x0
                0x0000000008002a28                . = ALIGN (0x4)
                0x0000000008002a28                PROVIDE (__preinit_array_start = .)
 *(.preinit_array*)
                0x0000000008002a28                PROVIDE (__preinit_array_end = .)
                0x0000000008002a28                . = ALIGN (0x4)

.init_array     0x0000000008002a28        0x4
                0x0000000008002a28                . = ALIGN (0x4)
                0x0000000008002a28                PROVIDE (__init_array_start = .)
 *(SORT_BY_NAME(.init_array.*))
 *(.init_array*)
 .init_array    0x0000000008002a28        0x4 d:/programs/stm32cubeide_1.4.0/stm32cubeide/plugins/com.st.stm32cube.ide.mcu.externaltools.gnu-tools-for-stm32.7-2018-q2-update.win32_1.4.0.202007081208/tools/bin/../lib/gcc/arm-none-eabi/7.3.1/thumb/v7-m/crtbegin.o
                0x0000000008002a2c                PROVIDE (__init_array_end = .)
                0x0000000008002a2c                . = ALIGN (0x4)

.fini_array     0x0000000008002a2c        0x4
                0x0000000008002a2c                . = ALIGN (0x4)
                [!provide]                        PROVIDE (__fini_array_start = .)
 *(SORT_BY_NAME(.fini_array.*))
 *(.fini_array*)
 .fini_array    0x0000000008002a2c        0x4 d:/programs/stm32cubeide_1.4.0/stm32cubeide/plugins/com.st.stm32cube.ide.mcu.externaltools.gnu-tools-for-stm32.7-2018-q2-update.win32_1.4.0.202007081208/tools/bin/../lib/gcc/arm-none-eabi/7.3.1/thumb/v7-m/crtbegin.o
                [!provide]                        PROVIDE (__fini_array_end = .)
                0x0000000008002a30                . = ALIGN (0x4)
                0x0000000008002a30                _sidata = LOADADDR (.data)

.data           0x0000000020000000       0x68 load address 0x0000000008002a30
                0x0000000020000000                . = ALIGN (0x4)
                0x0000000020000000                _sdata = .
 *(.data)
 *(.data*)
 .data._impure_ptr
                0x0000000020000000        0x4 d:/programs/stm32cubeide_1.4.0/stm32cubeide/plugins/com.st.stm32cube.ide.mcu.externaltools.gnu-tools-for-stm32.7-2018-q2-update.win32_1.4.0.202007081208/tools/bin/../lib/gcc/arm-none-eabi/7.3.1/../../../../arm-none-eabi/lib/thumb/v7-m\libc_nano.a(lib_a-impure.o)
                0x0000000020000000                _impure_ptr
 .data.impure_data
                0x0000000020000004       0x60 d:/programs/stm32cubeide_1.4.0/stm32cubeide/plugins/com.st.stm32cube.ide.mcu.externaltools.gnu-tools-for-stm32.7-2018-q2-update.win32_1.4.0.202007081208/tools/bin/../lib/gcc/arm-none-eabi/7.3.1/../../../../arm-none-eabi/lib/thumb/v7-m\libc_nano.a(lib_a-impure.o)
 .data.__fdlib_version
                0x0000000020000064        0x1 d:/programs/stm32cubeide_1.4.0/stm32cubeide/plugins/com.st.stm32cube.ide.mcu.externaltools.gnu-tools-for-stm32.7-2018-q2-update.win32_1.4.0.202007081208/tools/bin/../lib/gcc/arm-none-eabi/7.3.1/../../../../arm-none-eabi/lib/thumb/v7-m\libm.a(lib_a-s_lib_ver.o)
                0x0000000020000064                __fdlib_version
                0x0000000020000068                . = ALIGN (0x4)
 *fill*         0x0000000020000065        0x3 
                0x0000000020000068                _edata = .

.igot.plt       0x0000000020000068        0x0 load address 0x0000000008002a98
 .igot.plt      0x0000000020000068        0x0 d:/programs/stm32cubeide_1.4.0/stm32cubeide/plugins/com.st.stm32cube.ide.mcu.externaltools.gnu-tools-for-stm32.7-2018-q2-update.win32_1.4.0.202007081208/tools/bin/../lib/gcc/arm-none-eabi/7.3.1/thumb/v7-m/crtbegin.o
                0x0000000020000068                . = ALIGN (0x4)

.bss            0x0000000020000068       0xe4 load address 0x0000000008002a98
                0x0000000020000068                _sbss = .
                0x0000000020000068                __bss_start__ = _sbss
 *(.bss)
 .bss           0x0000000020000068       0x1c d:/programs/stm32cubeide_1.4.0/stm32cubeide/plugins/com.st.stm32cube.ide.mcu.externaltools.gnu-tools-for-stm32.7-2018-q2-update.win32_1.4.0.202007081208/tools/bin/../lib/gcc/arm-none-eabi/7.3.1/thumb/v7-m/crtbegin.o
 *(.bss*)
 .bss.p_IRQ_callback_USART1
                0x0000000020000084       0x2c STM32F103x6_Drivers/MCAL/USART/stm32f103x6_USART.o
 .bss.p_IRQ_callback_USART2
                0x00000000200000b0       0x2c STM32F103x6_Drivers/MCAL/USART/stm32f103x6_USART.o
 .bss.p_IRQ_callback_USART3
                0x00000000200000dc       0x2c STM32F103x6_Drivers/MCAL/USART/stm32f103x6_USART.o
 *(COMMON)
 COMMON         0x0000000020000108       0x40 STM32F103x6_Drivers/MCAL/EXTI/stm32f103x6_EXTI.o
                0x0000000020000108                GP_callback_func
 COMMON         0x0000000020000148        0x2 Src/main.o
                0x0000000020000148                buffer
                0x000000002000014c                . = ALIGN (0x4)
 *fill*         0x000000002000014a        0x2 
                0x000000002000014c                _ebss = .
                0x000000002000014c                __bss_end__ = _ebss

._user_heap_stack
                0x000000002000014c      0x604 load address 0x0000000008002a98
                0x0000000020000150                . = ALIGN (0x8)
 *fill*         0x000000002000014c        0x4 
                [!provide]                        PROVIDE (end = .)
                0x0000000020000150                PROVIDE (_end = .)
                0x0000000020000350                . = (. + _Min_Heap_Size)
 *fill*         0x0000000020000150      0x200 
                0x0000000020000750                . = (. + _Min_Stack_Size)
 *fill*         0x0000000020000350      0x400 
                0x0000000020000750                . = ALIGN (0x8)

/DISCARD/
 libc.a(*)
 libm.a(*)
 libgcc.a(*)

.ARM.attributes
                0x0000000000000000       0x29
 *(.ARM.attributes)
 .ARM.attributes
                0x0000000000000000       0x1d d:/programs/stm32cubeide_1.4.0/stm32cubeide/plugins/com.st.stm32cube.ide.mcu.externaltools.gnu-tools-for-stm32.7-2018-q2-update.win32_1.4.0.202007081208/tools/bin/../lib/gcc/arm-none-eabi/7.3.1/thumb/v7-m/crti.o
 .ARM.attributes
                0x000000000000001d       0x2d d:/programs/stm32cubeide_1.4.0/stm32cubeide/plugins/com.st.stm32cube.ide.mcu.externaltools.gnu-tools-for-stm32.7-2018-q2-update.win32_1.4.0.202007081208/tools/bin/../lib/gcc/arm-none-eabi/7.3.1/thumb/v7-m/crtbegin.o
 .ARM.attributes
                0x000000000000004a       0x33 STM32F103x6_Drivers/MCAL/EXTI/stm32f103x6_EXTI.o
 .ARM.attributes
                0x000000000000007d       0x33 STM32F103x6_Drivers/MCAL/GPIO/stm32f103x6_GPIO.o
 .ARM.attributes
                0x00000000000000b0       0x33 STM32F103x6_Drivers/MCAL/NVIC/stm32f103x6_NVIC.o
 .ARM.attributes
                0x00000000000000e3       0x33 STM32F103x6_Drivers/MCAL/RCC/stm32f103x6_RCC.o
 .ARM.attributes
                0x0000000000000116       0x33 STM32F103x6_Drivers/MCAL/USART/stm32f103x6_USART.o
 .ARM.attributes
                0x0000000000000149       0x33 Src/main.o
 .ARM.attributes
                0x000000000000017c       0x21 Startup/startup_stm32f103c6tx.o
 .ARM.attributes
                0x000000000000019d       0x2d d:/programs/stm32cubeide_1.4.0/stm32cubeide/plugins/com.st.stm32cube.ide.mcu.externaltools.gnu-tools-for-stm32.7-2018-q2-update.win32_1.4.0.202007081208/tools/bin/../lib/gcc/arm-none-eabi/7.3.1/../../../../arm-none-eabi/lib/thumb/v7-m\libc_nano.a(lib_a-errno.o)
 .ARM.attributes
                0x00000000000001ca       0x2d d:/programs/stm32cubeide_1.4.0/stm32cubeide/plugins/com.st.stm32cube.ide.mcu.externaltools.gnu-tools-for-stm32.7-2018-q2-update.win32_1.4.0.202007081208/tools/bin/../lib/gcc/arm-none-eabi/7.3.1/../../../../arm-none-eabi/lib/thumb/v7-m\libc_nano.a(lib_a-impure.o)
 .ARM.attributes
                0x00000000000001f7       0x2d d:/programs/stm32cubeide_1.4.0/stm32cubeide/plugins/com.st.stm32cube.ide.mcu.externaltools.gnu-tools-for-stm32.7-2018-q2-update.win32_1.4.0.202007081208/tools/bin/../lib/gcc/arm-none-eabi/7.3.1/../../../../arm-none-eabi/lib/thumb/v7-m\libc_nano.a(lib_a-init.o)
 .ARM.attributes
                0x0000000000000224       0x2d d:/programs/stm32cubeide_1.4.0/stm32cubeide/plugins/com.st.stm32cube.ide.mcu.externaltools.gnu-tools-for-stm32.7-2018-q2-update.win32_1.4.0.202007081208/tools/bin/../lib/gcc/arm-none-eabi/7.3.1/../../../../arm-none-eabi/lib/thumb/v7-m\libm.a(lib_a-w_pow.o)
 .ARM.attributes
                0x0000000000000251       0x2d d:/programs/stm32cubeide_1.4.0/stm32cubeide/plugins/com.st.stm32cube.ide.mcu.externaltools.gnu-tools-for-stm32.7-2018-q2-update.win32_1.4.0.202007081208/tools/bin/../lib/gcc/arm-none-eabi/7.3.1/../../../../arm-none-eabi/lib/thumb/v7-m\libm.a(lib_a-e_pow.o)
 .ARM.attributes
                0x000000000000027e       0x2d d:/programs/stm32cubeide_1.4.0/stm32cubeide/plugins/com.st.stm32cube.ide.mcu.externaltools.gnu-tools-for-stm32.7-2018-q2-update.win32_1.4.0.202007081208/tools/bin/../lib/gcc/arm-none-eabi/7.3.1/../../../../arm-none-eabi/lib/thumb/v7-m\libm.a(lib_a-e_sqrt.o)
 .ARM.attributes
                0x00000000000002ab       0x2d d:/programs/stm32cubeide_1.4.0/stm32cubeide/plugins/com.st.stm32cube.ide.mcu.externaltools.gnu-tools-for-stm32.7-2018-q2-update.win32_1.4.0.202007081208/tools/bin/../lib/gcc/arm-none-eabi/7.3.1/../../../../arm-none-eabi/lib/thumb/v7-m\libm.a(lib_a-s_fabs.o)
 .ARM.attributes
                0x00000000000002d8       0x2d d:/programs/stm32cubeide_1.4.0/stm32cubeide/plugins/com.st.stm32cube.ide.mcu.externaltools.gnu-tools-for-stm32.7-2018-q2-update.win32_1.4.0.202007081208/tools/bin/../lib/gcc/arm-none-eabi/7.3.1/../../../../arm-none-eabi/lib/thumb/v7-m\libm.a(lib_a-s_finite.o)
 .ARM.attributes
                0x0000000000000305       0x2d d:/programs/stm32cubeide_1.4.0/stm32cubeide/plugins/com.st.stm32cube.ide.mcu.externaltools.gnu-tools-for-stm32.7-2018-q2-update.win32_1.4.0.202007081208/tools/bin/../lib/gcc/arm-none-eabi/7.3.1/../../../../arm-none-eabi/lib/thumb/v7-m\libm.a(lib_a-s_lib_ver.o)
 .ARM.attributes
                0x0000000000000332       0x2d d:/programs/stm32cubeide_1.4.0/stm32cubeide/plugins/com.st.stm32cube.ide.mcu.externaltools.gnu-tools-for-stm32.7-2018-q2-update.win32_1.4.0.202007081208/tools/bin/../lib/gcc/arm-none-eabi/7.3.1/../../../../arm-none-eabi/lib/thumb/v7-m\libm.a(lib_a-s_matherr.o)
 .ARM.attributes
                0x000000000000035f       0x2d d:/programs/stm32cubeide_1.4.0/stm32cubeide/plugins/com.st.stm32cube.ide.mcu.externaltools.gnu-tools-for-stm32.7-2018-q2-update.win32_1.4.0.202007081208/tools/bin/../lib/gcc/arm-none-eabi/7.3.1/../../../../arm-none-eabi/lib/thumb/v7-m\libm.a(lib_a-s_nan.o)
 .ARM.attributes
                0x000000000000038c       0x2d d:/programs/stm32cubeide_1.4.0/stm32cubeide/plugins/com.st.stm32cube.ide.mcu.externaltools.gnu-tools-for-stm32.7-2018-q2-update.win32_1.4.0.202007081208/tools/bin/../lib/gcc/arm-none-eabi/7.3.1/../../../../arm-none-eabi/lib/thumb/v7-m\libm.a(lib_a-s_rint.o)
 .ARM.attributes
                0x00000000000003b9       0x2d d:/programs/stm32cubeide_1.4.0/stm32cubeide/plugins/com.st.stm32cube.ide.mcu.externaltools.gnu-tools-for-stm32.7-2018-q2-update.win32_1.4.0.202007081208/tools/bin/../lib/gcc/arm-none-eabi/7.3.1/../../../../arm-none-eabi/lib/thumb/v7-m\libm.a(lib_a-s_scalbn.o)
 .ARM.attributes
                0x00000000000003e6       0x2d d:/programs/stm32cubeide_1.4.0/stm32cubeide/plugins/com.st.stm32cube.ide.mcu.externaltools.gnu-tools-for-stm32.7-2018-q2-update.win32_1.4.0.202007081208/tools/bin/../lib/gcc/arm-none-eabi/7.3.1/../../../../arm-none-eabi/lib/thumb/v7-m\libm.a(lib_a-s_copysign.o)
 .ARM.attributes
                0x0000000000000413       0x1d d:/programs/stm32cubeide_1.4.0/stm32cubeide/plugins/com.st.stm32cube.ide.mcu.externaltools.gnu-tools-for-stm32.7-2018-q2-update.win32_1.4.0.202007081208/tools/bin/../lib/gcc/arm-none-eabi/7.3.1/thumb/v7-m\libgcc.a(_arm_addsubdf3.o)
 .ARM.attributes
                0x0000000000000430       0x1d d:/programs/stm32cubeide_1.4.0/stm32cubeide/plugins/com.st.stm32cube.ide.mcu.externaltools.gnu-tools-for-stm32.7-2018-q2-update.win32_1.4.0.202007081208/tools/bin/../lib/gcc/arm-none-eabi/7.3.1/thumb/v7-m\libgcc.a(_arm_muldivdf3.o)
 .ARM.attributes
                0x000000000000044d       0x1d d:/programs/stm32cubeide_1.4.0/stm32cubeide/plugins/com.st.stm32cube.ide.mcu.externaltools.gnu-tools-for-stm32.7-2018-q2-update.win32_1.4.0.202007081208/tools/bin/../lib/gcc/arm-none-eabi/7.3.1/thumb/v7-m\libgcc.a(_arm_cmpdf2.o)
 .ARM.attributes
                0x000000000000046a       0x1d d:/programs/stm32cubeide_1.4.0/stm32cubeide/plugins/com.st.stm32cube.ide.mcu.externaltools.gnu-tools-for-stm32.7-2018-q2-update.win32_1.4.0.202007081208/tools/bin/../lib/gcc/arm-none-eabi/7.3.1/thumb/v7-m\libgcc.a(_arm_unorddf2.o)
 .ARM.attributes
                0x0000000000000487       0x1d d:/programs/stm32cubeide_1.4.0/stm32cubeide/plugins/com.st.stm32cube.ide.mcu.externaltools.gnu-tools-for-stm32.7-2018-q2-update.win32_1.4.0.202007081208/tools/bin/../lib/gcc/arm-none-eabi/7.3.1/thumb/v7-m\libgcc.a(_arm_fixunsdfsi.o)
 .ARM.attributes
                0x00000000000004a4       0x1d d:/programs/stm32cubeide_1.4.0/stm32cubeide/plugins/com.st.stm32cube.ide.mcu.externaltools.gnu-tools-for-stm32.7-2018-q2-update.win32_1.4.0.202007081208/tools/bin/../lib/gcc/arm-none-eabi/7.3.1/thumb/v7-m/crtn.o
OUTPUT(Drivers_Test.elf elf32-littlearm)

.debug_info     0x0000000000000000     0x315f
 .debug_info    0x0000000000000000      0x3e5 STM32F103x6_Drivers/MCAL/EXTI/stm32f103x6_EXTI.o
 .debug_info    0x00000000000003e5      0x465 STM32F103x6_Drivers/MCAL/GPIO/stm32f103x6_GPIO.o
 .debug_info    0x000000000000084a      0x289 STM32F103x6_Drivers/MCAL/NVIC/stm32f103x6_NVIC.o
 .debug_info    0x0000000000000ad3      0xb3a STM32F103x6_Drivers/MCAL/RCC/stm32f103x6_RCC.o
 .debug_info    0x000000000000160d      0xedc STM32F103x6_Drivers/MCAL/USART/stm32f103x6_USART.o
 .debug_info    0x00000000000024e9      0xc54 Src/main.o
 .debug_info    0x000000000000313d       0x22 Startup/startup_stm32f103c6tx.o

.debug_abbrev   0x0000000000000000      0x871
 .debug_abbrev  0x0000000000000000      0x114 STM32F103x6_Drivers/MCAL/EXTI/stm32f103x6_EXTI.o
 .debug_abbrev  0x0000000000000114       0xc0 STM32F103x6_Drivers/MCAL/GPIO/stm32f103x6_GPIO.o
 .debug_abbrev  0x00000000000001d4       0x9d STM32F103x6_Drivers/MCAL/NVIC/stm32f103x6_NVIC.o
 .debug_abbrev  0x0000000000000271      0x1af STM32F103x6_Drivers/MCAL/RCC/stm32f103x6_RCC.o
 .debug_abbrev  0x0000000000000420      0x233 STM32F103x6_Drivers/MCAL/USART/stm32f103x6_USART.o
 .debug_abbrev  0x0000000000000653      0x20c Src/main.o
 .debug_abbrev  0x000000000000085f       0x12 Startup/startup_stm32f103c6tx.o

.debug_loc      0x0000000000000000      0xe50
 .debug_loc     0x0000000000000000      0x250 STM32F103x6_Drivers/MCAL/EXTI/stm32f103x6_EXTI.o
 .debug_loc     0x0000000000000250      0x33c STM32F103x6_Drivers/MCAL/GPIO/stm32f103x6_GPIO.o
 .debug_loc     0x000000000000058c      0x2e0 STM32F103x6_Drivers/MCAL/NVIC/stm32f103x6_NVIC.o
 .debug_loc     0x000000000000086c      0x134 STM32F103x6_Drivers/MCAL/RCC/stm32f103x6_RCC.o
 .debug_loc     0x00000000000009a0      0x3ac STM32F103x6_Drivers/MCAL/USART/stm32f103x6_USART.o
 .debug_loc     0x0000000000000d4c      0x104 Src/main.o

.debug_aranges  0x0000000000000000      0x230
 .debug_aranges
                0x0000000000000000       0x70 STM32F103x6_Drivers/MCAL/EXTI/stm32f103x6_EXTI.o
 .debug_aranges
                0x0000000000000070       0x60 STM32F103x6_Drivers/MCAL/GPIO/stm32f103x6_GPIO.o
 .debug_aranges
                0x00000000000000d0       0x58 STM32F103x6_Drivers/MCAL/NVIC/stm32f103x6_NVIC.o
 .debug_aranges
                0x0000000000000128       0x38 STM32F103x6_Drivers/MCAL/RCC/stm32f103x6_RCC.o
 .debug_aranges
                0x0000000000000160       0x70 STM32F103x6_Drivers/MCAL/USART/stm32f103x6_USART.o
 .debug_aranges
                0x00000000000001d0       0x38 Src/main.o
 .debug_aranges
                0x0000000000000208       0x28 Startup/startup_stm32f103c6tx.o

.debug_ranges   0x0000000000000000      0x1c8
 .debug_ranges  0x0000000000000000       0x60 STM32F103x6_Drivers/MCAL/EXTI/stm32f103x6_EXTI.o
 .debug_ranges  0x0000000000000060       0x50 STM32F103x6_Drivers/MCAL/GPIO/stm32f103x6_GPIO.o
 .debug_ranges  0x00000000000000b0       0x48 STM32F103x6_Drivers/MCAL/NVIC/stm32f103x6_NVIC.o
 .debug_ranges  0x00000000000000f8       0x28 STM32F103x6_Drivers/MCAL/RCC/stm32f103x6_RCC.o
 .debug_ranges  0x0000000000000120       0x60 STM32F103x6_Drivers/MCAL/USART/stm32f103x6_USART.o
 .debug_ranges  0x0000000000000180       0x28 Src/main.o
 .debug_ranges  0x00000000000001a8       0x20 Startup/startup_stm32f103c6tx.o

.debug_macro    0x0000000000000000     0x1e56
 .debug_macro   0x0000000000000000       0x5c STM32F103x6_Drivers/MCAL/EXTI/stm32f103x6_EXTI.o
 .debug_macro   0x000000000000005c       0x88 STM32F103x6_Drivers/MCAL/EXTI/stm32f103x6_EXTI.o
 .debug_macro   0x00000000000000e4      0x1d2 STM32F103x6_Drivers/MCAL/EXTI/stm32f103x6_EXTI.o
 .debug_macro   0x00000000000002b6      0x29c STM32F103x6_Drivers/MCAL/EXTI/stm32f103x6_EXTI.o
 .debug_macro   0x0000000000000552       0x41 STM32F103x6_Drivers/MCAL/GPIO/stm32f103x6_GPIO.o
 .debug_macro   0x0000000000000593       0xe2 STM32F103x6_Drivers/MCAL/GPIO/stm32f103x6_GPIO.o
 .debug_macro   0x0000000000000675       0x41 STM32F103x6_Drivers/MCAL/NVIC/stm32f103x6_NVIC.o
 .debug_macro   0x00000000000006b6      0x1cc STM32F103x6_Drivers/MCAL/NVIC/stm32f103x6_NVIC.o
 .debug_macro   0x0000000000000882      0x120 STM32F103x6_Drivers/MCAL/RCC/stm32f103x6_RCC.o
 .debug_macro   0x00000000000009a2       0x22 STM32F103x6_Drivers/MCAL/RCC/stm32f103x6_RCC.o
 .debug_macro   0x00000000000009c4       0x40 STM32F103x6_Drivers/MCAL/RCC/stm32f103x6_RCC.o
 .debug_macro   0x0000000000000a04       0x18 STM32F103x6_Drivers/MCAL/RCC/stm32f103x6_RCC.o
 .debug_macro   0x0000000000000a1c       0x94 STM32F103x6_Drivers/MCAL/RCC/stm32f103x6_RCC.o
 .debug_macro   0x0000000000000ab0       0x3c STM32F103x6_Drivers/MCAL/RCC/stm32f103x6_RCC.o
 .debug_macro   0x0000000000000aec       0x34 STM32F103x6_Drivers/MCAL/RCC/stm32f103x6_RCC.o
 .debug_macro   0x0000000000000b20      0x174 STM32F103x6_Drivers/MCAL/RCC/stm32f103x6_RCC.o
 .debug_macro   0x0000000000000c94       0x57 STM32F103x6_Drivers/MCAL/RCC/stm32f103x6_RCC.o
 .debug_macro   0x0000000000000ceb       0x52 STM32F103x6_Drivers/MCAL/RCC/stm32f103x6_RCC.o
 .debug_macro   0x0000000000000d3d       0x1f STM32F103x6_Drivers/MCAL/RCC/stm32f103x6_RCC.o
 .debug_macro   0x0000000000000d5c       0x43 STM32F103x6_Drivers/MCAL/RCC/stm32f103x6_RCC.o
 .debug_macro   0x0000000000000d9f       0x20 STM32F103x6_Drivers/MCAL/RCC/stm32f103x6_RCC.o
 .debug_macro   0x0000000000000dbf      0x1a3 STM32F103x6_Drivers/MCAL/RCC/stm32f103x6_RCC.o
 .debug_macro   0x0000000000000f62      0x330 STM32F103x6_Drivers/MCAL/RCC/stm32f103x6_RCC.o
 .debug_macro   0x0000000000001292      0x1e1 STM32F103x6_Drivers/MCAL/RCC/stm32f103x6_RCC.o
 .debug_macro   0x0000000000001473       0x10 STM32F103x6_Drivers/MCAL/RCC/stm32f103x6_RCC.o
 .debug_macro   0x0000000000001483      0x12f STM32F103x6_Drivers/MCAL/USART/stm32f103x6_USART.o
 .debug_macro   0x00000000000015b2      0x1d1 STM32F103x6_Drivers/MCAL/USART/stm32f103x6_USART.o
 .debug_macro   0x0000000000001783      0x144 Src/main.o
 .debug_macro   0x00000000000018c7       0xbe Src/main.o
 .debug_macro   0x0000000000001985       0x58 Src/main.o
 .debug_macro   0x00000000000019dd      0x2a2 Src/main.o
 .debug_macro   0x0000000000001c7f      0x1d7 Src/main.o

.debug_line     0x0000000000000000     0x2306
 .debug_line    0x0000000000000000      0x3d9 STM32F103x6_Drivers/MCAL/EXTI/stm32f103x6_EXTI.o
 .debug_line    0x00000000000003d9      0x230 STM32F103x6_Drivers/MCAL/GPIO/stm32f103x6_GPIO.o
 .debug_line    0x0000000000000609      0x1e1 STM32F103x6_Drivers/MCAL/NVIC/stm32f103x6_NVIC.o
 .debug_line    0x00000000000007ea      0x75c STM32F103x6_Drivers/MCAL/RCC/stm32f103x6_RCC.o
 .debug_line    0x0000000000000f46      0x9fc STM32F103x6_Drivers/MCAL/USART/stm32f103x6_USART.o
 .debug_line    0x0000000000001942      0x940 Src/main.o
 .debug_line    0x0000000000002282       0x84 Startup/startup_stm32f103c6tx.o

.debug_str      0x0000000000000000     0xbcdd
 .debug_str     0x0000000000000000     0x6d06 STM32F103x6_Drivers/MCAL/EXTI/stm32f103x6_EXTI.o
                                       0x6db2 (size before relaxing)
 .debug_str     0x0000000000006d06      0x151 STM32F103x6_Drivers/MCAL/GPIO/stm32f103x6_GPIO.o
                                       0x4285 (size before relaxing)
 .debug_str     0x0000000000006e57      0x104 STM32F103x6_Drivers/MCAL/NVIC/stm32f103x6_NVIC.o
                                       0x460f (size before relaxing)
 .debug_str     0x0000000000006f5b     0x3e16 STM32F103x6_Drivers/MCAL/RCC/stm32f103x6_RCC.o
                                       0x897a (size before relaxing)
 .debug_str     0x000000000000ad71      0xa92 STM32F103x6_Drivers/MCAL/USART/stm32f103x6_USART.o
                                       0x93b8 (size before relaxing)
 .debug_str     0x000000000000b803      0x4a9 Src/main.o
                                       0xb84e (size before relaxing)
 .debug_str     0x000000000000bcac       0x31 Startup/startup_stm32f103c6tx.o
                                         0x6f (size before relaxing)

.comment        0x0000000000000000       0x7b
 .comment       0x0000000000000000       0x7b STM32F103x6_Drivers/MCAL/EXTI/stm32f103x6_EXTI.o
                                         0x7c (size before relaxing)
 .comment       0x000000000000007b       0x7c STM32F103x6_Drivers/MCAL/GPIO/stm32f103x6_GPIO.o
 .comment       0x000000000000007b       0x7c STM32F103x6_Drivers/MCAL/NVIC/stm32f103x6_NVIC.o
 .comment       0x000000000000007b       0x7c STM32F103x6_Drivers/MCAL/RCC/stm32f103x6_RCC.o
 .comment       0x000000000000007b       0x7c STM32F103x6_Drivers/MCAL/USART/stm32f103x6_USART.o
 .comment       0x000000000000007b       0x7c Src/main.o

.debug_frame    0x0000000000000000      0xb48
 .debug_frame   0x0000000000000000      0x15c STM32F103x6_Drivers/MCAL/EXTI/stm32f103x6_EXTI.o
 .debug_frame   0x000000000000015c      0x178 STM32F103x6_Drivers/MCAL/GPIO/stm32f103x6_GPIO.o
 .debug_frame   0x00000000000002d4      0x150 STM32F103x6_Drivers/MCAL/NVIC/stm32f103x6_NVIC.o
 .debug_frame   0x0000000000000424       0xa8 STM32F103x6_Drivers/MCAL/RCC/stm32f103x6_RCC.o
 .debug_frame   0x00000000000004cc      0x1b4 STM32F103x6_Drivers/MCAL/USART/stm32f103x6_USART.o
 .debug_frame   0x0000000000000680       0x94 Src/main.o
 .debug_frame   0x0000000000000714       0x20 d:/programs/stm32cubeide_1.4.0/stm32cubeide/plugins/com.st.stm32cube.ide.mcu.externaltools.gnu-tools-for-stm32.7-2018-q2-update.win32_1.4.0.202007081208/tools/bin/../lib/gcc/arm-none-eabi/7.3.1/../../../../arm-none-eabi/lib/thumb/v7-m\libc_nano.a(lib_a-errno.o)
 .debug_frame   0x0000000000000734       0x2c d:/programs/stm32cubeide_1.4.0/stm32cubeide/plugins/com.st.stm32cube.ide.mcu.externaltools.gnu-tools-for-stm32.7-2018-q2-update.win32_1.4.0.202007081208/tools/bin/../lib/gcc/arm-none-eabi/7.3.1/../../../../arm-none-eabi/lib/thumb/v7-m\libc_nano.a(lib_a-init.o)
 .debug_frame   0x0000000000000760       0x40 d:/programs/stm32cubeide_1.4.0/stm32cubeide/plugins/com.st.stm32cube.ide.mcu.externaltools.gnu-tools-for-stm32.7-2018-q2-update.win32_1.4.0.202007081208/tools/bin/../lib/gcc/arm-none-eabi/7.3.1/../../../../arm-none-eabi/lib/thumb/v7-m\libm.a(lib_a-w_pow.o)
 .debug_frame   0x00000000000007a0       0x64 d:/programs/stm32cubeide_1.4.0/stm32cubeide/plugins/com.st.stm32cube.ide.mcu.externaltools.gnu-tools-for-stm32.7-2018-q2-update.win32_1.4.0.202007081208/tools/bin/../lib/gcc/arm-none-eabi/7.3.1/../../../../arm-none-eabi/lib/thumb/v7-m\libm.a(lib_a-e_pow.o)
 .debug_frame   0x0000000000000804       0x30 d:/programs/stm32cubeide_1.4.0/stm32cubeide/plugins/com.st.stm32cube.ide.mcu.externaltools.gnu-tools-for-stm32.7-2018-q2-update.win32_1.4.0.202007081208/tools/bin/../lib/gcc/arm-none-eabi/7.3.1/../../../../arm-none-eabi/lib/thumb/v7-m\libm.a(lib_a-e_sqrt.o)
 .debug_frame   0x0000000000000834       0x20 d:/programs/stm32cubeide_1.4.0/stm32cubeide/plugins/com.st.stm32cube.ide.mcu.externaltools.gnu-tools-for-stm32.7-2018-q2-update.win32_1.4.0.202007081208/tools/bin/../lib/gcc/arm-none-eabi/7.3.1/../../../../arm-none-eabi/lib/thumb/v7-m\libm.a(lib_a-s_fabs.o)
 .debug_frame   0x0000000000000854       0x20 d:/programs/stm32cubeide_1.4.0/stm32cubeide/plugins/com.st.stm32cube.ide.mcu.externaltools.gnu-tools-for-stm32.7-2018-q2-update.win32_1.4.0.202007081208/tools/bin/../lib/gcc/arm-none-eabi/7.3.1/../../../../arm-none-eabi/lib/thumb/v7-m\libm.a(lib_a-s_finite.o)
 .debug_frame   0x0000000000000874       0x20 d:/programs/stm32cubeide_1.4.0/stm32cubeide/plugins/com.st.stm32cube.ide.mcu.externaltools.gnu-tools-for-stm32.7-2018-q2-update.win32_1.4.0.202007081208/tools/bin/../lib/gcc/arm-none-eabi/7.3.1/../../../../arm-none-eabi/lib/thumb/v7-m\libm.a(lib_a-s_matherr.o)
 .debug_frame   0x0000000000000894       0x20 d:/programs/stm32cubeide_1.4.0/stm32cubeide/plugins/com.st.stm32cube.ide.mcu.externaltools.gnu-tools-for-stm32.7-2018-q2-update.win32_1.4.0.202007081208/tools/bin/../lib/gcc/arm-none-eabi/7.3.1/../../../../arm-none-eabi/lib/thumb/v7-m\libm.a(lib_a-s_nan.o)
 .debug_frame   0x00000000000008b4       0x34 d:/programs/stm32cubeide_1.4.0/stm32cubeide/plugins/com.st.stm32cube.ide.mcu.externaltools.gnu-tools-for-stm32.7-2018-q2-update.win32_1.4.0.202007081208/tools/bin/../lib/gcc/arm-none-eabi/7.3.1/../../../../arm-none-eabi/lib/thumb/v7-m\libm.a(lib_a-s_rint.o)
 .debug_frame   0x00000000000008e8       0x30 d:/programs/stm32cubeide_1.4.0/stm32cubeide/plugins/com.st.stm32cube.ide.mcu.externaltools.gnu-tools-for-stm32.7-2018-q2-update.win32_1.4.0.202007081208/tools/bin/../lib/gcc/arm-none-eabi/7.3.1/../../../../arm-none-eabi/lib/thumb/v7-m\libm.a(lib_a-s_scalbn.o)
 .debug_frame   0x0000000000000918       0x2c d:/programs/stm32cubeide_1.4.0/stm32cubeide/plugins/com.st.stm32cube.ide.mcu.externaltools.gnu-tools-for-stm32.7-2018-q2-update.win32_1.4.0.202007081208/tools/bin/../lib/gcc/arm-none-eabi/7.3.1/../../../../arm-none-eabi/lib/thumb/v7-m\libm.a(lib_a-s_copysign.o)
 .debug_frame   0x0000000000000944       0xac d:/programs/stm32cubeide_1.4.0/stm32cubeide/plugins/com.st.stm32cube.ide.mcu.externaltools.gnu-tools-for-stm32.7-2018-q2-update.win32_1.4.0.202007081208/tools/bin/../lib/gcc/arm-none-eabi/7.3.1/thumb/v7-m\libgcc.a(_arm_addsubdf3.o)
 .debug_frame   0x00000000000009f0       0x50 d:/programs/stm32cubeide_1.4.0/stm32cubeide/plugins/com.st.stm32cube.ide.mcu.externaltools.gnu-tools-for-stm32.7-2018-q2-update.win32_1.4.0.202007081208/tools/bin/../lib/gcc/arm-none-eabi/7.3.1/thumb/v7-m\libgcc.a(_arm_muldivdf3.o)
 .debug_frame   0x0000000000000a40       0xc4 d:/programs/stm32cubeide_1.4.0/stm32cubeide/plugins/com.st.stm32cube.ide.mcu.externaltools.gnu-tools-for-stm32.7-2018-q2-update.win32_1.4.0.202007081208/tools/bin/../lib/gcc/arm-none-eabi/7.3.1/thumb/v7-m\libgcc.a(_arm_cmpdf2.o)
 .debug_frame   0x0000000000000b04       0x20 d:/programs/stm32cubeide_1.4.0/stm32cubeide/plugins/com.st.stm32cube.ide.mcu.externaltools.gnu-tools-for-stm32.7-2018-q2-update.win32_1.4.0.202007081208/tools/bin/../lib/gcc/arm-none-eabi/7.3.1/thumb/v7-m\libgcc.a(_arm_unorddf2.o)
 .debug_frame   0x0000000000000b24       0x24 d:/programs/stm32cubeide_1.4.0/stm32cubeide/plugins/com.st.stm32cube.ide.mcu.externaltools.gnu-tools-for-stm32.7-2018-q2-update.win32_1.4.0.202007081208/tools/bin/../lib/gcc/arm-none-eabi/7.3.1/thumb/v7-m\libgcc.a(_arm_fixunsdfsi.o)
