
Allocating common symbols
Common symbol       size              file

stack_top           0x400             startup.o

Memory Configuration

Name             Origin             Length             Attributes
flash            0x0000000000000000 0x0000000020000000 xr
sram             0x0000000020000000 0x0000000020000000 xrw
*default*        0x0000000000000000 0xffffffffffffffff

Linker script and memory map


.text           0x0000000000000000      0x154
 *.o(.vectors)
 .vectors       0x0000000000000000       0x14 startup.o
                0x0000000000000000                vectors
 *.o(.text)
 .text          0x0000000000000014       0x88 main.o
                0x0000000000000014                main
 .text          0x000000000000009c       0xb8 startup.o
                0x000000000000009c                data_to_ram
                0x00000000000000f0                bss_init
                0x0000000000000134                Reset_Handler
                0x0000000000000148                Default_Handler
                0x0000000000000148                MM_fault_Handler
                0x0000000000000148                H_fault_Handler
                0x0000000000000148                NMI_Handler
 *.o(.rodata)
                0x0000000000000154                _E_text = .

.glue_7         0x0000000000000154        0x0
 .glue_7        0x0000000000000154        0x0 linker stubs

.glue_7t        0x0000000000000154        0x0
 .glue_7t       0x0000000000000154        0x0 linker stubs

.vfp11_veneer   0x0000000000000154        0x0
 .vfp11_veneer  0x0000000000000154        0x0 linker stubs

.v4_bx          0x0000000000000154        0x0
 .v4_bx         0x0000000000000154        0x0 linker stubs

.iplt           0x0000000000000154        0x0
 .iplt          0x0000000000000154        0x0 main.o

.rel.dyn        0x0000000000000154        0x0
 .rel.iplt      0x0000000000000154        0x0 main.o

.data           0x0000000020000000        0x0 load address 0x0000000000000154
                0x0000000020000000                _S_data = .
 *.o(.data)
 .data          0x0000000020000000        0x0 main.o
 .data          0x0000000020000000        0x0 startup.o
                0x0000000020000000                _E_data = .

.igot.plt       0x0000000020000000        0x0 load address 0x0000000000000154
 .igot.plt      0x0000000020000000        0x0 main.o

.bss            0x0000000020000000      0x400 load address 0x0000000000000154
                0x0000000020000000                _S_bss = .
 *(.bss)
 .bss           0x0000000020000000        0x0 main.o
 .bss           0x0000000020000000        0x0 startup.o
 *(COMMON)
 COMMON         0x0000000020000000      0x400 startup.o
                0x0000000020000000                stack_top
                0x0000000020000400                _E_bss = .
LOAD main.o
LOAD startup.o
OUTPUT(Unit3_Lab4_cortexM4.elf elf32-littlearm)

.debug_info     0x0000000000000000      0x26f
 .debug_info    0x0000000000000000       0x71 main.o
 .debug_info    0x0000000000000071      0x1fe startup.o

.debug_abbrev   0x0000000000000000      0x14b
 .debug_abbrev  0x0000000000000000       0x69 main.o
 .debug_abbrev  0x0000000000000069       0xe2 startup.o

.debug_loc      0x0000000000000000      0x148
 .debug_loc     0x0000000000000000       0x38 main.o
 .debug_loc     0x0000000000000038      0x110 startup.o

.debug_aranges  0x0000000000000000       0x40
 .debug_aranges
                0x0000000000000000       0x20 main.o
 .debug_aranges
                0x0000000000000020       0x20 startup.o

.debug_line     0x0000000000000000      0x259
 .debug_line    0x0000000000000000       0x55 main.o
 .debug_line    0x0000000000000055      0x204 startup.o

.debug_str      0x0000000000000000      0x1e6
 .debug_str     0x0000000000000000       0xe3 main.o
                                         0xf5 (size before relaxing)
 .debug_str     0x00000000000000e3      0x103 startup.o
                                        0x221 (size before relaxing)

.comment        0x0000000000000000       0x7b
 .comment       0x0000000000000000       0x7b main.o
                                         0x7c (size before relaxing)
 .comment       0x000000000000007b       0x7c startup.o

.ARM.attributes
                0x0000000000000000       0x33
 .ARM.attributes
                0x0000000000000000       0x33 main.o
 .ARM.attributes
                0x0000000000000033       0x33 startup.o

.debug_frame    0x0000000000000000       0xc4
 .debug_frame   0x0000000000000000       0x2c main.o
 .debug_frame   0x000000000000002c       0x98 startup.o
