
Allocating common symbols
Common symbol       size              file

x                   0x190             main.o

Memory Configuration

Name             Origin             Length             Attributes
flash            0x0000000008000000 0x0000000000020000 xr
sram             0x0000000020000000 0x0000000000005000 xrw
*default*        0x0000000000000000 0xffffffffffffffff

Linker script and memory map


.text           0x0000000008000000      0x158
 *(.vectors)
 .vectors       0x0000000008000000       0x1c startup.o
                0x0000000008000000                vectors
 *.o(.text)
 .text          0x000000000800001c       0x88 main.o
                0x000000000800001c                NMI_Handler
                0x0000000008000028                main
 .text          0x00000000080000a4       0xb4 startup.o
                0x00000000080000a4                bss_init
                0x00000000080000e8                data_to_ram
                0x0000000008000138                Reset_Handler
                0x000000000800014c                Usage_fault_Handler
                0x000000000800014c                Default_Handler
                0x000000000800014c                MM_fault_Handler
                0x000000000800014c                H_fault_Handler
                0x000000000800014c                Bus_fault
 *.o(.rodata)
                0x0000000008000158                _E_text = .

.glue_7         0x0000000008000158        0x0
 .glue_7        0x0000000008000158        0x0 linker stubs

.glue_7t        0x0000000008000158        0x0
 .glue_7t       0x0000000008000158        0x0 linker stubs

.vfp11_veneer   0x0000000008000158        0x0
 .vfp11_veneer  0x0000000008000158        0x0 linker stubs

.v4_bx          0x0000000008000158        0x0
 .v4_bx         0x0000000008000158        0x0 linker stubs

.iplt           0x0000000008000158        0x0
 .iplt          0x0000000008000158        0x0 main.o

.rel.dyn        0x0000000008000158        0x0
 .rel.iplt      0x0000000008000158        0x0 main.o

.data           0x0000000020000000       0x10 load address 0x0000000008000158
                0x0000000020000000                _S_DATA = .
 *.o(.data)
 .data          0x0000000020000000        0xf main.o
                0x0000000020000000                R_ODR
                0x0000000020000004                name
 .data          0x000000002000000f        0x0 startup.o
                0x0000000020000010                . = ALIGN (0x4)
 *fill*         0x000000002000000f        0x1 
                0x0000000020000010                _E_DATA = .

.igot.plt       0x0000000020000010        0x0 load address 0x0000000008000168
 .igot.plt      0x0000000020000010        0x0 main.o

.bss            0x0000000020000010     0x1190 load address 0x0000000008000168
                0x0000000020000010                _S_bss = .
 *.o(.bss)
 .bss           0x0000000020000010        0x0 main.o
 .bss           0x0000000020000010        0x0 startup.o
 *(COMMON)
 COMMON         0x0000000020000010      0x190 main.o
                0x0000000020000010                x
                0x00000000200001a0                _E_bss = .
                0x00000000200011a0                . = (. + 0x1000)
 *fill*         0x00000000200001a0     0x1000 
                0x00000000200011a0                _stack_top = .
LOAD main.o
LOAD startup.o
OUTPUT(Toggle_LED_cortexM3.elf elf32-littlearm)

.debug_info     0x0000000000000000      0x38a
 .debug_info    0x0000000000000000      0x1ae main.o
 .debug_info    0x00000000000001ae      0x1dc startup.o

.debug_abbrev   0x0000000000000000      0x1f4
 .debug_abbrev  0x0000000000000000      0x113 main.o
 .debug_abbrev  0x0000000000000113       0xe1 startup.o

.debug_loc      0x0000000000000000      0x18c
 .debug_loc     0x0000000000000000       0x7c main.o
 .debug_loc     0x000000000000007c      0x110 startup.o

.debug_aranges  0x0000000000000000       0x40
 .debug_aranges
                0x0000000000000000       0x20 main.o
 .debug_aranges
                0x0000000000000020       0x20 startup.o

.debug_line     0x0000000000000000      0x3f2
 .debug_line    0x0000000000000000      0x1ee main.o
 .debug_line    0x00000000000001ee      0x204 startup.o

.debug_str      0x0000000000000000      0x201
 .debug_str     0x0000000000000000      0x167 main.o
                                        0x1a9 (size before relaxing)
 .debug_str     0x0000000000000167       0x9a startup.o
                                        0x208 (size before relaxing)

.comment        0x0000000000000000       0x7b
 .comment       0x0000000000000000       0x7b main.o
                                         0x7c (size before relaxing)
 .comment       0x000000000000007b       0x7c startup.o

.ARM.attributes
                0x0000000000000000       0x33
 .ARM.attributes
                0x0000000000000000       0x33 main.o
 .ARM.attributes
                0x0000000000000033       0x33 startup.o

.debug_frame    0x0000000000000000       0xe4
 .debug_frame   0x0000000000000000       0x4c main.o
 .debug_frame   0x000000000000004c       0x98 startup.o
